2023-08-21 18:28:23 INFO  Demo:14 – Url is Openened
2023-08-21 18:28:23 INFO  Demo:19 – UserName Passed
2023-08-21 18:28:23 INFO  Demo:22 – Password Passed
2023-08-21 18:28:24 INFO  Demo:28 – Test Passed
2023-08-21 22:30:24 INFO  Demo:14 – Url is Openened
2023-08-21 22:30:24 INFO  Demo:19 – UserName Passed
2023-08-21 22:30:24 INFO  Demo:22 – Password Passed
2023-08-21 22:30:26 INFO  Demo:28 – Test Passed
2023-08-22 22:26:24 INFO  Demo:14 – Url is Openened
2023-08-22 22:26:24 INFO  Demo:19 – UserName Passed
2023-08-22 22:26:24 INFO  Demo:22 – Password Passed
2023-08-22 22:26:25 INFO  Demo:28 – Test Passed
2023-08-22 22:26:26 DEBUG cache:45 – Couldn't find template in cache for "spark/spark.spa.ftl"("en_IN", UTF-8, parsed); will try to load it.
2023-08-22 22:26:26 DEBUG cache:45 – TemplateLoader.findTemplateSource("spark/spark.spa_en_IN.ftl"): Not found
2023-08-22 22:26:26 DEBUG cache:45 – TemplateLoader.findTemplateSource("spark/spark.spa_en.ftl"): Not found
2023-08-22 22:26:26 DEBUG cache:45 – TemplateLoader.findTemplateSource("spark/spark.spa.ftl"): Found
2023-08-22 22:26:26 DEBUG cache:45 – Loading template for "spark/spark.spa.ftl"("en_IN", UTF-8, parsed) from "jar:file:/C:/Users/asingh73/.m2/repository/com/aventstack/extentreports/5.0.9/extentreports-5.0.9.jar!/com/aventstack/extentreports/templates/spark/spark.spa.ftl"
2023-08-22 22:26:26 DEBUG cache:45 – Couldn't find template in cache for "commons/commons-variables.ftl"("en_IN", UTF-8, parsed); will try to load it.
2023-08-22 22:26:26 DEBUG cache:45 – TemplateLoader.findTemplateSource("commons/commons-variables_en_IN.ftl"): Not found
2023-08-22 22:26:26 DEBUG cache:45 – TemplateLoader.findTemplateSource("commons/commons-variables_en.ftl"): Not found
2023-08-22 22:26:26 DEBUG cache:45 – TemplateLoader.findTemplateSource("commons/commons-variables.ftl"): Found
2023-08-22 22:26:26 DEBUG cache:45 – Loading template for "commons/commons-variables.ftl"("en_IN", UTF-8, parsed) from "jar:file:/C:/Users/asingh73/.m2/repository/com/aventstack/extentreports/5.0.9/extentreports-5.0.9.jar!/com/aventstack/extentreports/templates/commons/commons-variables.ftl"
2023-08-22 22:26:26 DEBUG cache:45 – Couldn't find template in cache for "commons/commons-macros.ftl"("en_IN", UTF-8, parsed); will try to load it.
2023-08-22 22:26:26 DEBUG cache:45 – TemplateLoader.findTemplateSource("commons/commons-macros_en_IN.ftl"): Not found
2023-08-22 22:26:26 DEBUG cache:45 – TemplateLoader.findTemplateSource("commons/commons-macros_en.ftl"): Not found
2023-08-22 22:26:26 DEBUG cache:45 – TemplateLoader.findTemplateSource("commons/commons-macros.ftl"): Found
2023-08-22 22:26:26 DEBUG cache:45 – Loading template for "commons/commons-macros.ftl"("en_IN", UTF-8, parsed) from "jar:file:/C:/Users/asingh73/.m2/repository/com/aventstack/extentreports/5.0.9/extentreports-5.0.9.jar!/com/aventstack/extentreports/templates/commons/commons-macros.ftl"
2023-08-22 22:26:26 DEBUG cache:45 – Couldn't find template in cache for "spark/macros/attributes.ftl"("en_IN", UTF-8, parsed); will try to load it.
2023-08-22 22:26:26 DEBUG cache:45 – TemplateLoader.findTemplateSource("spark/macros/attributes_en_IN.ftl"): Not found
2023-08-22 22:26:26 DEBUG cache:45 – TemplateLoader.findTemplateSource("spark/macros/attributes_en.ftl"): Not found
2023-08-22 22:26:26 DEBUG cache:45 – TemplateLoader.findTemplateSource("spark/macros/attributes.ftl"): Found
2023-08-22 22:26:26 DEBUG cache:45 – Loading template for "spark/macros/attributes.ftl"("en_IN", UTF-8, parsed) from "jar:file:/C:/Users/asingh73/.m2/repository/com/aventstack/extentreports/5.0.9/extentreports-5.0.9.jar!/com/aventstack/extentreports/templates/spark/macros/attributes.ftl"
2023-08-22 22:26:26 DEBUG cache:45 – Couldn't find template in cache for "spark/macros/log.ftl"("en_IN", UTF-8, parsed); will try to load it.
2023-08-22 22:26:26 DEBUG cache:45 – TemplateLoader.findTemplateSource("spark/macros/log_en_IN.ftl"): Not found
2023-08-22 22:26:26 DEBUG cache:45 – TemplateLoader.findTemplateSource("spark/macros/log_en.ftl"): Not found
2023-08-22 22:26:26 DEBUG cache:45 – TemplateLoader.findTemplateSource("spark/macros/log.ftl"): Found
2023-08-22 22:26:26 DEBUG cache:45 – Loading template for "spark/macros/log.ftl"("en_IN", UTF-8, parsed) from "jar:file:/C:/Users/asingh73/.m2/repository/com/aventstack/extentreports/5.0.9/extentreports-5.0.9.jar!/com/aventstack/extentreports/templates/spark/macros/log.ftl"
2023-08-22 22:26:26 DEBUG cache:45 – Couldn't find template in cache for "spark/macros/recurse_nodes.ftl"("en_IN", UTF-8, parsed); will try to load it.
2023-08-22 22:26:26 DEBUG cache:45 – TemplateLoader.findTemplateSource("spark/macros/recurse_nodes_en_IN.ftl"): Not found
2023-08-22 22:26:26 DEBUG cache:45 – TemplateLoader.findTemplateSource("spark/macros/recurse_nodes_en.ftl"): Not found
2023-08-22 22:26:26 DEBUG cache:45 – TemplateLoader.findTemplateSource("spark/macros/recurse_nodes.ftl"): Found
2023-08-22 22:26:26 DEBUG cache:45 – Loading template for "spark/macros/recurse_nodes.ftl"("en_IN", UTF-8, parsed) from "jar:file:/C:/Users/asingh73/.m2/repository/com/aventstack/extentreports/5.0.9/extentreports-5.0.9.jar!/com/aventstack/extentreports/templates/spark/macros/recurse_nodes.ftl"
2023-08-22 22:26:26 DEBUG cache:45 – "spark/macros/log.ftl"("en_IN", UTF-8, parsed) cached copy not yet stale; using cached.
2023-08-22 22:26:26 DEBUG cache:45 – Couldn't find template in cache for "spark/macros/attr-common.ftl"("en_IN", UTF-8, parsed); will try to load it.
2023-08-22 22:26:26 DEBUG cache:45 – TemplateLoader.findTemplateSource("spark/macros/attr-common_en_IN.ftl"): Not found
2023-08-22 22:26:26 DEBUG cache:45 – TemplateLoader.findTemplateSource("spark/macros/attr-common_en.ftl"): Not found
2023-08-22 22:26:26 DEBUG cache:45 – TemplateLoader.findTemplateSource("spark/macros/attr-common.ftl"): Found
2023-08-22 22:26:26 DEBUG cache:45 – Loading template for "spark/macros/attr-common.ftl"("en_IN", UTF-8, parsed) from "jar:file:/C:/Users/asingh73/.m2/repository/com/aventstack/extentreports/5.0.9/extentreports-5.0.9.jar!/com/aventstack/extentreports/templates/spark/macros/attr-common.ftl"
2023-08-22 22:26:26 DEBUG cache:45 – Couldn't find template in cache for "spark/partials/head.ftl"("en_IN", UTF-8, parsed); will try to load it.
2023-08-22 22:26:26 DEBUG cache:45 – TemplateLoader.findTemplateSource("spark/partials/head_en_IN.ftl"): Not found
2023-08-22 22:26:26 DEBUG cache:45 – TemplateLoader.findTemplateSource("spark/partials/head_en.ftl"): Not found
2023-08-22 22:26:26 DEBUG cache:45 – TemplateLoader.findTemplateSource("spark/partials/head.ftl"): Found
2023-08-22 22:26:26 DEBUG cache:45 – Loading template for "spark/partials/head.ftl"("en_IN", UTF-8, parsed) from "jar:file:/C:/Users/asingh73/.m2/repository/com/aventstack/extentreports/5.0.9/extentreports-5.0.9.jar!/com/aventstack/extentreports/templates/spark/partials/head.ftl"
2023-08-22 22:26:26 DEBUG cache:45 – Couldn't find template in cache for "commons/commons-inject-css.ftl"("en_IN", UTF-8, parsed); will try to load it.
2023-08-22 22:26:26 DEBUG cache:45 – TemplateLoader.findTemplateSource("commons/commons-inject-css_en_IN.ftl"): Not found
2023-08-22 22:26:26 DEBUG cache:45 – TemplateLoader.findTemplateSource("commons/commons-inject-css_en.ftl"): Not found
2023-08-22 22:26:26 DEBUG cache:45 – TemplateLoader.findTemplateSource("commons/commons-inject-css.ftl"): Found
2023-08-22 22:26:26 DEBUG cache:45 – Loading template for "commons/commons-inject-css.ftl"("en_IN", UTF-8, parsed) from "jar:file:/C:/Users/asingh73/.m2/repository/com/aventstack/extentreports/5.0.9/extentreports-5.0.9.jar!/com/aventstack/extentreports/templates/commons/commons-inject-css.ftl"
2023-08-22 22:26:26 DEBUG cache:45 – Couldn't find template in cache for "spark/partials/navbar.ftl"("en_IN", UTF-8, parsed); will try to load it.
2023-08-22 22:26:26 DEBUG cache:45 – TemplateLoader.findTemplateSource("spark/partials/navbar_en_IN.ftl"): Not found
2023-08-22 22:26:26 DEBUG cache:45 – TemplateLoader.findTemplateSource("spark/partials/navbar_en.ftl"): Not found
2023-08-22 22:26:26 DEBUG cache:45 – TemplateLoader.findTemplateSource("spark/partials/navbar.ftl"): Found
2023-08-22 22:26:26 DEBUG cache:45 – Loading template for "spark/partials/navbar.ftl"("en_IN", UTF-8, parsed) from "jar:file:/C:/Users/asingh73/.m2/repository/com/aventstack/extentreports/5.0.9/extentreports-5.0.9.jar!/com/aventstack/extentreports/templates/spark/partials/navbar.ftl"
2023-08-22 22:26:26 DEBUG cache:45 – Couldn't find template in cache for "spark/partials/sidenav.ftl"("en_IN", UTF-8, parsed); will try to load it.
2023-08-22 22:26:26 DEBUG cache:45 – TemplateLoader.findTemplateSource("spark/partials/sidenav_en_IN.ftl"): Not found
2023-08-22 22:26:26 DEBUG cache:45 – TemplateLoader.findTemplateSource("spark/partials/sidenav_en.ftl"): Not found
2023-08-22 22:26:26 DEBUG cache:45 – TemplateLoader.findTemplateSource("spark/partials/sidenav.ftl"): Found
2023-08-22 22:26:26 DEBUG cache:45 – Loading template for "spark/partials/sidenav.ftl"("en_IN", UTF-8, parsed) from "jar:file:/C:/Users/asingh73/.m2/repository/com/aventstack/extentreports/5.0.9/extentreports-5.0.9.jar!/com/aventstack/extentreports/templates/spark/partials/sidenav.ftl"
2023-08-22 22:26:26 DEBUG cache:45 – Couldn't find template in cache for "spark/partials/test.ftl"("en_IN", UTF-8, parsed); will try to load it.
2023-08-22 22:26:26 DEBUG cache:45 – TemplateLoader.findTemplateSource("spark/partials/test_en_IN.ftl"): Not found
2023-08-22 22:26:26 DEBUG cache:45 – TemplateLoader.findTemplateSource("spark/partials/test_en.ftl"): Not found
2023-08-22 22:26:26 DEBUG cache:45 – TemplateLoader.findTemplateSource("spark/partials/test.ftl"): Found
2023-08-22 22:26:26 DEBUG cache:45 – Loading template for "spark/partials/test.ftl"("en_IN", UTF-8, parsed) from "jar:file:/C:/Users/asingh73/.m2/repository/com/aventstack/extentreports/5.0.9/extentreports-5.0.9.jar!/com/aventstack/extentreports/templates/spark/partials/test.ftl"
2023-08-22 22:26:26 DEBUG cache:45 – Couldn't find template in cache for "spark/partials/standard-content.ftl"("en_IN", UTF-8, parsed); will try to load it.
2023-08-22 22:26:26 DEBUG cache:45 – TemplateLoader.findTemplateSource("spark/partials/standard-content_en_IN.ftl"): Not found
2023-08-22 22:26:26 DEBUG cache:45 – TemplateLoader.findTemplateSource("spark/partials/standard-content_en.ftl"): Not found
2023-08-22 22:26:26 DEBUG cache:45 – TemplateLoader.findTemplateSource("spark/partials/standard-content.ftl"): Found
2023-08-22 22:26:26 DEBUG cache:45 – Loading template for "spark/partials/standard-content.ftl"("en_IN", UTF-8, parsed) from "jar:file:/C:/Users/asingh73/.m2/repository/com/aventstack/extentreports/5.0.9/extentreports-5.0.9.jar!/com/aventstack/extentreports/templates/spark/partials/standard-content.ftl"
2023-08-22 22:26:26 DEBUG cache:45 – Couldn't find template in cache for "spark/partials/exception.ftl"("en_IN", UTF-8, parsed); will try to load it.
2023-08-22 22:26:26 DEBUG cache:45 – TemplateLoader.findTemplateSource("spark/partials/exception_en_IN.ftl"): Not found
2023-08-22 22:26:26 DEBUG cache:45 – TemplateLoader.findTemplateSource("spark/partials/exception_en.ftl"): Not found
2023-08-22 22:26:26 DEBUG cache:45 – TemplateLoader.findTemplateSource("spark/partials/exception.ftl"): Found
2023-08-22 22:26:26 DEBUG cache:45 – Loading template for "spark/partials/exception.ftl"("en_IN", UTF-8, parsed) from "jar:file:/C:/Users/asingh73/.m2/repository/com/aventstack/extentreports/5.0.9/extentreports-5.0.9.jar!/com/aventstack/extentreports/templates/spark/partials/exception.ftl"
2023-08-22 22:26:26 DEBUG cache:45 – Couldn't find template in cache for "spark/partials/category.ftl"("en_IN", UTF-8, parsed); will try to load it.
2023-08-22 22:26:26 DEBUG cache:45 – TemplateLoader.findTemplateSource("spark/partials/category_en_IN.ftl"): Not found
2023-08-22 22:26:26 DEBUG cache:45 – TemplateLoader.findTemplateSource("spark/partials/category_en.ftl"): Not found
2023-08-22 22:26:26 DEBUG cache:45 – TemplateLoader.findTemplateSource("spark/partials/category.ftl"): Found
2023-08-22 22:26:26 DEBUG cache:45 – Loading template for "spark/partials/category.ftl"("en_IN", UTF-8, parsed) from "jar:file:/C:/Users/asingh73/.m2/repository/com/aventstack/extentreports/5.0.9/extentreports-5.0.9.jar!/com/aventstack/extentreports/templates/spark/partials/category.ftl"
2023-08-22 22:26:26 DEBUG cache:45 – Couldn't find template in cache for "spark/partials/device.ftl"("en_IN", UTF-8, parsed); will try to load it.
2023-08-22 22:26:26 DEBUG cache:45 – TemplateLoader.findTemplateSource("spark/partials/device_en_IN.ftl"): Not found
2023-08-22 22:26:26 DEBUG cache:45 – TemplateLoader.findTemplateSource("spark/partials/device_en.ftl"): Not found
2023-08-22 22:26:26 DEBUG cache:45 – TemplateLoader.findTemplateSource("spark/partials/device.ftl"): Found
2023-08-22 22:26:26 DEBUG cache:45 – Loading template for "spark/partials/device.ftl"("en_IN", UTF-8, parsed) from "jar:file:/C:/Users/asingh73/.m2/repository/com/aventstack/extentreports/5.0.9/extentreports-5.0.9.jar!/com/aventstack/extentreports/templates/spark/partials/device.ftl"
2023-08-22 22:26:26 DEBUG cache:45 – Couldn't find template in cache for "spark/partials/author.ftl"("en_IN", UTF-8, parsed); will try to load it.
2023-08-22 22:26:26 DEBUG cache:45 – TemplateLoader.findTemplateSource("spark/partials/author_en_IN.ftl"): Not found
2023-08-22 22:26:26 DEBUG cache:45 – TemplateLoader.findTemplateSource("spark/partials/author_en.ftl"): Not found
2023-08-22 22:26:26 DEBUG cache:45 – TemplateLoader.findTemplateSource("spark/partials/author.ftl"): Found
2023-08-22 22:26:26 DEBUG cache:45 – Loading template for "spark/partials/author.ftl"("en_IN", UTF-8, parsed) from "jar:file:/C:/Users/asingh73/.m2/repository/com/aventstack/extentreports/5.0.9/extentreports-5.0.9.jar!/com/aventstack/extentreports/templates/spark/partials/author.ftl"
2023-08-22 22:26:26 DEBUG cache:45 – Couldn't find template in cache for "spark/partials/log.ftl"("en_IN", UTF-8, parsed); will try to load it.
2023-08-22 22:26:26 DEBUG cache:45 – TemplateLoader.findTemplateSource("spark/partials/log_en_IN.ftl"): Not found
2023-08-22 22:26:26 DEBUG cache:45 – TemplateLoader.findTemplateSource("spark/partials/log_en.ftl"): Not found
2023-08-22 22:26:26 DEBUG cache:45 – TemplateLoader.findTemplateSource("spark/partials/log.ftl"): Found
2023-08-22 22:26:26 DEBUG cache:45 – Loading template for "spark/partials/log.ftl"("en_IN", UTF-8, parsed) from "jar:file:/C:/Users/asingh73/.m2/repository/com/aventstack/extentreports/5.0.9/extentreports-5.0.9.jar!/com/aventstack/extentreports/templates/spark/partials/log.ftl"
2023-08-22 22:26:26 DEBUG cache:45 – Couldn't find template in cache for "spark/partials/dashboard.ftl"("en_IN", UTF-8, parsed); will try to load it.
2023-08-22 22:26:26 DEBUG cache:45 – TemplateLoader.findTemplateSource("spark/partials/dashboard_en_IN.ftl"): Not found
2023-08-22 22:26:26 DEBUG cache:45 – TemplateLoader.findTemplateSource("spark/partials/dashboard_en.ftl"): Not found
2023-08-22 22:26:26 DEBUG cache:45 – TemplateLoader.findTemplateSource("spark/partials/dashboard.ftl"): Found
2023-08-22 22:26:26 DEBUG cache:45 – Loading template for "spark/partials/dashboard.ftl"("en_IN", UTF-8, parsed) from "jar:file:/C:/Users/asingh73/.m2/repository/com/aventstack/extentreports/5.0.9/extentreports-5.0.9.jar!/com/aventstack/extentreports/templates/spark/partials/dashboard.ftl"
2023-08-22 22:26:26 DEBUG cache:45 – Couldn't find template in cache for "spark/partials/scripts.ftl"("en_IN", UTF-8, parsed); will try to load it.
2023-08-22 22:26:26 DEBUG cache:45 – TemplateLoader.findTemplateSource("spark/partials/scripts_en_IN.ftl"): Not found
2023-08-22 22:26:26 DEBUG cache:45 – TemplateLoader.findTemplateSource("spark/partials/scripts_en.ftl"): Not found
2023-08-22 22:26:26 DEBUG cache:45 – TemplateLoader.findTemplateSource("spark/partials/scripts.ftl"): Found
2023-08-22 22:26:26 DEBUG cache:45 – Loading template for "spark/partials/scripts.ftl"("en_IN", UTF-8, parsed) from "jar:file:/C:/Users/asingh73/.m2/repository/com/aventstack/extentreports/5.0.9/extentreports-5.0.9.jar!/com/aventstack/extentreports/templates/spark/partials/scripts.ftl"
2023-08-22 22:26:26 DEBUG cache:45 – Couldn't find template in cache for "commons/commons-inject-js.ftl"("en_IN", UTF-8, parsed); will try to load it.
2023-08-22 22:26:26 DEBUG cache:45 – TemplateLoader.findTemplateSource("commons/commons-inject-js_en_IN.ftl"): Not found
2023-08-22 22:26:26 DEBUG cache:45 – TemplateLoader.findTemplateSource("commons/commons-inject-js_en.ftl"): Not found
2023-08-22 22:26:26 DEBUG cache:45 – TemplateLoader.findTemplateSource("commons/commons-inject-js.ftl"): Found
2023-08-22 22:26:26 DEBUG cache:45 – Loading template for "commons/commons-inject-js.ftl"("en_IN", UTF-8, parsed) from "jar:file:/C:/Users/asingh73/.m2/repository/com/aventstack/extentreports/5.0.9/extentreports-5.0.9.jar!/com/aventstack/extentreports/templates/commons/commons-inject-js.ftl"
2023-08-24 14:33:08 INFO  Demo:16 – Url is Openened
2023-08-24 14:33:08 INFO  Demo:21 – UserName Passed
2023-08-24 14:33:08 INFO  Demo:24 – Password Passed
2023-08-24 14:33:09 INFO  Demo:30 – Test Passed
2023-08-24 14:33:09 DEBUG cache:45 – Couldn't find template in cache for "spark/spark.spa.ftl"("en_IN", UTF-8, parsed); will try to load it.
2023-08-24 14:33:09 DEBUG cache:45 – TemplateLoader.findTemplateSource("spark/spark.spa_en_IN.ftl"): Not found
2023-08-24 14:33:09 DEBUG cache:45 – TemplateLoader.findTemplateSource("spark/spark.spa_en.ftl"): Not found
2023-08-24 14:33:09 DEBUG cache:45 – TemplateLoader.findTemplateSource("spark/spark.spa.ftl"): Found
2023-08-24 14:33:09 DEBUG cache:45 – Loading template for "spark/spark.spa.ftl"("en_IN", UTF-8, parsed) from "jar:file:/C:/Users/asingh73/.m2/repository/com/aventstack/extentreports/5.0.9/extentreports-5.0.9.jar!/com/aventstack/extentreports/templates/spark/spark.spa.ftl"
2023-08-24 14:33:09 DEBUG cache:45 – Couldn't find template in cache for "commons/commons-variables.ftl"("en_IN", UTF-8, parsed); will try to load it.
2023-08-24 14:33:09 DEBUG cache:45 – TemplateLoader.findTemplateSource("commons/commons-variables_en_IN.ftl"): Not found
2023-08-24 14:33:09 DEBUG cache:45 – TemplateLoader.findTemplateSource("commons/commons-variables_en.ftl"): Not found
2023-08-24 14:33:09 DEBUG cache:45 – TemplateLoader.findTemplateSource("commons/commons-variables.ftl"): Found
2023-08-24 14:33:09 DEBUG cache:45 – Loading template for "commons/commons-variables.ftl"("en_IN", UTF-8, parsed) from "jar:file:/C:/Users/asingh73/.m2/repository/com/aventstack/extentreports/5.0.9/extentreports-5.0.9.jar!/com/aventstack/extentreports/templates/commons/commons-variables.ftl"
2023-08-24 14:33:09 DEBUG cache:45 – Couldn't find template in cache for "commons/commons-macros.ftl"("en_IN", UTF-8, parsed); will try to load it.
2023-08-24 14:33:09 DEBUG cache:45 – TemplateLoader.findTemplateSource("commons/commons-macros_en_IN.ftl"): Not found
2023-08-24 14:33:09 DEBUG cache:45 – TemplateLoader.findTemplateSource("commons/commons-macros_en.ftl"): Not found
2023-08-24 14:33:09 DEBUG cache:45 – TemplateLoader.findTemplateSource("commons/commons-macros.ftl"): Found
2023-08-24 14:33:09 DEBUG cache:45 – Loading template for "commons/commons-macros.ftl"("en_IN", UTF-8, parsed) from "jar:file:/C:/Users/asingh73/.m2/repository/com/aventstack/extentreports/5.0.9/extentreports-5.0.9.jar!/com/aventstack/extentreports/templates/commons/commons-macros.ftl"
2023-08-24 14:33:09 DEBUG cache:45 – Couldn't find template in cache for "spark/macros/attributes.ftl"("en_IN", UTF-8, parsed); will try to load it.
2023-08-24 14:33:09 DEBUG cache:45 – TemplateLoader.findTemplateSource("spark/macros/attributes_en_IN.ftl"): Not found
2023-08-24 14:33:09 DEBUG cache:45 – TemplateLoader.findTemplateSource("spark/macros/attributes_en.ftl"): Not found
2023-08-24 14:33:09 DEBUG cache:45 – TemplateLoader.findTemplateSource("spark/macros/attributes.ftl"): Found
2023-08-24 14:33:09 DEBUG cache:45 – Loading template for "spark/macros/attributes.ftl"("en_IN", UTF-8, parsed) from "jar:file:/C:/Users/asingh73/.m2/repository/com/aventstack/extentreports/5.0.9/extentreports-5.0.9.jar!/com/aventstack/extentreports/templates/spark/macros/attributes.ftl"
2023-08-24 14:33:09 DEBUG cache:45 – Couldn't find template in cache for "spark/macros/log.ftl"("en_IN", UTF-8, parsed); will try to load it.
2023-08-24 14:33:09 DEBUG cache:45 – TemplateLoader.findTemplateSource("spark/macros/log_en_IN.ftl"): Not found
2023-08-24 14:33:09 DEBUG cache:45 – TemplateLoader.findTemplateSource("spark/macros/log_en.ftl"): Not found
2023-08-24 14:33:09 DEBUG cache:45 – TemplateLoader.findTemplateSource("spark/macros/log.ftl"): Found
2023-08-24 14:33:09 DEBUG cache:45 – Loading template for "spark/macros/log.ftl"("en_IN", UTF-8, parsed) from "jar:file:/C:/Users/asingh73/.m2/repository/com/aventstack/extentreports/5.0.9/extentreports-5.0.9.jar!/com/aventstack/extentreports/templates/spark/macros/log.ftl"
2023-08-24 14:33:09 DEBUG cache:45 – Couldn't find template in cache for "spark/macros/recurse_nodes.ftl"("en_IN", UTF-8, parsed); will try to load it.
2023-08-24 14:33:09 DEBUG cache:45 – TemplateLoader.findTemplateSource("spark/macros/recurse_nodes_en_IN.ftl"): Not found
2023-08-24 14:33:09 DEBUG cache:45 – TemplateLoader.findTemplateSource("spark/macros/recurse_nodes_en.ftl"): Not found
2023-08-24 14:33:09 DEBUG cache:45 – TemplateLoader.findTemplateSource("spark/macros/recurse_nodes.ftl"): Found
2023-08-24 14:33:09 DEBUG cache:45 – Loading template for "spark/macros/recurse_nodes.ftl"("en_IN", UTF-8, parsed) from "jar:file:/C:/Users/asingh73/.m2/repository/com/aventstack/extentreports/5.0.9/extentreports-5.0.9.jar!/com/aventstack/extentreports/templates/spark/macros/recurse_nodes.ftl"
2023-08-24 14:33:09 DEBUG cache:45 – "spark/macros/log.ftl"("en_IN", UTF-8, parsed) cached copy not yet stale; using cached.
2023-08-24 14:33:09 DEBUG cache:45 – Couldn't find template in cache for "spark/macros/attr-common.ftl"("en_IN", UTF-8, parsed); will try to load it.
2023-08-24 14:33:09 DEBUG cache:45 – TemplateLoader.findTemplateSource("spark/macros/attr-common_en_IN.ftl"): Not found
2023-08-24 14:33:09 DEBUG cache:45 – TemplateLoader.findTemplateSource("spark/macros/attr-common_en.ftl"): Not found
2023-08-24 14:33:09 DEBUG cache:45 – TemplateLoader.findTemplateSource("spark/macros/attr-common.ftl"): Found
2023-08-24 14:33:09 DEBUG cache:45 – Loading template for "spark/macros/attr-common.ftl"("en_IN", UTF-8, parsed) from "jar:file:/C:/Users/asingh73/.m2/repository/com/aventstack/extentreports/5.0.9/extentreports-5.0.9.jar!/com/aventstack/extentreports/templates/spark/macros/attr-common.ftl"
2023-08-24 14:33:09 DEBUG cache:45 – Couldn't find template in cache for "spark/partials/head.ftl"("en_IN", UTF-8, parsed); will try to load it.
2023-08-24 14:33:09 DEBUG cache:45 – TemplateLoader.findTemplateSource("spark/partials/head_en_IN.ftl"): Not found
2023-08-24 14:33:09 DEBUG cache:45 – TemplateLoader.findTemplateSource("spark/partials/head_en.ftl"): Not found
2023-08-24 14:33:09 DEBUG cache:45 – TemplateLoader.findTemplateSource("spark/partials/head.ftl"): Found
2023-08-24 14:33:09 DEBUG cache:45 – Loading template for "spark/partials/head.ftl"("en_IN", UTF-8, parsed) from "jar:file:/C:/Users/asingh73/.m2/repository/com/aventstack/extentreports/5.0.9/extentreports-5.0.9.jar!/com/aventstack/extentreports/templates/spark/partials/head.ftl"
2023-08-24 14:33:09 DEBUG cache:45 – Couldn't find template in cache for "commons/commons-inject-css.ftl"("en_IN", UTF-8, parsed); will try to load it.
2023-08-24 14:33:09 DEBUG cache:45 – TemplateLoader.findTemplateSource("commons/commons-inject-css_en_IN.ftl"): Not found
2023-08-24 14:33:09 DEBUG cache:45 – TemplateLoader.findTemplateSource("commons/commons-inject-css_en.ftl"): Not found
2023-08-24 14:33:09 DEBUG cache:45 – TemplateLoader.findTemplateSource("commons/commons-inject-css.ftl"): Found
2023-08-24 14:33:09 DEBUG cache:45 – Loading template for "commons/commons-inject-css.ftl"("en_IN", UTF-8, parsed) from "jar:file:/C:/Users/asingh73/.m2/repository/com/aventstack/extentreports/5.0.9/extentreports-5.0.9.jar!/com/aventstack/extentreports/templates/commons/commons-inject-css.ftl"
2023-08-24 14:33:09 DEBUG cache:45 – Couldn't find template in cache for "spark/partials/navbar.ftl"("en_IN", UTF-8, parsed); will try to load it.
2023-08-24 14:33:09 DEBUG cache:45 – TemplateLoader.findTemplateSource("spark/partials/navbar_en_IN.ftl"): Not found
2023-08-24 14:33:09 DEBUG cache:45 – TemplateLoader.findTemplateSource("spark/partials/navbar_en.ftl"): Not found
2023-08-24 14:33:09 DEBUG cache:45 – TemplateLoader.findTemplateSource("spark/partials/navbar.ftl"): Found
2023-08-24 14:33:09 DEBUG cache:45 – Loading template for "spark/partials/navbar.ftl"("en_IN", UTF-8, parsed) from "jar:file:/C:/Users/asingh73/.m2/repository/com/aventstack/extentreports/5.0.9/extentreports-5.0.9.jar!/com/aventstack/extentreports/templates/spark/partials/navbar.ftl"
2023-08-24 14:33:09 DEBUG cache:45 – Couldn't find template in cache for "spark/partials/sidenav.ftl"("en_IN", UTF-8, parsed); will try to load it.
2023-08-24 14:33:09 DEBUG cache:45 – TemplateLoader.findTemplateSource("spark/partials/sidenav_en_IN.ftl"): Not found
2023-08-24 14:33:09 DEBUG cache:45 – TemplateLoader.findTemplateSource("spark/partials/sidenav_en.ftl"): Not found
2023-08-24 14:33:09 DEBUG cache:45 – TemplateLoader.findTemplateSource("spark/partials/sidenav.ftl"): Found
2023-08-24 14:33:09 DEBUG cache:45 – Loading template for "spark/partials/sidenav.ftl"("en_IN", UTF-8, parsed) from "jar:file:/C:/Users/asingh73/.m2/repository/com/aventstack/extentreports/5.0.9/extentreports-5.0.9.jar!/com/aventstack/extentreports/templates/spark/partials/sidenav.ftl"
2023-08-24 14:33:09 DEBUG cache:45 – Couldn't find template in cache for "spark/partials/test.ftl"("en_IN", UTF-8, parsed); will try to load it.
2023-08-24 14:33:09 DEBUG cache:45 – TemplateLoader.findTemplateSource("spark/partials/test_en_IN.ftl"): Not found
2023-08-24 14:33:09 DEBUG cache:45 – TemplateLoader.findTemplateSource("spark/partials/test_en.ftl"): Not found
2023-08-24 14:33:09 DEBUG cache:45 – TemplateLoader.findTemplateSource("spark/partials/test.ftl"): Found
2023-08-24 14:33:09 DEBUG cache:45 – Loading template for "spark/partials/test.ftl"("en_IN", UTF-8, parsed) from "jar:file:/C:/Users/asingh73/.m2/repository/com/aventstack/extentreports/5.0.9/extentreports-5.0.9.jar!/com/aventstack/extentreports/templates/spark/partials/test.ftl"
2023-08-24 14:33:09 DEBUG cache:45 – Couldn't find template in cache for "spark/partials/standard-content.ftl"("en_IN", UTF-8, parsed); will try to load it.
2023-08-24 14:33:09 DEBUG cache:45 – TemplateLoader.findTemplateSource("spark/partials/standard-content_en_IN.ftl"): Not found
2023-08-24 14:33:09 DEBUG cache:45 – TemplateLoader.findTemplateSource("spark/partials/standard-content_en.ftl"): Not found
2023-08-24 14:33:09 DEBUG cache:45 – TemplateLoader.findTemplateSource("spark/partials/standard-content.ftl"): Found
2023-08-24 14:33:09 DEBUG cache:45 – Loading template for "spark/partials/standard-content.ftl"("en_IN", UTF-8, parsed) from "jar:file:/C:/Users/asingh73/.m2/repository/com/aventstack/extentreports/5.0.9/extentreports-5.0.9.jar!/com/aventstack/extentreports/templates/spark/partials/standard-content.ftl"
2023-08-24 14:33:09 DEBUG cache:45 – Couldn't find template in cache for "spark/partials/exception.ftl"("en_IN", UTF-8, parsed); will try to load it.
2023-08-24 14:33:09 DEBUG cache:45 – TemplateLoader.findTemplateSource("spark/partials/exception_en_IN.ftl"): Not found
2023-08-24 14:33:09 DEBUG cache:45 – TemplateLoader.findTemplateSource("spark/partials/exception_en.ftl"): Not found
2023-08-24 14:33:09 DEBUG cache:45 – TemplateLoader.findTemplateSource("spark/partials/exception.ftl"): Found
2023-08-24 14:33:09 DEBUG cache:45 – Loading template for "spark/partials/exception.ftl"("en_IN", UTF-8, parsed) from "jar:file:/C:/Users/asingh73/.m2/repository/com/aventstack/extentreports/5.0.9/extentreports-5.0.9.jar!/com/aventstack/extentreports/templates/spark/partials/exception.ftl"
2023-08-24 14:33:09 DEBUG cache:45 – Couldn't find template in cache for "spark/partials/category.ftl"("en_IN", UTF-8, parsed); will try to load it.
2023-08-24 14:33:09 DEBUG cache:45 – TemplateLoader.findTemplateSource("spark/partials/category_en_IN.ftl"): Not found
2023-08-24 14:33:09 DEBUG cache:45 – TemplateLoader.findTemplateSource("spark/partials/category_en.ftl"): Not found
2023-08-24 14:33:09 DEBUG cache:45 – TemplateLoader.findTemplateSource("spark/partials/category.ftl"): Found
2023-08-24 14:33:09 DEBUG cache:45 – Loading template for "spark/partials/category.ftl"("en_IN", UTF-8, parsed) from "jar:file:/C:/Users/asingh73/.m2/repository/com/aventstack/extentreports/5.0.9/extentreports-5.0.9.jar!/com/aventstack/extentreports/templates/spark/partials/category.ftl"
2023-08-24 14:33:09 DEBUG cache:45 – Couldn't find template in cache for "spark/partials/device.ftl"("en_IN", UTF-8, parsed); will try to load it.
2023-08-24 14:33:09 DEBUG cache:45 – TemplateLoader.findTemplateSource("spark/partials/device_en_IN.ftl"): Not found
2023-08-24 14:33:09 DEBUG cache:45 – TemplateLoader.findTemplateSource("spark/partials/device_en.ftl"): Not found
2023-08-24 14:33:09 DEBUG cache:45 – TemplateLoader.findTemplateSource("spark/partials/device.ftl"): Found
2023-08-24 14:33:09 DEBUG cache:45 – Loading template for "spark/partials/device.ftl"("en_IN", UTF-8, parsed) from "jar:file:/C:/Users/asingh73/.m2/repository/com/aventstack/extentreports/5.0.9/extentreports-5.0.9.jar!/com/aventstack/extentreports/templates/spark/partials/device.ftl"
2023-08-24 14:33:09 DEBUG cache:45 – Couldn't find template in cache for "spark/partials/author.ftl"("en_IN", UTF-8, parsed); will try to load it.
2023-08-24 14:33:09 DEBUG cache:45 – TemplateLoader.findTemplateSource("spark/partials/author_en_IN.ftl"): Not found
2023-08-24 14:33:09 DEBUG cache:45 – TemplateLoader.findTemplateSource("spark/partials/author_en.ftl"): Not found
2023-08-24 14:33:09 DEBUG cache:45 – TemplateLoader.findTemplateSource("spark/partials/author.ftl"): Found
2023-08-24 14:33:09 DEBUG cache:45 – Loading template for "spark/partials/author.ftl"("en_IN", UTF-8, parsed) from "jar:file:/C:/Users/asingh73/.m2/repository/com/aventstack/extentreports/5.0.9/extentreports-5.0.9.jar!/com/aventstack/extentreports/templates/spark/partials/author.ftl"
2023-08-24 14:33:09 DEBUG cache:45 – Couldn't find template in cache for "spark/partials/log.ftl"("en_IN", UTF-8, parsed); will try to load it.
2023-08-24 14:33:09 DEBUG cache:45 – TemplateLoader.findTemplateSource("spark/partials/log_en_IN.ftl"): Not found
2023-08-24 14:33:09 DEBUG cache:45 – TemplateLoader.findTemplateSource("spark/partials/log_en.ftl"): Not found
2023-08-24 14:33:09 DEBUG cache:45 – TemplateLoader.findTemplateSource("spark/partials/log.ftl"): Found
2023-08-24 14:33:09 DEBUG cache:45 – Loading template for "spark/partials/log.ftl"("en_IN", UTF-8, parsed) from "jar:file:/C:/Users/asingh73/.m2/repository/com/aventstack/extentreports/5.0.9/extentreports-5.0.9.jar!/com/aventstack/extentreports/templates/spark/partials/log.ftl"
2023-08-24 14:33:09 DEBUG cache:45 – Couldn't find template in cache for "spark/partials/dashboard.ftl"("en_IN", UTF-8, parsed); will try to load it.
2023-08-24 14:33:09 DEBUG cache:45 – TemplateLoader.findTemplateSource("spark/partials/dashboard_en_IN.ftl"): Not found
2023-08-24 14:33:09 DEBUG cache:45 – TemplateLoader.findTemplateSource("spark/partials/dashboard_en.ftl"): Not found
2023-08-24 14:33:09 DEBUG cache:45 – TemplateLoader.findTemplateSource("spark/partials/dashboard.ftl"): Found
2023-08-24 14:33:09 DEBUG cache:45 – Loading template for "spark/partials/dashboard.ftl"("en_IN", UTF-8, parsed) from "jar:file:/C:/Users/asingh73/.m2/repository/com/aventstack/extentreports/5.0.9/extentreports-5.0.9.jar!/com/aventstack/extentreports/templates/spark/partials/dashboard.ftl"
2023-08-24 14:33:09 DEBUG cache:45 – Couldn't find template in cache for "spark/partials/scripts.ftl"("en_IN", UTF-8, parsed); will try to load it.
2023-08-24 14:33:09 DEBUG cache:45 – TemplateLoader.findTemplateSource("spark/partials/scripts_en_IN.ftl"): Not found
2023-08-24 14:33:09 DEBUG cache:45 – TemplateLoader.findTemplateSource("spark/partials/scripts_en.ftl"): Not found
2023-08-24 14:33:09 DEBUG cache:45 – TemplateLoader.findTemplateSource("spark/partials/scripts.ftl"): Found
2023-08-24 14:33:09 DEBUG cache:45 – Loading template for "spark/partials/scripts.ftl"("en_IN", UTF-8, parsed) from "jar:file:/C:/Users/asingh73/.m2/repository/com/aventstack/extentreports/5.0.9/extentreports-5.0.9.jar!/com/aventstack/extentreports/templates/spark/partials/scripts.ftl"
2023-08-24 14:33:09 DEBUG cache:45 – Couldn't find template in cache for "commons/commons-inject-js.ftl"("en_IN", UTF-8, parsed); will try to load it.
2023-08-24 14:33:09 DEBUG cache:45 – TemplateLoader.findTemplateSource("commons/commons-inject-js_en_IN.ftl"): Not found
2023-08-24 14:33:09 DEBUG cache:45 – TemplateLoader.findTemplateSource("commons/commons-inject-js_en.ftl"): Not found
2023-08-24 14:33:09 DEBUG cache:45 – TemplateLoader.findTemplateSource("commons/commons-inject-js.ftl"): Found
2023-08-24 14:33:09 DEBUG cache:45 – Loading template for "commons/commons-inject-js.ftl"("en_IN", UTF-8, parsed) from "jar:file:/C:/Users/asingh73/.m2/repository/com/aventstack/extentreports/5.0.9/extentreports-5.0.9.jar!/com/aventstack/extentreports/templates/commons/commons-inject-js.ftl"
2023-08-24 14:33:32 INFO  Demo:16 – Url is Openened
2023-08-24 14:33:32 INFO  Demo:21 – UserName Passed
2023-08-24 14:33:32 INFO  Demo:24 – Password Passed
2023-08-24 14:33:33 INFO  Demo:30 – Test Passed
2023-08-24 14:33:33 DEBUG cache:45 – Couldn't find template in cache for "spark/spark.spa.ftl"("en_IN", UTF-8, parsed); will try to load it.
2023-08-24 14:33:33 DEBUG cache:45 – TemplateLoader.findTemplateSource("spark/spark.spa_en_IN.ftl"): Not found
2023-08-24 14:33:33 DEBUG cache:45 – TemplateLoader.findTemplateSource("spark/spark.spa_en.ftl"): Not found
2023-08-24 14:33:33 DEBUG cache:45 – TemplateLoader.findTemplateSource("spark/spark.spa.ftl"): Found
2023-08-24 14:33:33 DEBUG cache:45 – Loading template for "spark/spark.spa.ftl"("en_IN", UTF-8, parsed) from "jar:file:/C:/Users/asingh73/.m2/repository/com/aventstack/extentreports/5.0.9/extentreports-5.0.9.jar!/com/aventstack/extentreports/templates/spark/spark.spa.ftl"
2023-08-24 14:33:33 DEBUG cache:45 – Couldn't find template in cache for "commons/commons-variables.ftl"("en_IN", UTF-8, parsed); will try to load it.
2023-08-24 14:33:33 DEBUG cache:45 – TemplateLoader.findTemplateSource("commons/commons-variables_en_IN.ftl"): Not found
2023-08-24 14:33:33 DEBUG cache:45 – TemplateLoader.findTemplateSource("commons/commons-variables_en.ftl"): Not found
2023-08-24 14:33:33 DEBUG cache:45 – TemplateLoader.findTemplateSource("commons/commons-variables.ftl"): Found
2023-08-24 14:33:33 DEBUG cache:45 – Loading template for "commons/commons-variables.ftl"("en_IN", UTF-8, parsed) from "jar:file:/C:/Users/asingh73/.m2/repository/com/aventstack/extentreports/5.0.9/extentreports-5.0.9.jar!/com/aventstack/extentreports/templates/commons/commons-variables.ftl"
2023-08-24 14:33:34 DEBUG cache:45 – Couldn't find template in cache for "commons/commons-macros.ftl"("en_IN", UTF-8, parsed); will try to load it.
2023-08-24 14:33:34 DEBUG cache:45 – TemplateLoader.findTemplateSource("commons/commons-macros_en_IN.ftl"): Not found
2023-08-24 14:33:34 DEBUG cache:45 – TemplateLoader.findTemplateSource("commons/commons-macros_en.ftl"): Not found
2023-08-24 14:33:34 DEBUG cache:45 – TemplateLoader.findTemplateSource("commons/commons-macros.ftl"): Found
2023-08-24 14:33:34 DEBUG cache:45 – Loading template for "commons/commons-macros.ftl"("en_IN", UTF-8, parsed) from "jar:file:/C:/Users/asingh73/.m2/repository/com/aventstack/extentreports/5.0.9/extentreports-5.0.9.jar!/com/aventstack/extentreports/templates/commons/commons-macros.ftl"
2023-08-24 14:33:34 DEBUG cache:45 – Couldn't find template in cache for "spark/macros/attributes.ftl"("en_IN", UTF-8, parsed); will try to load it.
2023-08-24 14:33:34 DEBUG cache:45 – TemplateLoader.findTemplateSource("spark/macros/attributes_en_IN.ftl"): Not found
2023-08-24 14:33:34 DEBUG cache:45 – TemplateLoader.findTemplateSource("spark/macros/attributes_en.ftl"): Not found
2023-08-24 14:33:34 DEBUG cache:45 – TemplateLoader.findTemplateSource("spark/macros/attributes.ftl"): Found
2023-08-24 14:33:34 DEBUG cache:45 – Loading template for "spark/macros/attributes.ftl"("en_IN", UTF-8, parsed) from "jar:file:/C:/Users/asingh73/.m2/repository/com/aventstack/extentreports/5.0.9/extentreports-5.0.9.jar!/com/aventstack/extentreports/templates/spark/macros/attributes.ftl"
2023-08-24 14:33:34 DEBUG cache:45 – Couldn't find template in cache for "spark/macros/log.ftl"("en_IN", UTF-8, parsed); will try to load it.
2023-08-24 14:33:34 DEBUG cache:45 – TemplateLoader.findTemplateSource("spark/macros/log_en_IN.ftl"): Not found
2023-08-24 14:33:34 DEBUG cache:45 – TemplateLoader.findTemplateSource("spark/macros/log_en.ftl"): Not found
2023-08-24 14:33:34 DEBUG cache:45 – TemplateLoader.findTemplateSource("spark/macros/log.ftl"): Found
2023-08-24 14:33:34 DEBUG cache:45 – Loading template for "spark/macros/log.ftl"("en_IN", UTF-8, parsed) from "jar:file:/C:/Users/asingh73/.m2/repository/com/aventstack/extentreports/5.0.9/extentreports-5.0.9.jar!/com/aventstack/extentreports/templates/spark/macros/log.ftl"
2023-08-24 14:33:34 DEBUG cache:45 – Couldn't find template in cache for "spark/macros/recurse_nodes.ftl"("en_IN", UTF-8, parsed); will try to load it.
2023-08-24 14:33:34 DEBUG cache:45 – TemplateLoader.findTemplateSource("spark/macros/recurse_nodes_en_IN.ftl"): Not found
2023-08-24 14:33:34 DEBUG cache:45 – TemplateLoader.findTemplateSource("spark/macros/recurse_nodes_en.ftl"): Not found
2023-08-24 14:33:34 DEBUG cache:45 – TemplateLoader.findTemplateSource("spark/macros/recurse_nodes.ftl"): Found
2023-08-24 14:33:34 DEBUG cache:45 – Loading template for "spark/macros/recurse_nodes.ftl"("en_IN", UTF-8, parsed) from "jar:file:/C:/Users/asingh73/.m2/repository/com/aventstack/extentreports/5.0.9/extentreports-5.0.9.jar!/com/aventstack/extentreports/templates/spark/macros/recurse_nodes.ftl"
2023-08-24 14:33:34 DEBUG cache:45 – "spark/macros/log.ftl"("en_IN", UTF-8, parsed) cached copy not yet stale; using cached.
2023-08-24 14:33:34 DEBUG cache:45 – Couldn't find template in cache for "spark/macros/attr-common.ftl"("en_IN", UTF-8, parsed); will try to load it.
2023-08-24 14:33:34 DEBUG cache:45 – TemplateLoader.findTemplateSource("spark/macros/attr-common_en_IN.ftl"): Not found
2023-08-24 14:33:34 DEBUG cache:45 – TemplateLoader.findTemplateSource("spark/macros/attr-common_en.ftl"): Not found
2023-08-24 14:33:34 DEBUG cache:45 – TemplateLoader.findTemplateSource("spark/macros/attr-common.ftl"): Found
2023-08-24 14:33:34 DEBUG cache:45 – Loading template for "spark/macros/attr-common.ftl"("en_IN", UTF-8, parsed) from "jar:file:/C:/Users/asingh73/.m2/repository/com/aventstack/extentreports/5.0.9/extentreports-5.0.9.jar!/com/aventstack/extentreports/templates/spark/macros/attr-common.ftl"
2023-08-24 14:33:34 DEBUG cache:45 – Couldn't find template in cache for "spark/partials/head.ftl"("en_IN", UTF-8, parsed); will try to load it.
2023-08-24 14:33:34 DEBUG cache:45 – TemplateLoader.findTemplateSource("spark/partials/head_en_IN.ftl"): Not found
2023-08-24 14:33:34 DEBUG cache:45 – TemplateLoader.findTemplateSource("spark/partials/head_en.ftl"): Not found
2023-08-24 14:33:34 DEBUG cache:45 – TemplateLoader.findTemplateSource("spark/partials/head.ftl"): Found
2023-08-24 14:33:34 DEBUG cache:45 – Loading template for "spark/partials/head.ftl"("en_IN", UTF-8, parsed) from "jar:file:/C:/Users/asingh73/.m2/repository/com/aventstack/extentreports/5.0.9/extentreports-5.0.9.jar!/com/aventstack/extentreports/templates/spark/partials/head.ftl"
2023-08-24 14:33:34 DEBUG cache:45 – Couldn't find template in cache for "commons/commons-inject-css.ftl"("en_IN", UTF-8, parsed); will try to load it.
2023-08-24 14:33:34 DEBUG cache:45 – TemplateLoader.findTemplateSource("commons/commons-inject-css_en_IN.ftl"): Not found
2023-08-24 14:33:34 DEBUG cache:45 – TemplateLoader.findTemplateSource("commons/commons-inject-css_en.ftl"): Not found
2023-08-24 14:33:34 DEBUG cache:45 – TemplateLoader.findTemplateSource("commons/commons-inject-css.ftl"): Found
2023-08-24 14:33:34 DEBUG cache:45 – Loading template for "commons/commons-inject-css.ftl"("en_IN", UTF-8, parsed) from "jar:file:/C:/Users/asingh73/.m2/repository/com/aventstack/extentreports/5.0.9/extentreports-5.0.9.jar!/com/aventstack/extentreports/templates/commons/commons-inject-css.ftl"
2023-08-24 14:33:34 DEBUG cache:45 – Couldn't find template in cache for "spark/partials/navbar.ftl"("en_IN", UTF-8, parsed); will try to load it.
2023-08-24 14:33:34 DEBUG cache:45 – TemplateLoader.findTemplateSource("spark/partials/navbar_en_IN.ftl"): Not found
2023-08-24 14:33:34 DEBUG cache:45 – TemplateLoader.findTemplateSource("spark/partials/navbar_en.ftl"): Not found
2023-08-24 14:33:34 DEBUG cache:45 – TemplateLoader.findTemplateSource("spark/partials/navbar.ftl"): Found
2023-08-24 14:33:34 DEBUG cache:45 – Loading template for "spark/partials/navbar.ftl"("en_IN", UTF-8, parsed) from "jar:file:/C:/Users/asingh73/.m2/repository/com/aventstack/extentreports/5.0.9/extentreports-5.0.9.jar!/com/aventstack/extentreports/templates/spark/partials/navbar.ftl"
2023-08-24 14:33:34 DEBUG cache:45 – Couldn't find template in cache for "spark/partials/sidenav.ftl"("en_IN", UTF-8, parsed); will try to load it.
2023-08-24 14:33:34 DEBUG cache:45 – TemplateLoader.findTemplateSource("spark/partials/sidenav_en_IN.ftl"): Not found
2023-08-24 14:33:34 DEBUG cache:45 – TemplateLoader.findTemplateSource("spark/partials/sidenav_en.ftl"): Not found
2023-08-24 14:33:34 DEBUG cache:45 – TemplateLoader.findTemplateSource("spark/partials/sidenav.ftl"): Found
2023-08-24 14:33:34 DEBUG cache:45 – Loading template for "spark/partials/sidenav.ftl"("en_IN", UTF-8, parsed) from "jar:file:/C:/Users/asingh73/.m2/repository/com/aventstack/extentreports/5.0.9/extentreports-5.0.9.jar!/com/aventstack/extentreports/templates/spark/partials/sidenav.ftl"
2023-08-24 14:33:34 DEBUG cache:45 – Couldn't find template in cache for "spark/partials/test.ftl"("en_IN", UTF-8, parsed); will try to load it.
2023-08-24 14:33:34 DEBUG cache:45 – TemplateLoader.findTemplateSource("spark/partials/test_en_IN.ftl"): Not found
2023-08-24 14:33:34 DEBUG cache:45 – TemplateLoader.findTemplateSource("spark/partials/test_en.ftl"): Not found
2023-08-24 14:33:34 DEBUG cache:45 – TemplateLoader.findTemplateSource("spark/partials/test.ftl"): Found
2023-08-24 14:33:34 DEBUG cache:45 – Loading template for "spark/partials/test.ftl"("en_IN", UTF-8, parsed) from "jar:file:/C:/Users/asingh73/.m2/repository/com/aventstack/extentreports/5.0.9/extentreports-5.0.9.jar!/com/aventstack/extentreports/templates/spark/partials/test.ftl"
2023-08-24 14:33:34 DEBUG cache:45 – Couldn't find template in cache for "spark/partials/standard-content.ftl"("en_IN", UTF-8, parsed); will try to load it.
2023-08-24 14:33:34 DEBUG cache:45 – TemplateLoader.findTemplateSource("spark/partials/standard-content_en_IN.ftl"): Not found
2023-08-24 14:33:34 DEBUG cache:45 – TemplateLoader.findTemplateSource("spark/partials/standard-content_en.ftl"): Not found
2023-08-24 14:33:34 DEBUG cache:45 – TemplateLoader.findTemplateSource("spark/partials/standard-content.ftl"): Found
2023-08-24 14:33:34 DEBUG cache:45 – Loading template for "spark/partials/standard-content.ftl"("en_IN", UTF-8, parsed) from "jar:file:/C:/Users/asingh73/.m2/repository/com/aventstack/extentreports/5.0.9/extentreports-5.0.9.jar!/com/aventstack/extentreports/templates/spark/partials/standard-content.ftl"
2023-08-24 14:33:34 DEBUG cache:45 – Couldn't find template in cache for "spark/partials/exception.ftl"("en_IN", UTF-8, parsed); will try to load it.
2023-08-24 14:33:34 DEBUG cache:45 – TemplateLoader.findTemplateSource("spark/partials/exception_en_IN.ftl"): Not found
2023-08-24 14:33:34 DEBUG cache:45 – TemplateLoader.findTemplateSource("spark/partials/exception_en.ftl"): Not found
2023-08-24 14:33:34 DEBUG cache:45 – TemplateLoader.findTemplateSource("spark/partials/exception.ftl"): Found
2023-08-24 14:33:34 DEBUG cache:45 – Loading template for "spark/partials/exception.ftl"("en_IN", UTF-8, parsed) from "jar:file:/C:/Users/asingh73/.m2/repository/com/aventstack/extentreports/5.0.9/extentreports-5.0.9.jar!/com/aventstack/extentreports/templates/spark/partials/exception.ftl"
2023-08-24 14:33:34 DEBUG cache:45 – Couldn't find template in cache for "spark/partials/category.ftl"("en_IN", UTF-8, parsed); will try to load it.
2023-08-24 14:33:34 DEBUG cache:45 – TemplateLoader.findTemplateSource("spark/partials/category_en_IN.ftl"): Not found
2023-08-24 14:33:34 DEBUG cache:45 – TemplateLoader.findTemplateSource("spark/partials/category_en.ftl"): Not found
2023-08-24 14:33:34 DEBUG cache:45 – TemplateLoader.findTemplateSource("spark/partials/category.ftl"): Found
2023-08-24 14:33:34 DEBUG cache:45 – Loading template for "spark/partials/category.ftl"("en_IN", UTF-8, parsed) from "jar:file:/C:/Users/asingh73/.m2/repository/com/aventstack/extentreports/5.0.9/extentreports-5.0.9.jar!/com/aventstack/extentreports/templates/spark/partials/category.ftl"
2023-08-24 14:33:34 DEBUG cache:45 – Couldn't find template in cache for "spark/partials/device.ftl"("en_IN", UTF-8, parsed); will try to load it.
2023-08-24 14:33:34 DEBUG cache:45 – TemplateLoader.findTemplateSource("spark/partials/device_en_IN.ftl"): Not found
2023-08-24 14:33:34 DEBUG cache:45 – TemplateLoader.findTemplateSource("spark/partials/device_en.ftl"): Not found
2023-08-24 14:33:34 DEBUG cache:45 – TemplateLoader.findTemplateSource("spark/partials/device.ftl"): Found
2023-08-24 14:33:34 DEBUG cache:45 – Loading template for "spark/partials/device.ftl"("en_IN", UTF-8, parsed) from "jar:file:/C:/Users/asingh73/.m2/repository/com/aventstack/extentreports/5.0.9/extentreports-5.0.9.jar!/com/aventstack/extentreports/templates/spark/partials/device.ftl"
2023-08-24 14:33:34 DEBUG cache:45 – Couldn't find template in cache for "spark/partials/author.ftl"("en_IN", UTF-8, parsed); will try to load it.
2023-08-24 14:33:34 DEBUG cache:45 – TemplateLoader.findTemplateSource("spark/partials/author_en_IN.ftl"): Not found
2023-08-24 14:33:34 DEBUG cache:45 – TemplateLoader.findTemplateSource("spark/partials/author_en.ftl"): Not found
2023-08-24 14:33:34 DEBUG cache:45 – TemplateLoader.findTemplateSource("spark/partials/author.ftl"): Found
2023-08-24 14:33:34 DEBUG cache:45 – Loading template for "spark/partials/author.ftl"("en_IN", UTF-8, parsed) from "jar:file:/C:/Users/asingh73/.m2/repository/com/aventstack/extentreports/5.0.9/extentreports-5.0.9.jar!/com/aventstack/extentreports/templates/spark/partials/author.ftl"
2023-08-24 14:33:34 DEBUG cache:45 – Couldn't find template in cache for "spark/partials/log.ftl"("en_IN", UTF-8, parsed); will try to load it.
2023-08-24 14:33:34 DEBUG cache:45 – TemplateLoader.findTemplateSource("spark/partials/log_en_IN.ftl"): Not found
2023-08-24 14:33:34 DEBUG cache:45 – TemplateLoader.findTemplateSource("spark/partials/log_en.ftl"): Not found
2023-08-24 14:33:34 DEBUG cache:45 – TemplateLoader.findTemplateSource("spark/partials/log.ftl"): Found
2023-08-24 14:33:34 DEBUG cache:45 – Loading template for "spark/partials/log.ftl"("en_IN", UTF-8, parsed) from "jar:file:/C:/Users/asingh73/.m2/repository/com/aventstack/extentreports/5.0.9/extentreports-5.0.9.jar!/com/aventstack/extentreports/templates/spark/partials/log.ftl"
2023-08-24 14:33:34 DEBUG cache:45 – Couldn't find template in cache for "spark/partials/dashboard.ftl"("en_IN", UTF-8, parsed); will try to load it.
2023-08-24 14:33:34 DEBUG cache:45 – TemplateLoader.findTemplateSource("spark/partials/dashboard_en_IN.ftl"): Not found
2023-08-24 14:33:34 DEBUG cache:45 – TemplateLoader.findTemplateSource("spark/partials/dashboard_en.ftl"): Not found
2023-08-24 14:33:34 DEBUG cache:45 – TemplateLoader.findTemplateSource("spark/partials/dashboard.ftl"): Found
2023-08-24 14:33:34 DEBUG cache:45 – Loading template for "spark/partials/dashboard.ftl"("en_IN", UTF-8, parsed) from "jar:file:/C:/Users/asingh73/.m2/repository/com/aventstack/extentreports/5.0.9/extentreports-5.0.9.jar!/com/aventstack/extentreports/templates/spark/partials/dashboard.ftl"
2023-08-24 14:33:34 DEBUG cache:45 – Couldn't find template in cache for "spark/partials/scripts.ftl"("en_IN", UTF-8, parsed); will try to load it.
2023-08-24 14:33:34 DEBUG cache:45 – TemplateLoader.findTemplateSource("spark/partials/scripts_en_IN.ftl"): Not found
2023-08-24 14:33:34 DEBUG cache:45 – TemplateLoader.findTemplateSource("spark/partials/scripts_en.ftl"): Not found
2023-08-24 14:33:34 DEBUG cache:45 – TemplateLoader.findTemplateSource("spark/partials/scripts.ftl"): Found
2023-08-24 14:33:34 DEBUG cache:45 – Loading template for "spark/partials/scripts.ftl"("en_IN", UTF-8, parsed) from "jar:file:/C:/Users/asingh73/.m2/repository/com/aventstack/extentreports/5.0.9/extentreports-5.0.9.jar!/com/aventstack/extentreports/templates/spark/partials/scripts.ftl"
2023-08-24 14:33:34 DEBUG cache:45 – Couldn't find template in cache for "commons/commons-inject-js.ftl"("en_IN", UTF-8, parsed); will try to load it.
2023-08-24 14:33:34 DEBUG cache:45 – TemplateLoader.findTemplateSource("commons/commons-inject-js_en_IN.ftl"): Not found
2023-08-24 14:33:34 DEBUG cache:45 – TemplateLoader.findTemplateSource("commons/commons-inject-js_en.ftl"): Not found
2023-08-24 14:33:34 DEBUG cache:45 – TemplateLoader.findTemplateSource("commons/commons-inject-js.ftl"): Found
2023-08-24 14:33:34 DEBUG cache:45 – Loading template for "commons/commons-inject-js.ftl"("en_IN", UTF-8, parsed) from "jar:file:/C:/Users/asingh73/.m2/repository/com/aventstack/extentreports/5.0.9/extentreports-5.0.9.jar!/com/aventstack/extentreports/templates/commons/commons-inject-js.ftl"
2023-09-11 16:56:37 INFO  Demo:16 – Url is Openened
2023-09-13 16:17:10 INFO  Demo:16 – Url is Openened
2023-09-13 16:17:10 INFO  Demo:23 – UserName Passed
2023-09-13 16:17:10 INFO  Demo:27 – Password Passed
2023-09-13 16:17:11 INFO  Demo:33 – Test Passed
2023-09-13 16:28:02 DEBUG cache:45 – Couldn't find template in cache for "spark/spark.spa.ftl"("en_IN", UTF-8, parsed); will try to load it.
2023-09-13 16:28:02 DEBUG cache:45 – TemplateLoader.findTemplateSource("spark/spark.spa_en_IN.ftl"): Not found
2023-09-13 16:28:02 DEBUG cache:45 – TemplateLoader.findTemplateSource("spark/spark.spa_en.ftl"): Not found
2023-09-13 16:28:02 DEBUG cache:45 – TemplateLoader.findTemplateSource("spark/spark.spa.ftl"): Found
2023-09-13 16:28:02 DEBUG cache:45 – Loading template for "spark/spark.spa.ftl"("en_IN", UTF-8, parsed) from "jar:file:/C:/Users/asingh73/.m2/repository/com/aventstack/extentreports/5.0.9/extentreports-5.0.9.jar!/com/aventstack/extentreports/templates/spark/spark.spa.ftl"
2023-09-13 16:28:02 DEBUG cache:45 – Couldn't find template in cache for "commons/commons-variables.ftl"("en_IN", UTF-8, parsed); will try to load it.
2023-09-13 16:28:02 DEBUG cache:45 – TemplateLoader.findTemplateSource("commons/commons-variables_en_IN.ftl"): Not found
2023-09-13 16:28:02 DEBUG cache:45 – TemplateLoader.findTemplateSource("commons/commons-variables_en.ftl"): Not found
2023-09-13 16:28:02 DEBUG cache:45 – TemplateLoader.findTemplateSource("commons/commons-variables.ftl"): Found
2023-09-13 16:28:02 DEBUG cache:45 – Loading template for "commons/commons-variables.ftl"("en_IN", UTF-8, parsed) from "jar:file:/C:/Users/asingh73/.m2/repository/com/aventstack/extentreports/5.0.9/extentreports-5.0.9.jar!/com/aventstack/extentreports/templates/commons/commons-variables.ftl"
2023-09-13 16:28:02 DEBUG cache:45 – Couldn't find template in cache for "commons/commons-macros.ftl"("en_IN", UTF-8, parsed); will try to load it.
2023-09-13 16:28:02 DEBUG cache:45 – TemplateLoader.findTemplateSource("commons/commons-macros_en_IN.ftl"): Not found
2023-09-13 16:28:02 DEBUG cache:45 – TemplateLoader.findTemplateSource("commons/commons-macros_en.ftl"): Not found
2023-09-13 16:28:02 DEBUG cache:45 – TemplateLoader.findTemplateSource("commons/commons-macros.ftl"): Found
2023-09-13 16:28:02 DEBUG cache:45 – Loading template for "commons/commons-macros.ftl"("en_IN", UTF-8, parsed) from "jar:file:/C:/Users/asingh73/.m2/repository/com/aventstack/extentreports/5.0.9/extentreports-5.0.9.jar!/com/aventstack/extentreports/templates/commons/commons-macros.ftl"
2023-09-13 16:28:02 DEBUG cache:45 – Couldn't find template in cache for "spark/macros/attributes.ftl"("en_IN", UTF-8, parsed); will try to load it.
2023-09-13 16:28:02 DEBUG cache:45 – TemplateLoader.findTemplateSource("spark/macros/attributes_en_IN.ftl"): Not found
2023-09-13 16:28:02 DEBUG cache:45 – TemplateLoader.findTemplateSource("spark/macros/attributes_en.ftl"): Not found
2023-09-13 16:28:02 DEBUG cache:45 – TemplateLoader.findTemplateSource("spark/macros/attributes.ftl"): Found
2023-09-13 16:28:02 DEBUG cache:45 – Loading template for "spark/macros/attributes.ftl"("en_IN", UTF-8, parsed) from "jar:file:/C:/Users/asingh73/.m2/repository/com/aventstack/extentreports/5.0.9/extentreports-5.0.9.jar!/com/aventstack/extentreports/templates/spark/macros/attributes.ftl"
2023-09-13 16:28:02 DEBUG cache:45 – Couldn't find template in cache for "spark/macros/log.ftl"("en_IN", UTF-8, parsed); will try to load it.
2023-09-13 16:28:02 DEBUG cache:45 – TemplateLoader.findTemplateSource("spark/macros/log_en_IN.ftl"): Not found
2023-09-13 16:28:02 DEBUG cache:45 – TemplateLoader.findTemplateSource("spark/macros/log_en.ftl"): Not found
2023-09-13 16:28:02 DEBUG cache:45 – TemplateLoader.findTemplateSource("spark/macros/log.ftl"): Found
2023-09-13 16:28:02 DEBUG cache:45 – Loading template for "spark/macros/log.ftl"("en_IN", UTF-8, parsed) from "jar:file:/C:/Users/asingh73/.m2/repository/com/aventstack/extentreports/5.0.9/extentreports-5.0.9.jar!/com/aventstack/extentreports/templates/spark/macros/log.ftl"
2023-09-13 16:28:02 DEBUG cache:45 – Couldn't find template in cache for "spark/macros/recurse_nodes.ftl"("en_IN", UTF-8, parsed); will try to load it.
2023-09-13 16:28:02 DEBUG cache:45 – TemplateLoader.findTemplateSource("spark/macros/recurse_nodes_en_IN.ftl"): Not found
2023-09-13 16:28:02 DEBUG cache:45 – TemplateLoader.findTemplateSource("spark/macros/recurse_nodes_en.ftl"): Not found
2023-09-13 16:28:02 DEBUG cache:45 – TemplateLoader.findTemplateSource("spark/macros/recurse_nodes.ftl"): Found
2023-09-13 16:28:02 DEBUG cache:45 – Loading template for "spark/macros/recurse_nodes.ftl"("en_IN", UTF-8, parsed) from "jar:file:/C:/Users/asingh73/.m2/repository/com/aventstack/extentreports/5.0.9/extentreports-5.0.9.jar!/com/aventstack/extentreports/templates/spark/macros/recurse_nodes.ftl"
2023-09-13 16:28:02 DEBUG cache:45 – "spark/macros/log.ftl"("en_IN", UTF-8, parsed) cached copy not yet stale; using cached.
2023-09-13 16:28:02 DEBUG cache:45 – Couldn't find template in cache for "spark/macros/attr-common.ftl"("en_IN", UTF-8, parsed); will try to load it.
2023-09-13 16:28:02 DEBUG cache:45 – TemplateLoader.findTemplateSource("spark/macros/attr-common_en_IN.ftl"): Not found
2023-09-13 16:28:02 DEBUG cache:45 – TemplateLoader.findTemplateSource("spark/macros/attr-common_en.ftl"): Not found
2023-09-13 16:28:02 DEBUG cache:45 – TemplateLoader.findTemplateSource("spark/macros/attr-common.ftl"): Found
2023-09-13 16:28:02 DEBUG cache:45 – Loading template for "spark/macros/attr-common.ftl"("en_IN", UTF-8, parsed) from "jar:file:/C:/Users/asingh73/.m2/repository/com/aventstack/extentreports/5.0.9/extentreports-5.0.9.jar!/com/aventstack/extentreports/templates/spark/macros/attr-common.ftl"
2023-09-13 16:28:02 DEBUG cache:45 – Couldn't find template in cache for "spark/partials/head.ftl"("en_IN", UTF-8, parsed); will try to load it.
2023-09-13 16:28:02 DEBUG cache:45 – TemplateLoader.findTemplateSource("spark/partials/head_en_IN.ftl"): Not found
2023-09-13 16:28:02 DEBUG cache:45 – TemplateLoader.findTemplateSource("spark/partials/head_en.ftl"): Not found
2023-09-13 16:28:02 DEBUG cache:45 – TemplateLoader.findTemplateSource("spark/partials/head.ftl"): Found
2023-09-13 16:28:02 DEBUG cache:45 – Loading template for "spark/partials/head.ftl"("en_IN", UTF-8, parsed) from "jar:file:/C:/Users/asingh73/.m2/repository/com/aventstack/extentreports/5.0.9/extentreports-5.0.9.jar!/com/aventstack/extentreports/templates/spark/partials/head.ftl"
2023-09-13 16:28:02 DEBUG cache:45 – Couldn't find template in cache for "commons/commons-inject-css.ftl"("en_IN", UTF-8, parsed); will try to load it.
2023-09-13 16:28:02 DEBUG cache:45 – TemplateLoader.findTemplateSource("commons/commons-inject-css_en_IN.ftl"): Not found
2023-09-13 16:28:02 DEBUG cache:45 – TemplateLoader.findTemplateSource("commons/commons-inject-css_en.ftl"): Not found
2023-09-13 16:28:02 DEBUG cache:45 – TemplateLoader.findTemplateSource("commons/commons-inject-css.ftl"): Found
2023-09-13 16:28:02 DEBUG cache:45 – Loading template for "commons/commons-inject-css.ftl"("en_IN", UTF-8, parsed) from "jar:file:/C:/Users/asingh73/.m2/repository/com/aventstack/extentreports/5.0.9/extentreports-5.0.9.jar!/com/aventstack/extentreports/templates/commons/commons-inject-css.ftl"
2023-09-13 16:28:02 DEBUG cache:45 – Couldn't find template in cache for "spark/partials/navbar.ftl"("en_IN", UTF-8, parsed); will try to load it.
2023-09-13 16:28:02 DEBUG cache:45 – TemplateLoader.findTemplateSource("spark/partials/navbar_en_IN.ftl"): Not found
2023-09-13 16:28:02 DEBUG cache:45 – TemplateLoader.findTemplateSource("spark/partials/navbar_en.ftl"): Not found
2023-09-13 16:28:02 DEBUG cache:45 – TemplateLoader.findTemplateSource("spark/partials/navbar.ftl"): Found
2023-09-13 16:28:02 DEBUG cache:45 – Loading template for "spark/partials/navbar.ftl"("en_IN", UTF-8, parsed) from "jar:file:/C:/Users/asingh73/.m2/repository/com/aventstack/extentreports/5.0.9/extentreports-5.0.9.jar!/com/aventstack/extentreports/templates/spark/partials/navbar.ftl"
2023-09-13 16:28:02 DEBUG cache:45 – Couldn't find template in cache for "spark/partials/sidenav.ftl"("en_IN", UTF-8, parsed); will try to load it.
2023-09-13 16:28:02 DEBUG cache:45 – TemplateLoader.findTemplateSource("spark/partials/sidenav_en_IN.ftl"): Not found
2023-09-13 16:28:02 DEBUG cache:45 – TemplateLoader.findTemplateSource("spark/partials/sidenav_en.ftl"): Not found
2023-09-13 16:28:02 DEBUG cache:45 – TemplateLoader.findTemplateSource("spark/partials/sidenav.ftl"): Found
2023-09-13 16:28:02 DEBUG cache:45 – Loading template for "spark/partials/sidenav.ftl"("en_IN", UTF-8, parsed) from "jar:file:/C:/Users/asingh73/.m2/repository/com/aventstack/extentreports/5.0.9/extentreports-5.0.9.jar!/com/aventstack/extentreports/templates/spark/partials/sidenav.ftl"
2023-09-13 16:28:02 DEBUG cache:45 – Couldn't find template in cache for "spark/partials/test.ftl"("en_IN", UTF-8, parsed); will try to load it.
2023-09-13 16:28:02 DEBUG cache:45 – TemplateLoader.findTemplateSource("spark/partials/test_en_IN.ftl"): Not found
2023-09-13 16:28:02 DEBUG cache:45 – TemplateLoader.findTemplateSource("spark/partials/test_en.ftl"): Not found
2023-09-13 16:28:02 DEBUG cache:45 – TemplateLoader.findTemplateSource("spark/partials/test.ftl"): Found
2023-09-13 16:28:02 DEBUG cache:45 – Loading template for "spark/partials/test.ftl"("en_IN", UTF-8, parsed) from "jar:file:/C:/Users/asingh73/.m2/repository/com/aventstack/extentreports/5.0.9/extentreports-5.0.9.jar!/com/aventstack/extentreports/templates/spark/partials/test.ftl"
2023-09-13 16:28:02 DEBUG cache:45 – Couldn't find template in cache for "spark/partials/standard-content.ftl"("en_IN", UTF-8, parsed); will try to load it.
2023-09-13 16:28:02 DEBUG cache:45 – TemplateLoader.findTemplateSource("spark/partials/standard-content_en_IN.ftl"): Not found
2023-09-13 16:28:02 DEBUG cache:45 – TemplateLoader.findTemplateSource("spark/partials/standard-content_en.ftl"): Not found
2023-09-13 16:28:02 DEBUG cache:45 – TemplateLoader.findTemplateSource("spark/partials/standard-content.ftl"): Found
2023-09-13 16:28:02 DEBUG cache:45 – Loading template for "spark/partials/standard-content.ftl"("en_IN", UTF-8, parsed) from "jar:file:/C:/Users/asingh73/.m2/repository/com/aventstack/extentreports/5.0.9/extentreports-5.0.9.jar!/com/aventstack/extentreports/templates/spark/partials/standard-content.ftl"
2023-09-13 16:28:02 DEBUG cache:45 – Couldn't find template in cache for "spark/partials/exception.ftl"("en_IN", UTF-8, parsed); will try to load it.
2023-09-13 16:28:02 DEBUG cache:45 – TemplateLoader.findTemplateSource("spark/partials/exception_en_IN.ftl"): Not found
2023-09-13 16:28:02 DEBUG cache:45 – TemplateLoader.findTemplateSource("spark/partials/exception_en.ftl"): Not found
2023-09-13 16:28:02 DEBUG cache:45 – TemplateLoader.findTemplateSource("spark/partials/exception.ftl"): Found
2023-09-13 16:28:02 DEBUG cache:45 – Loading template for "spark/partials/exception.ftl"("en_IN", UTF-8, parsed) from "jar:file:/C:/Users/asingh73/.m2/repository/com/aventstack/extentreports/5.0.9/extentreports-5.0.9.jar!/com/aventstack/extentreports/templates/spark/partials/exception.ftl"
2023-09-13 16:28:02 DEBUG cache:45 – Couldn't find template in cache for "spark/partials/category.ftl"("en_IN", UTF-8, parsed); will try to load it.
2023-09-13 16:28:02 DEBUG cache:45 – TemplateLoader.findTemplateSource("spark/partials/category_en_IN.ftl"): Not found
2023-09-13 16:28:02 DEBUG cache:45 – TemplateLoader.findTemplateSource("spark/partials/category_en.ftl"): Not found
2023-09-13 16:28:02 DEBUG cache:45 – TemplateLoader.findTemplateSource("spark/partials/category.ftl"): Found
2023-09-13 16:28:02 DEBUG cache:45 – Loading template for "spark/partials/category.ftl"("en_IN", UTF-8, parsed) from "jar:file:/C:/Users/asingh73/.m2/repository/com/aventstack/extentreports/5.0.9/extentreports-5.0.9.jar!/com/aventstack/extentreports/templates/spark/partials/category.ftl"
2023-09-13 16:28:02 DEBUG cache:45 – Couldn't find template in cache for "spark/partials/device.ftl"("en_IN", UTF-8, parsed); will try to load it.
2023-09-13 16:28:02 DEBUG cache:45 – TemplateLoader.findTemplateSource("spark/partials/device_en_IN.ftl"): Not found
2023-09-13 16:28:02 DEBUG cache:45 – TemplateLoader.findTemplateSource("spark/partials/device_en.ftl"): Not found
2023-09-13 16:28:02 DEBUG cache:45 – TemplateLoader.findTemplateSource("spark/partials/device.ftl"): Found
2023-09-13 16:28:02 DEBUG cache:45 – Loading template for "spark/partials/device.ftl"("en_IN", UTF-8, parsed) from "jar:file:/C:/Users/asingh73/.m2/repository/com/aventstack/extentreports/5.0.9/extentreports-5.0.9.jar!/com/aventstack/extentreports/templates/spark/partials/device.ftl"
2023-09-13 16:28:02 DEBUG cache:45 – Couldn't find template in cache for "spark/partials/author.ftl"("en_IN", UTF-8, parsed); will try to load it.
2023-09-13 16:28:02 DEBUG cache:45 – TemplateLoader.findTemplateSource("spark/partials/author_en_IN.ftl"): Not found
2023-09-13 16:28:02 DEBUG cache:45 – TemplateLoader.findTemplateSource("spark/partials/author_en.ftl"): Not found
2023-09-13 16:28:02 DEBUG cache:45 – TemplateLoader.findTemplateSource("spark/partials/author.ftl"): Found
2023-09-13 16:28:02 DEBUG cache:45 – Loading template for "spark/partials/author.ftl"("en_IN", UTF-8, parsed) from "jar:file:/C:/Users/asingh73/.m2/repository/com/aventstack/extentreports/5.0.9/extentreports-5.0.9.jar!/com/aventstack/extentreports/templates/spark/partials/author.ftl"
2023-09-13 16:28:02 DEBUG cache:45 – Couldn't find template in cache for "spark/partials/log.ftl"("en_IN", UTF-8, parsed); will try to load it.
2023-09-13 16:28:02 DEBUG cache:45 – TemplateLoader.findTemplateSource("spark/partials/log_en_IN.ftl"): Not found
2023-09-13 16:28:02 DEBUG cache:45 – TemplateLoader.findTemplateSource("spark/partials/log_en.ftl"): Not found
2023-09-13 16:28:02 DEBUG cache:45 – TemplateLoader.findTemplateSource("spark/partials/log.ftl"): Found
2023-09-13 16:28:02 DEBUG cache:45 – Loading template for "spark/partials/log.ftl"("en_IN", UTF-8, parsed) from "jar:file:/C:/Users/asingh73/.m2/repository/com/aventstack/extentreports/5.0.9/extentreports-5.0.9.jar!/com/aventstack/extentreports/templates/spark/partials/log.ftl"
2023-09-13 16:28:02 DEBUG cache:45 – Couldn't find template in cache for "spark/partials/dashboard.ftl"("en_IN", UTF-8, parsed); will try to load it.
2023-09-13 16:28:02 DEBUG cache:45 – TemplateLoader.findTemplateSource("spark/partials/dashboard_en_IN.ftl"): Not found
2023-09-13 16:28:02 DEBUG cache:45 – TemplateLoader.findTemplateSource("spark/partials/dashboard_en.ftl"): Not found
2023-09-13 16:28:02 DEBUG cache:45 – TemplateLoader.findTemplateSource("spark/partials/dashboard.ftl"): Found
2023-09-13 16:28:02 DEBUG cache:45 – Loading template for "spark/partials/dashboard.ftl"("en_IN", UTF-8, parsed) from "jar:file:/C:/Users/asingh73/.m2/repository/com/aventstack/extentreports/5.0.9/extentreports-5.0.9.jar!/com/aventstack/extentreports/templates/spark/partials/dashboard.ftl"
2023-09-13 16:28:02 DEBUG cache:45 – Couldn't find template in cache for "spark/partials/scripts.ftl"("en_IN", UTF-8, parsed); will try to load it.
2023-09-13 16:28:02 DEBUG cache:45 – TemplateLoader.findTemplateSource("spark/partials/scripts_en_IN.ftl"): Not found
2023-09-13 16:28:02 DEBUG cache:45 – TemplateLoader.findTemplateSource("spark/partials/scripts_en.ftl"): Not found
2023-09-13 16:28:02 DEBUG cache:45 – TemplateLoader.findTemplateSource("spark/partials/scripts.ftl"): Found
2023-09-13 16:28:02 DEBUG cache:45 – Loading template for "spark/partials/scripts.ftl"("en_IN", UTF-8, parsed) from "jar:file:/C:/Users/asingh73/.m2/repository/com/aventstack/extentreports/5.0.9/extentreports-5.0.9.jar!/com/aventstack/extentreports/templates/spark/partials/scripts.ftl"
2023-09-13 16:28:02 DEBUG cache:45 – Couldn't find template in cache for "commons/commons-inject-js.ftl"("en_IN", UTF-8, parsed); will try to load it.
2023-09-13 16:28:02 DEBUG cache:45 – TemplateLoader.findTemplateSource("commons/commons-inject-js_en_IN.ftl"): Not found
2023-09-13 16:28:02 DEBUG cache:45 – TemplateLoader.findTemplateSource("commons/commons-inject-js_en.ftl"): Not found
2023-09-13 16:28:02 DEBUG cache:45 – TemplateLoader.findTemplateSource("commons/commons-inject-js.ftl"): Found
2023-09-13 16:28:02 DEBUG cache:45 – Loading template for "commons/commons-inject-js.ftl"("en_IN", UTF-8, parsed) from "jar:file:/C:/Users/asingh73/.m2/repository/com/aventstack/extentreports/5.0.9/extentreports-5.0.9.jar!/com/aventstack/extentreports/templates/commons/commons-inject-js.ftl"
2023-09-13 16:39:20 DEBUG cache:45 – Couldn't find template in cache for "spark/spark.spa.ftl"("en_IN", UTF-8, parsed); will try to load it.
2023-09-13 16:39:20 DEBUG cache:45 – TemplateLoader.findTemplateSource("spark/spark.spa_en_IN.ftl"): Not found
2023-09-13 16:39:20 DEBUG cache:45 – TemplateLoader.findTemplateSource("spark/spark.spa_en.ftl"): Not found
2023-09-13 16:39:20 DEBUG cache:45 – TemplateLoader.findTemplateSource("spark/spark.spa.ftl"): Found
2023-09-13 16:39:20 DEBUG cache:45 – Loading template for "spark/spark.spa.ftl"("en_IN", UTF-8, parsed) from "jar:file:/C:/Users/asingh73/.m2/repository/com/aventstack/extentreports/5.0.9/extentreports-5.0.9.jar!/com/aventstack/extentreports/templates/spark/spark.spa.ftl"
2023-09-13 16:39:20 DEBUG cache:45 – Couldn't find template in cache for "commons/commons-variables.ftl"("en_IN", UTF-8, parsed); will try to load it.
2023-09-13 16:39:20 DEBUG cache:45 – TemplateLoader.findTemplateSource("commons/commons-variables_en_IN.ftl"): Not found
2023-09-13 16:39:20 DEBUG cache:45 – TemplateLoader.findTemplateSource("commons/commons-variables_en.ftl"): Not found
2023-09-13 16:39:20 DEBUG cache:45 – TemplateLoader.findTemplateSource("commons/commons-variables.ftl"): Found
2023-09-13 16:39:20 DEBUG cache:45 – Loading template for "commons/commons-variables.ftl"("en_IN", UTF-8, parsed) from "jar:file:/C:/Users/asingh73/.m2/repository/com/aventstack/extentreports/5.0.9/extentreports-5.0.9.jar!/com/aventstack/extentreports/templates/commons/commons-variables.ftl"
2023-09-13 16:39:20 DEBUG cache:45 – Couldn't find template in cache for "commons/commons-macros.ftl"("en_IN", UTF-8, parsed); will try to load it.
2023-09-13 16:39:20 DEBUG cache:45 – TemplateLoader.findTemplateSource("commons/commons-macros_en_IN.ftl"): Not found
2023-09-13 16:39:20 DEBUG cache:45 – TemplateLoader.findTemplateSource("commons/commons-macros_en.ftl"): Not found
2023-09-13 16:39:20 DEBUG cache:45 – TemplateLoader.findTemplateSource("commons/commons-macros.ftl"): Found
2023-09-13 16:39:20 DEBUG cache:45 – Loading template for "commons/commons-macros.ftl"("en_IN", UTF-8, parsed) from "jar:file:/C:/Users/asingh73/.m2/repository/com/aventstack/extentreports/5.0.9/extentreports-5.0.9.jar!/com/aventstack/extentreports/templates/commons/commons-macros.ftl"
2023-09-13 16:39:20 DEBUG cache:45 – Couldn't find template in cache for "spark/macros/attributes.ftl"("en_IN", UTF-8, parsed); will try to load it.
2023-09-13 16:39:20 DEBUG cache:45 – TemplateLoader.findTemplateSource("spark/macros/attributes_en_IN.ftl"): Not found
2023-09-13 16:39:20 DEBUG cache:45 – TemplateLoader.findTemplateSource("spark/macros/attributes_en.ftl"): Not found
2023-09-13 16:39:20 DEBUG cache:45 – TemplateLoader.findTemplateSource("spark/macros/attributes.ftl"): Found
2023-09-13 16:39:20 DEBUG cache:45 – Loading template for "spark/macros/attributes.ftl"("en_IN", UTF-8, parsed) from "jar:file:/C:/Users/asingh73/.m2/repository/com/aventstack/extentreports/5.0.9/extentreports-5.0.9.jar!/com/aventstack/extentreports/templates/spark/macros/attributes.ftl"
2023-09-13 16:39:20 DEBUG cache:45 – Couldn't find template in cache for "spark/macros/log.ftl"("en_IN", UTF-8, parsed); will try to load it.
2023-09-13 16:39:20 DEBUG cache:45 – TemplateLoader.findTemplateSource("spark/macros/log_en_IN.ftl"): Not found
2023-09-13 16:39:20 DEBUG cache:45 – TemplateLoader.findTemplateSource("spark/macros/log_en.ftl"): Not found
2023-09-13 16:39:20 DEBUG cache:45 – TemplateLoader.findTemplateSource("spark/macros/log.ftl"): Found
2023-09-13 16:39:20 DEBUG cache:45 – Loading template for "spark/macros/log.ftl"("en_IN", UTF-8, parsed) from "jar:file:/C:/Users/asingh73/.m2/repository/com/aventstack/extentreports/5.0.9/extentreports-5.0.9.jar!/com/aventstack/extentreports/templates/spark/macros/log.ftl"
2023-09-13 16:39:20 DEBUG cache:45 – Couldn't find template in cache for "spark/macros/recurse_nodes.ftl"("en_IN", UTF-8, parsed); will try to load it.
2023-09-13 16:39:20 DEBUG cache:45 – TemplateLoader.findTemplateSource("spark/macros/recurse_nodes_en_IN.ftl"): Not found
2023-09-13 16:39:20 DEBUG cache:45 – TemplateLoader.findTemplateSource("spark/macros/recurse_nodes_en.ftl"): Not found
2023-09-13 16:39:20 DEBUG cache:45 – TemplateLoader.findTemplateSource("spark/macros/recurse_nodes.ftl"): Found
2023-09-13 16:39:20 DEBUG cache:45 – Loading template for "spark/macros/recurse_nodes.ftl"("en_IN", UTF-8, parsed) from "jar:file:/C:/Users/asingh73/.m2/repository/com/aventstack/extentreports/5.0.9/extentreports-5.0.9.jar!/com/aventstack/extentreports/templates/spark/macros/recurse_nodes.ftl"
2023-09-13 16:39:20 DEBUG cache:45 – "spark/macros/log.ftl"("en_IN", UTF-8, parsed) cached copy not yet stale; using cached.
2023-09-13 16:39:20 DEBUG cache:45 – Couldn't find template in cache for "spark/macros/attr-common.ftl"("en_IN", UTF-8, parsed); will try to load it.
2023-09-13 16:39:20 DEBUG cache:45 – TemplateLoader.findTemplateSource("spark/macros/attr-common_en_IN.ftl"): Not found
2023-09-13 16:39:20 DEBUG cache:45 – TemplateLoader.findTemplateSource("spark/macros/attr-common_en.ftl"): Not found
2023-09-13 16:39:20 DEBUG cache:45 – TemplateLoader.findTemplateSource("spark/macros/attr-common.ftl"): Found
2023-09-13 16:39:20 DEBUG cache:45 – Loading template for "spark/macros/attr-common.ftl"("en_IN", UTF-8, parsed) from "jar:file:/C:/Users/asingh73/.m2/repository/com/aventstack/extentreports/5.0.9/extentreports-5.0.9.jar!/com/aventstack/extentreports/templates/spark/macros/attr-common.ftl"
2023-09-13 16:39:20 DEBUG cache:45 – Couldn't find template in cache for "spark/partials/head.ftl"("en_IN", UTF-8, parsed); will try to load it.
2023-09-13 16:39:20 DEBUG cache:45 – TemplateLoader.findTemplateSource("spark/partials/head_en_IN.ftl"): Not found
2023-09-13 16:39:20 DEBUG cache:45 – TemplateLoader.findTemplateSource("spark/partials/head_en.ftl"): Not found
2023-09-13 16:39:20 DEBUG cache:45 – TemplateLoader.findTemplateSource("spark/partials/head.ftl"): Found
2023-09-13 16:39:20 DEBUG cache:45 – Loading template for "spark/partials/head.ftl"("en_IN", UTF-8, parsed) from "jar:file:/C:/Users/asingh73/.m2/repository/com/aventstack/extentreports/5.0.9/extentreports-5.0.9.jar!/com/aventstack/extentreports/templates/spark/partials/head.ftl"
2023-09-13 16:39:20 DEBUG cache:45 – Couldn't find template in cache for "commons/commons-inject-css.ftl"("en_IN", UTF-8, parsed); will try to load it.
2023-09-13 16:39:20 DEBUG cache:45 – TemplateLoader.findTemplateSource("commons/commons-inject-css_en_IN.ftl"): Not found
2023-09-13 16:39:20 DEBUG cache:45 – TemplateLoader.findTemplateSource("commons/commons-inject-css_en.ftl"): Not found
2023-09-13 16:39:20 DEBUG cache:45 – TemplateLoader.findTemplateSource("commons/commons-inject-css.ftl"): Found
2023-09-13 16:39:20 DEBUG cache:45 – Loading template for "commons/commons-inject-css.ftl"("en_IN", UTF-8, parsed) from "jar:file:/C:/Users/asingh73/.m2/repository/com/aventstack/extentreports/5.0.9/extentreports-5.0.9.jar!/com/aventstack/extentreports/templates/commons/commons-inject-css.ftl"
2023-09-13 16:39:20 DEBUG cache:45 – Couldn't find template in cache for "spark/partials/navbar.ftl"("en_IN", UTF-8, parsed); will try to load it.
2023-09-13 16:39:20 DEBUG cache:45 – TemplateLoader.findTemplateSource("spark/partials/navbar_en_IN.ftl"): Not found
2023-09-13 16:39:20 DEBUG cache:45 – TemplateLoader.findTemplateSource("spark/partials/navbar_en.ftl"): Not found
2023-09-13 16:39:20 DEBUG cache:45 – TemplateLoader.findTemplateSource("spark/partials/navbar.ftl"): Found
2023-09-13 16:39:20 DEBUG cache:45 – Loading template for "spark/partials/navbar.ftl"("en_IN", UTF-8, parsed) from "jar:file:/C:/Users/asingh73/.m2/repository/com/aventstack/extentreports/5.0.9/extentreports-5.0.9.jar!/com/aventstack/extentreports/templates/spark/partials/navbar.ftl"
2023-09-13 16:39:20 DEBUG cache:45 – Couldn't find template in cache for "spark/partials/sidenav.ftl"("en_IN", UTF-8, parsed); will try to load it.
2023-09-13 16:39:20 DEBUG cache:45 – TemplateLoader.findTemplateSource("spark/partials/sidenav_en_IN.ftl"): Not found
2023-09-13 16:39:20 DEBUG cache:45 – TemplateLoader.findTemplateSource("spark/partials/sidenav_en.ftl"): Not found
2023-09-13 16:39:20 DEBUG cache:45 – TemplateLoader.findTemplateSource("spark/partials/sidenav.ftl"): Found
2023-09-13 16:39:20 DEBUG cache:45 – Loading template for "spark/partials/sidenav.ftl"("en_IN", UTF-8, parsed) from "jar:file:/C:/Users/asingh73/.m2/repository/com/aventstack/extentreports/5.0.9/extentreports-5.0.9.jar!/com/aventstack/extentreports/templates/spark/partials/sidenav.ftl"
2023-09-13 16:39:20 DEBUG cache:45 – Couldn't find template in cache for "spark/partials/test.ftl"("en_IN", UTF-8, parsed); will try to load it.
2023-09-13 16:39:20 DEBUG cache:45 – TemplateLoader.findTemplateSource("spark/partials/test_en_IN.ftl"): Not found
2023-09-13 16:39:20 DEBUG cache:45 – TemplateLoader.findTemplateSource("spark/partials/test_en.ftl"): Not found
2023-09-13 16:39:20 DEBUG cache:45 – TemplateLoader.findTemplateSource("spark/partials/test.ftl"): Found
2023-09-13 16:39:20 DEBUG cache:45 – Loading template for "spark/partials/test.ftl"("en_IN", UTF-8, parsed) from "jar:file:/C:/Users/asingh73/.m2/repository/com/aventstack/extentreports/5.0.9/extentreports-5.0.9.jar!/com/aventstack/extentreports/templates/spark/partials/test.ftl"
2023-09-13 16:39:20 DEBUG cache:45 – Couldn't find template in cache for "spark/partials/standard-content.ftl"("en_IN", UTF-8, parsed); will try to load it.
2023-09-13 16:39:20 DEBUG cache:45 – TemplateLoader.findTemplateSource("spark/partials/standard-content_en_IN.ftl"): Not found
2023-09-13 16:39:20 DEBUG cache:45 – TemplateLoader.findTemplateSource("spark/partials/standard-content_en.ftl"): Not found
2023-09-13 16:39:20 DEBUG cache:45 – TemplateLoader.findTemplateSource("spark/partials/standard-content.ftl"): Found
2023-09-13 16:39:20 DEBUG cache:45 – Loading template for "spark/partials/standard-content.ftl"("en_IN", UTF-8, parsed) from "jar:file:/C:/Users/asingh73/.m2/repository/com/aventstack/extentreports/5.0.9/extentreports-5.0.9.jar!/com/aventstack/extentreports/templates/spark/partials/standard-content.ftl"
2023-09-13 16:39:20 DEBUG cache:45 – Couldn't find template in cache for "spark/partials/exception.ftl"("en_IN", UTF-8, parsed); will try to load it.
2023-09-13 16:39:20 DEBUG cache:45 – TemplateLoader.findTemplateSource("spark/partials/exception_en_IN.ftl"): Not found
2023-09-13 16:39:20 DEBUG cache:45 – TemplateLoader.findTemplateSource("spark/partials/exception_en.ftl"): Not found
2023-09-13 16:39:20 DEBUG cache:45 – TemplateLoader.findTemplateSource("spark/partials/exception.ftl"): Found
2023-09-13 16:39:20 DEBUG cache:45 – Loading template for "spark/partials/exception.ftl"("en_IN", UTF-8, parsed) from "jar:file:/C:/Users/asingh73/.m2/repository/com/aventstack/extentreports/5.0.9/extentreports-5.0.9.jar!/com/aventstack/extentreports/templates/spark/partials/exception.ftl"
2023-09-13 16:39:20 DEBUG cache:45 – Couldn't find template in cache for "spark/partials/category.ftl"("en_IN", UTF-8, parsed); will try to load it.
2023-09-13 16:39:20 DEBUG cache:45 – TemplateLoader.findTemplateSource("spark/partials/category_en_IN.ftl"): Not found
2023-09-13 16:39:20 DEBUG cache:45 – TemplateLoader.findTemplateSource("spark/partials/category_en.ftl"): Not found
2023-09-13 16:39:20 DEBUG cache:45 – TemplateLoader.findTemplateSource("spark/partials/category.ftl"): Found
2023-09-13 16:39:20 DEBUG cache:45 – Loading template for "spark/partials/category.ftl"("en_IN", UTF-8, parsed) from "jar:file:/C:/Users/asingh73/.m2/repository/com/aventstack/extentreports/5.0.9/extentreports-5.0.9.jar!/com/aventstack/extentreports/templates/spark/partials/category.ftl"
2023-09-13 16:39:20 DEBUG cache:45 – Couldn't find template in cache for "spark/partials/device.ftl"("en_IN", UTF-8, parsed); will try to load it.
2023-09-13 16:39:20 DEBUG cache:45 – TemplateLoader.findTemplateSource("spark/partials/device_en_IN.ftl"): Not found
2023-09-13 16:39:20 DEBUG cache:45 – TemplateLoader.findTemplateSource("spark/partials/device_en.ftl"): Not found
2023-09-13 16:39:20 DEBUG cache:45 – TemplateLoader.findTemplateSource("spark/partials/device.ftl"): Found
2023-09-13 16:39:20 DEBUG cache:45 – Loading template for "spark/partials/device.ftl"("en_IN", UTF-8, parsed) from "jar:file:/C:/Users/asingh73/.m2/repository/com/aventstack/extentreports/5.0.9/extentreports-5.0.9.jar!/com/aventstack/extentreports/templates/spark/partials/device.ftl"
2023-09-13 16:39:20 DEBUG cache:45 – Couldn't find template in cache for "spark/partials/author.ftl"("en_IN", UTF-8, parsed); will try to load it.
2023-09-13 16:39:20 DEBUG cache:45 – TemplateLoader.findTemplateSource("spark/partials/author_en_IN.ftl"): Not found
2023-09-13 16:39:20 DEBUG cache:45 – TemplateLoader.findTemplateSource("spark/partials/author_en.ftl"): Not found
2023-09-13 16:39:20 DEBUG cache:45 – TemplateLoader.findTemplateSource("spark/partials/author.ftl"): Found
2023-09-13 16:39:20 DEBUG cache:45 – Loading template for "spark/partials/author.ftl"("en_IN", UTF-8, parsed) from "jar:file:/C:/Users/asingh73/.m2/repository/com/aventstack/extentreports/5.0.9/extentreports-5.0.9.jar!/com/aventstack/extentreports/templates/spark/partials/author.ftl"
2023-09-13 16:39:20 DEBUG cache:45 – Couldn't find template in cache for "spark/partials/log.ftl"("en_IN", UTF-8, parsed); will try to load it.
2023-09-13 16:39:20 DEBUG cache:45 – TemplateLoader.findTemplateSource("spark/partials/log_en_IN.ftl"): Not found
2023-09-13 16:39:20 DEBUG cache:45 – TemplateLoader.findTemplateSource("spark/partials/log_en.ftl"): Not found
2023-09-13 16:39:20 DEBUG cache:45 – TemplateLoader.findTemplateSource("spark/partials/log.ftl"): Found
2023-09-13 16:39:20 DEBUG cache:45 – Loading template for "spark/partials/log.ftl"("en_IN", UTF-8, parsed) from "jar:file:/C:/Users/asingh73/.m2/repository/com/aventstack/extentreports/5.0.9/extentreports-5.0.9.jar!/com/aventstack/extentreports/templates/spark/partials/log.ftl"
2023-09-13 16:39:20 DEBUG cache:45 – Couldn't find template in cache for "spark/partials/dashboard.ftl"("en_IN", UTF-8, parsed); will try to load it.
2023-09-13 16:39:20 DEBUG cache:45 – TemplateLoader.findTemplateSource("spark/partials/dashboard_en_IN.ftl"): Not found
2023-09-13 16:39:20 DEBUG cache:45 – TemplateLoader.findTemplateSource("spark/partials/dashboard_en.ftl"): Not found
2023-09-13 16:39:20 DEBUG cache:45 – TemplateLoader.findTemplateSource("spark/partials/dashboard.ftl"): Found
2023-09-13 16:39:20 DEBUG cache:45 – Loading template for "spark/partials/dashboard.ftl"("en_IN", UTF-8, parsed) from "jar:file:/C:/Users/asingh73/.m2/repository/com/aventstack/extentreports/5.0.9/extentreports-5.0.9.jar!/com/aventstack/extentreports/templates/spark/partials/dashboard.ftl"
2023-09-13 16:39:20 DEBUG cache:45 – Couldn't find template in cache for "spark/partials/scripts.ftl"("en_IN", UTF-8, parsed); will try to load it.
2023-09-13 16:39:20 DEBUG cache:45 – TemplateLoader.findTemplateSource("spark/partials/scripts_en_IN.ftl"): Not found
2023-09-13 16:39:20 DEBUG cache:45 – TemplateLoader.findTemplateSource("spark/partials/scripts_en.ftl"): Not found
2023-09-13 16:39:20 DEBUG cache:45 – TemplateLoader.findTemplateSource("spark/partials/scripts.ftl"): Found
2023-09-13 16:39:20 DEBUG cache:45 – Loading template for "spark/partials/scripts.ftl"("en_IN", UTF-8, parsed) from "jar:file:/C:/Users/asingh73/.m2/repository/com/aventstack/extentreports/5.0.9/extentreports-5.0.9.jar!/com/aventstack/extentreports/templates/spark/partials/scripts.ftl"
2023-09-13 16:39:20 DEBUG cache:45 – Couldn't find template in cache for "commons/commons-inject-js.ftl"("en_IN", UTF-8, parsed); will try to load it.
2023-09-13 16:39:20 DEBUG cache:45 – TemplateLoader.findTemplateSource("commons/commons-inject-js_en_IN.ftl"): Not found
2023-09-13 16:39:20 DEBUG cache:45 – TemplateLoader.findTemplateSource("commons/commons-inject-js_en.ftl"): Not found
2023-09-13 16:39:20 DEBUG cache:45 – TemplateLoader.findTemplateSource("commons/commons-inject-js.ftl"): Found
2023-09-13 16:39:20 DEBUG cache:45 – Loading template for "commons/commons-inject-js.ftl"("en_IN", UTF-8, parsed) from "jar:file:/C:/Users/asingh73/.m2/repository/com/aventstack/extentreports/5.0.9/extentreports-5.0.9.jar!/com/aventstack/extentreports/templates/commons/commons-inject-js.ftl"
2023-09-13 16:40:38 DEBUG cache:45 – Couldn't find template in cache for "spark/spark.spa.ftl"("en_IN", UTF-8, parsed); will try to load it.
2023-09-13 16:40:38 DEBUG cache:45 – TemplateLoader.findTemplateSource("spark/spark.spa_en_IN.ftl"): Not found
2023-09-13 16:40:38 DEBUG cache:45 – TemplateLoader.findTemplateSource("spark/spark.spa_en.ftl"): Not found
2023-09-13 16:40:38 DEBUG cache:45 – TemplateLoader.findTemplateSource("spark/spark.spa.ftl"): Found
2023-09-13 16:40:38 DEBUG cache:45 – Loading template for "spark/spark.spa.ftl"("en_IN", UTF-8, parsed) from "jar:file:/C:/Users/asingh73/.m2/repository/com/aventstack/extentreports/5.0.9/extentreports-5.0.9.jar!/com/aventstack/extentreports/templates/spark/spark.spa.ftl"
2023-09-13 16:40:38 DEBUG cache:45 – Couldn't find template in cache for "commons/commons-variables.ftl"("en_IN", UTF-8, parsed); will try to load it.
2023-09-13 16:40:38 DEBUG cache:45 – TemplateLoader.findTemplateSource("commons/commons-variables_en_IN.ftl"): Not found
2023-09-13 16:40:38 DEBUG cache:45 – TemplateLoader.findTemplateSource("commons/commons-variables_en.ftl"): Not found
2023-09-13 16:40:38 DEBUG cache:45 – TemplateLoader.findTemplateSource("commons/commons-variables.ftl"): Found
2023-09-13 16:40:38 DEBUG cache:45 – Loading template for "commons/commons-variables.ftl"("en_IN", UTF-8, parsed) from "jar:file:/C:/Users/asingh73/.m2/repository/com/aventstack/extentreports/5.0.9/extentreports-5.0.9.jar!/com/aventstack/extentreports/templates/commons/commons-variables.ftl"
2023-09-13 16:40:38 DEBUG cache:45 – Couldn't find template in cache for "commons/commons-macros.ftl"("en_IN", UTF-8, parsed); will try to load it.
2023-09-13 16:40:38 DEBUG cache:45 – TemplateLoader.findTemplateSource("commons/commons-macros_en_IN.ftl"): Not found
2023-09-13 16:40:38 DEBUG cache:45 – TemplateLoader.findTemplateSource("commons/commons-macros_en.ftl"): Not found
2023-09-13 16:40:38 DEBUG cache:45 – TemplateLoader.findTemplateSource("commons/commons-macros.ftl"): Found
2023-09-13 16:40:38 DEBUG cache:45 – Loading template for "commons/commons-macros.ftl"("en_IN", UTF-8, parsed) from "jar:file:/C:/Users/asingh73/.m2/repository/com/aventstack/extentreports/5.0.9/extentreports-5.0.9.jar!/com/aventstack/extentreports/templates/commons/commons-macros.ftl"
2023-09-13 16:40:38 DEBUG cache:45 – Couldn't find template in cache for "spark/macros/attributes.ftl"("en_IN", UTF-8, parsed); will try to load it.
2023-09-13 16:40:38 DEBUG cache:45 – TemplateLoader.findTemplateSource("spark/macros/attributes_en_IN.ftl"): Not found
2023-09-13 16:40:38 DEBUG cache:45 – TemplateLoader.findTemplateSource("spark/macros/attributes_en.ftl"): Not found
2023-09-13 16:40:38 DEBUG cache:45 – TemplateLoader.findTemplateSource("spark/macros/attributes.ftl"): Found
2023-09-13 16:40:38 DEBUG cache:45 – Loading template for "spark/macros/attributes.ftl"("en_IN", UTF-8, parsed) from "jar:file:/C:/Users/asingh73/.m2/repository/com/aventstack/extentreports/5.0.9/extentreports-5.0.9.jar!/com/aventstack/extentreports/templates/spark/macros/attributes.ftl"
2023-09-13 16:40:38 DEBUG cache:45 – Couldn't find template in cache for "spark/macros/log.ftl"("en_IN", UTF-8, parsed); will try to load it.
2023-09-13 16:40:38 DEBUG cache:45 – TemplateLoader.findTemplateSource("spark/macros/log_en_IN.ftl"): Not found
2023-09-13 16:40:38 DEBUG cache:45 – TemplateLoader.findTemplateSource("spark/macros/log_en.ftl"): Not found
2023-09-13 16:40:38 DEBUG cache:45 – TemplateLoader.findTemplateSource("spark/macros/log.ftl"): Found
2023-09-13 16:40:38 DEBUG cache:45 – Loading template for "spark/macros/log.ftl"("en_IN", UTF-8, parsed) from "jar:file:/C:/Users/asingh73/.m2/repository/com/aventstack/extentreports/5.0.9/extentreports-5.0.9.jar!/com/aventstack/extentreports/templates/spark/macros/log.ftl"
2023-09-13 16:40:38 DEBUG cache:45 – Couldn't find template in cache for "spark/macros/recurse_nodes.ftl"("en_IN", UTF-8, parsed); will try to load it.
2023-09-13 16:40:38 DEBUG cache:45 – TemplateLoader.findTemplateSource("spark/macros/recurse_nodes_en_IN.ftl"): Not found
2023-09-13 16:40:38 DEBUG cache:45 – TemplateLoader.findTemplateSource("spark/macros/recurse_nodes_en.ftl"): Not found
2023-09-13 16:40:38 DEBUG cache:45 – TemplateLoader.findTemplateSource("spark/macros/recurse_nodes.ftl"): Found
2023-09-13 16:40:38 DEBUG cache:45 – Loading template for "spark/macros/recurse_nodes.ftl"("en_IN", UTF-8, parsed) from "jar:file:/C:/Users/asingh73/.m2/repository/com/aventstack/extentreports/5.0.9/extentreports-5.0.9.jar!/com/aventstack/extentreports/templates/spark/macros/recurse_nodes.ftl"
2023-09-13 16:40:38 DEBUG cache:45 – "spark/macros/log.ftl"("en_IN", UTF-8, parsed) cached copy not yet stale; using cached.
2023-09-13 16:40:38 DEBUG cache:45 – Couldn't find template in cache for "spark/macros/attr-common.ftl"("en_IN", UTF-8, parsed); will try to load it.
2023-09-13 16:40:38 DEBUG cache:45 – TemplateLoader.findTemplateSource("spark/macros/attr-common_en_IN.ftl"): Not found
2023-09-13 16:40:38 DEBUG cache:45 – TemplateLoader.findTemplateSource("spark/macros/attr-common_en.ftl"): Not found
2023-09-13 16:40:38 DEBUG cache:45 – TemplateLoader.findTemplateSource("spark/macros/attr-common.ftl"): Found
2023-09-13 16:40:38 DEBUG cache:45 – Loading template for "spark/macros/attr-common.ftl"("en_IN", UTF-8, parsed) from "jar:file:/C:/Users/asingh73/.m2/repository/com/aventstack/extentreports/5.0.9/extentreports-5.0.9.jar!/com/aventstack/extentreports/templates/spark/macros/attr-common.ftl"
2023-09-13 16:40:38 DEBUG cache:45 – Couldn't find template in cache for "spark/partials/head.ftl"("en_IN", UTF-8, parsed); will try to load it.
2023-09-13 16:40:38 DEBUG cache:45 – TemplateLoader.findTemplateSource("spark/partials/head_en_IN.ftl"): Not found
2023-09-13 16:40:38 DEBUG cache:45 – TemplateLoader.findTemplateSource("spark/partials/head_en.ftl"): Not found
2023-09-13 16:40:38 DEBUG cache:45 – TemplateLoader.findTemplateSource("spark/partials/head.ftl"): Found
2023-09-13 16:40:38 DEBUG cache:45 – Loading template for "spark/partials/head.ftl"("en_IN", UTF-8, parsed) from "jar:file:/C:/Users/asingh73/.m2/repository/com/aventstack/extentreports/5.0.9/extentreports-5.0.9.jar!/com/aventstack/extentreports/templates/spark/partials/head.ftl"
2023-09-13 16:40:38 DEBUG cache:45 – Couldn't find template in cache for "commons/commons-inject-css.ftl"("en_IN", UTF-8, parsed); will try to load it.
2023-09-13 16:40:38 DEBUG cache:45 – TemplateLoader.findTemplateSource("commons/commons-inject-css_en_IN.ftl"): Not found
2023-09-13 16:40:38 DEBUG cache:45 – TemplateLoader.findTemplateSource("commons/commons-inject-css_en.ftl"): Not found
2023-09-13 16:40:38 DEBUG cache:45 – TemplateLoader.findTemplateSource("commons/commons-inject-css.ftl"): Found
2023-09-13 16:40:38 DEBUG cache:45 – Loading template for "commons/commons-inject-css.ftl"("en_IN", UTF-8, parsed) from "jar:file:/C:/Users/asingh73/.m2/repository/com/aventstack/extentreports/5.0.9/extentreports-5.0.9.jar!/com/aventstack/extentreports/templates/commons/commons-inject-css.ftl"
2023-09-13 16:40:38 DEBUG cache:45 – Couldn't find template in cache for "spark/partials/navbar.ftl"("en_IN", UTF-8, parsed); will try to load it.
2023-09-13 16:40:38 DEBUG cache:45 – TemplateLoader.findTemplateSource("spark/partials/navbar_en_IN.ftl"): Not found
2023-09-13 16:40:38 DEBUG cache:45 – TemplateLoader.findTemplateSource("spark/partials/navbar_en.ftl"): Not found
2023-09-13 16:40:38 DEBUG cache:45 – TemplateLoader.findTemplateSource("spark/partials/navbar.ftl"): Found
2023-09-13 16:40:38 DEBUG cache:45 – Loading template for "spark/partials/navbar.ftl"("en_IN", UTF-8, parsed) from "jar:file:/C:/Users/asingh73/.m2/repository/com/aventstack/extentreports/5.0.9/extentreports-5.0.9.jar!/com/aventstack/extentreports/templates/spark/partials/navbar.ftl"
2023-09-13 16:40:38 DEBUG cache:45 – Couldn't find template in cache for "spark/partials/sidenav.ftl"("en_IN", UTF-8, parsed); will try to load it.
2023-09-13 16:40:38 DEBUG cache:45 – TemplateLoader.findTemplateSource("spark/partials/sidenav_en_IN.ftl"): Not found
2023-09-13 16:40:38 DEBUG cache:45 – TemplateLoader.findTemplateSource("spark/partials/sidenav_en.ftl"): Not found
2023-09-13 16:40:38 DEBUG cache:45 – TemplateLoader.findTemplateSource("spark/partials/sidenav.ftl"): Found
2023-09-13 16:40:38 DEBUG cache:45 – Loading template for "spark/partials/sidenav.ftl"("en_IN", UTF-8, parsed) from "jar:file:/C:/Users/asingh73/.m2/repository/com/aventstack/extentreports/5.0.9/extentreports-5.0.9.jar!/com/aventstack/extentreports/templates/spark/partials/sidenav.ftl"
2023-09-13 16:40:38 DEBUG cache:45 – Couldn't find template in cache for "spark/partials/test.ftl"("en_IN", UTF-8, parsed); will try to load it.
2023-09-13 16:40:38 DEBUG cache:45 – TemplateLoader.findTemplateSource("spark/partials/test_en_IN.ftl"): Not found
2023-09-13 16:40:38 DEBUG cache:45 – TemplateLoader.findTemplateSource("spark/partials/test_en.ftl"): Not found
2023-09-13 16:40:38 DEBUG cache:45 – TemplateLoader.findTemplateSource("spark/partials/test.ftl"): Found
2023-09-13 16:40:38 DEBUG cache:45 – Loading template for "spark/partials/test.ftl"("en_IN", UTF-8, parsed) from "jar:file:/C:/Users/asingh73/.m2/repository/com/aventstack/extentreports/5.0.9/extentreports-5.0.9.jar!/com/aventstack/extentreports/templates/spark/partials/test.ftl"
2023-09-13 16:40:38 DEBUG cache:45 – Couldn't find template in cache for "spark/partials/standard-content.ftl"("en_IN", UTF-8, parsed); will try to load it.
2023-09-13 16:40:38 DEBUG cache:45 – TemplateLoader.findTemplateSource("spark/partials/standard-content_en_IN.ftl"): Not found
2023-09-13 16:40:38 DEBUG cache:45 – TemplateLoader.findTemplateSource("spark/partials/standard-content_en.ftl"): Not found
2023-09-13 16:40:38 DEBUG cache:45 – TemplateLoader.findTemplateSource("spark/partials/standard-content.ftl"): Found
2023-09-13 16:40:38 DEBUG cache:45 – Loading template for "spark/partials/standard-content.ftl"("en_IN", UTF-8, parsed) from "jar:file:/C:/Users/asingh73/.m2/repository/com/aventstack/extentreports/5.0.9/extentreports-5.0.9.jar!/com/aventstack/extentreports/templates/spark/partials/standard-content.ftl"
2023-09-13 16:40:38 DEBUG cache:45 – Couldn't find template in cache for "spark/partials/exception.ftl"("en_IN", UTF-8, parsed); will try to load it.
2023-09-13 16:40:38 DEBUG cache:45 – TemplateLoader.findTemplateSource("spark/partials/exception_en_IN.ftl"): Not found
2023-09-13 16:40:38 DEBUG cache:45 – TemplateLoader.findTemplateSource("spark/partials/exception_en.ftl"): Not found
2023-09-13 16:40:38 DEBUG cache:45 – TemplateLoader.findTemplateSource("spark/partials/exception.ftl"): Found
2023-09-13 16:40:38 DEBUG cache:45 – Loading template for "spark/partials/exception.ftl"("en_IN", UTF-8, parsed) from "jar:file:/C:/Users/asingh73/.m2/repository/com/aventstack/extentreports/5.0.9/extentreports-5.0.9.jar!/com/aventstack/extentreports/templates/spark/partials/exception.ftl"
2023-09-13 16:40:38 DEBUG cache:45 – Couldn't find template in cache for "spark/partials/category.ftl"("en_IN", UTF-8, parsed); will try to load it.
2023-09-13 16:40:38 DEBUG cache:45 – TemplateLoader.findTemplateSource("spark/partials/category_en_IN.ftl"): Not found
2023-09-13 16:40:38 DEBUG cache:45 – TemplateLoader.findTemplateSource("spark/partials/category_en.ftl"): Not found
2023-09-13 16:40:38 DEBUG cache:45 – TemplateLoader.findTemplateSource("spark/partials/category.ftl"): Found
2023-09-13 16:40:38 DEBUG cache:45 – Loading template for "spark/partials/category.ftl"("en_IN", UTF-8, parsed) from "jar:file:/C:/Users/asingh73/.m2/repository/com/aventstack/extentreports/5.0.9/extentreports-5.0.9.jar!/com/aventstack/extentreports/templates/spark/partials/category.ftl"
2023-09-13 16:40:38 DEBUG cache:45 – Couldn't find template in cache for "spark/partials/device.ftl"("en_IN", UTF-8, parsed); will try to load it.
2023-09-13 16:40:38 DEBUG cache:45 – TemplateLoader.findTemplateSource("spark/partials/device_en_IN.ftl"): Not found
2023-09-13 16:40:38 DEBUG cache:45 – TemplateLoader.findTemplateSource("spark/partials/device_en.ftl"): Not found
2023-09-13 16:40:38 DEBUG cache:45 – TemplateLoader.findTemplateSource("spark/partials/device.ftl"): Found
2023-09-13 16:40:38 DEBUG cache:45 – Loading template for "spark/partials/device.ftl"("en_IN", UTF-8, parsed) from "jar:file:/C:/Users/asingh73/.m2/repository/com/aventstack/extentreports/5.0.9/extentreports-5.0.9.jar!/com/aventstack/extentreports/templates/spark/partials/device.ftl"
2023-09-13 16:40:38 DEBUG cache:45 – Couldn't find template in cache for "spark/partials/author.ftl"("en_IN", UTF-8, parsed); will try to load it.
2023-09-13 16:40:38 DEBUG cache:45 – TemplateLoader.findTemplateSource("spark/partials/author_en_IN.ftl"): Not found
2023-09-13 16:40:38 DEBUG cache:45 – TemplateLoader.findTemplateSource("spark/partials/author_en.ftl"): Not found
2023-09-13 16:40:38 DEBUG cache:45 – TemplateLoader.findTemplateSource("spark/partials/author.ftl"): Found
2023-09-13 16:40:38 DEBUG cache:45 – Loading template for "spark/partials/author.ftl"("en_IN", UTF-8, parsed) from "jar:file:/C:/Users/asingh73/.m2/repository/com/aventstack/extentreports/5.0.9/extentreports-5.0.9.jar!/com/aventstack/extentreports/templates/spark/partials/author.ftl"
2023-09-13 16:40:38 DEBUG cache:45 – Couldn't find template in cache for "spark/partials/log.ftl"("en_IN", UTF-8, parsed); will try to load it.
2023-09-13 16:40:38 DEBUG cache:45 – TemplateLoader.findTemplateSource("spark/partials/log_en_IN.ftl"): Not found
2023-09-13 16:40:38 DEBUG cache:45 – TemplateLoader.findTemplateSource("spark/partials/log_en.ftl"): Not found
2023-09-13 16:40:38 DEBUG cache:45 – TemplateLoader.findTemplateSource("spark/partials/log.ftl"): Found
2023-09-13 16:40:38 DEBUG cache:45 – Loading template for "spark/partials/log.ftl"("en_IN", UTF-8, parsed) from "jar:file:/C:/Users/asingh73/.m2/repository/com/aventstack/extentreports/5.0.9/extentreports-5.0.9.jar!/com/aventstack/extentreports/templates/spark/partials/log.ftl"
2023-09-13 16:40:38 DEBUG cache:45 – Couldn't find template in cache for "spark/partials/dashboard.ftl"("en_IN", UTF-8, parsed); will try to load it.
2023-09-13 16:40:38 DEBUG cache:45 – TemplateLoader.findTemplateSource("spark/partials/dashboard_en_IN.ftl"): Not found
2023-09-13 16:40:38 DEBUG cache:45 – TemplateLoader.findTemplateSource("spark/partials/dashboard_en.ftl"): Not found
2023-09-13 16:40:38 DEBUG cache:45 – TemplateLoader.findTemplateSource("spark/partials/dashboard.ftl"): Found
2023-09-13 16:40:38 DEBUG cache:45 – Loading template for "spark/partials/dashboard.ftl"("en_IN", UTF-8, parsed) from "jar:file:/C:/Users/asingh73/.m2/repository/com/aventstack/extentreports/5.0.9/extentreports-5.0.9.jar!/com/aventstack/extentreports/templates/spark/partials/dashboard.ftl"
2023-09-13 16:40:38 DEBUG cache:45 – Couldn't find template in cache for "spark/partials/scripts.ftl"("en_IN", UTF-8, parsed); will try to load it.
2023-09-13 16:40:38 DEBUG cache:45 – TemplateLoader.findTemplateSource("spark/partials/scripts_en_IN.ftl"): Not found
2023-09-13 16:40:38 DEBUG cache:45 – TemplateLoader.findTemplateSource("spark/partials/scripts_en.ftl"): Not found
2023-09-13 16:40:38 DEBUG cache:45 – TemplateLoader.findTemplateSource("spark/partials/scripts.ftl"): Found
2023-09-13 16:40:38 DEBUG cache:45 – Loading template for "spark/partials/scripts.ftl"("en_IN", UTF-8, parsed) from "jar:file:/C:/Users/asingh73/.m2/repository/com/aventstack/extentreports/5.0.9/extentreports-5.0.9.jar!/com/aventstack/extentreports/templates/spark/partials/scripts.ftl"
2023-09-13 16:40:38 DEBUG cache:45 – Couldn't find template in cache for "commons/commons-inject-js.ftl"("en_IN", UTF-8, parsed); will try to load it.
2023-09-13 16:40:38 DEBUG cache:45 – TemplateLoader.findTemplateSource("commons/commons-inject-js_en_IN.ftl"): Not found
2023-09-13 16:40:38 DEBUG cache:45 – TemplateLoader.findTemplateSource("commons/commons-inject-js_en.ftl"): Not found
2023-09-13 16:40:38 DEBUG cache:45 – TemplateLoader.findTemplateSource("commons/commons-inject-js.ftl"): Found
2023-09-13 16:40:38 DEBUG cache:45 – Loading template for "commons/commons-inject-js.ftl"("en_IN", UTF-8, parsed) from "jar:file:/C:/Users/asingh73/.m2/repository/com/aventstack/extentreports/5.0.9/extentreports-5.0.9.jar!/com/aventstack/extentreports/templates/commons/commons-inject-js.ftl"
2023-09-13 16:47:29 DEBUG cache:45 – Couldn't find template in cache for "spark/spark.spa.ftl"("en_IN", UTF-8, parsed); will try to load it.
2023-09-13 16:47:29 DEBUG cache:45 – TemplateLoader.findTemplateSource("spark/spark.spa_en_IN.ftl"): Not found
2023-09-13 16:47:29 DEBUG cache:45 – TemplateLoader.findTemplateSource("spark/spark.spa_en.ftl"): Not found
2023-09-13 16:47:29 DEBUG cache:45 – TemplateLoader.findTemplateSource("spark/spark.spa.ftl"): Found
2023-09-13 16:47:29 DEBUG cache:45 – Loading template for "spark/spark.spa.ftl"("en_IN", UTF-8, parsed) from "jar:file:/C:/Users/asingh73/.m2/repository/com/aventstack/extentreports/5.0.9/extentreports-5.0.9.jar!/com/aventstack/extentreports/templates/spark/spark.spa.ftl"
2023-09-13 16:47:29 DEBUG cache:45 – Couldn't find template in cache for "commons/commons-variables.ftl"("en_IN", UTF-8, parsed); will try to load it.
2023-09-13 16:47:29 DEBUG cache:45 – TemplateLoader.findTemplateSource("commons/commons-variables_en_IN.ftl"): Not found
2023-09-13 16:47:29 DEBUG cache:45 – TemplateLoader.findTemplateSource("commons/commons-variables_en.ftl"): Not found
2023-09-13 16:47:29 DEBUG cache:45 – TemplateLoader.findTemplateSource("commons/commons-variables.ftl"): Found
2023-09-13 16:47:29 DEBUG cache:45 – Loading template for "commons/commons-variables.ftl"("en_IN", UTF-8, parsed) from "jar:file:/C:/Users/asingh73/.m2/repository/com/aventstack/extentreports/5.0.9/extentreports-5.0.9.jar!/com/aventstack/extentreports/templates/commons/commons-variables.ftl"
2023-09-13 16:47:29 DEBUG cache:45 – Couldn't find template in cache for "commons/commons-macros.ftl"("en_IN", UTF-8, parsed); will try to load it.
2023-09-13 16:47:29 DEBUG cache:45 – TemplateLoader.findTemplateSource("commons/commons-macros_en_IN.ftl"): Not found
2023-09-13 16:47:29 DEBUG cache:45 – TemplateLoader.findTemplateSource("commons/commons-macros_en.ftl"): Not found
2023-09-13 16:47:29 DEBUG cache:45 – TemplateLoader.findTemplateSource("commons/commons-macros.ftl"): Found
2023-09-13 16:47:29 DEBUG cache:45 – Loading template for "commons/commons-macros.ftl"("en_IN", UTF-8, parsed) from "jar:file:/C:/Users/asingh73/.m2/repository/com/aventstack/extentreports/5.0.9/extentreports-5.0.9.jar!/com/aventstack/extentreports/templates/commons/commons-macros.ftl"
2023-09-13 16:47:29 DEBUG cache:45 – Couldn't find template in cache for "spark/macros/attributes.ftl"("en_IN", UTF-8, parsed); will try to load it.
2023-09-13 16:47:29 DEBUG cache:45 – TemplateLoader.findTemplateSource("spark/macros/attributes_en_IN.ftl"): Not found
2023-09-13 16:47:29 DEBUG cache:45 – TemplateLoader.findTemplateSource("spark/macros/attributes_en.ftl"): Not found
2023-09-13 16:47:29 DEBUG cache:45 – TemplateLoader.findTemplateSource("spark/macros/attributes.ftl"): Found
2023-09-13 16:47:29 DEBUG cache:45 – Loading template for "spark/macros/attributes.ftl"("en_IN", UTF-8, parsed) from "jar:file:/C:/Users/asingh73/.m2/repository/com/aventstack/extentreports/5.0.9/extentreports-5.0.9.jar!/com/aventstack/extentreports/templates/spark/macros/attributes.ftl"
2023-09-13 16:47:29 DEBUG cache:45 – Couldn't find template in cache for "spark/macros/log.ftl"("en_IN", UTF-8, parsed); will try to load it.
2023-09-13 16:47:29 DEBUG cache:45 – TemplateLoader.findTemplateSource("spark/macros/log_en_IN.ftl"): Not found
2023-09-13 16:47:29 DEBUG cache:45 – TemplateLoader.findTemplateSource("spark/macros/log_en.ftl"): Not found
2023-09-13 16:47:29 DEBUG cache:45 – TemplateLoader.findTemplateSource("spark/macros/log.ftl"): Found
2023-09-13 16:47:29 DEBUG cache:45 – Loading template for "spark/macros/log.ftl"("en_IN", UTF-8, parsed) from "jar:file:/C:/Users/asingh73/.m2/repository/com/aventstack/extentreports/5.0.9/extentreports-5.0.9.jar!/com/aventstack/extentreports/templates/spark/macros/log.ftl"
2023-09-13 16:47:29 DEBUG cache:45 – Couldn't find template in cache for "spark/macros/recurse_nodes.ftl"("en_IN", UTF-8, parsed); will try to load it.
2023-09-13 16:47:29 DEBUG cache:45 – TemplateLoader.findTemplateSource("spark/macros/recurse_nodes_en_IN.ftl"): Not found
2023-09-13 16:47:29 DEBUG cache:45 – TemplateLoader.findTemplateSource("spark/macros/recurse_nodes_en.ftl"): Not found
2023-09-13 16:47:29 DEBUG cache:45 – TemplateLoader.findTemplateSource("spark/macros/recurse_nodes.ftl"): Found
2023-09-13 16:47:29 DEBUG cache:45 – Loading template for "spark/macros/recurse_nodes.ftl"("en_IN", UTF-8, parsed) from "jar:file:/C:/Users/asingh73/.m2/repository/com/aventstack/extentreports/5.0.9/extentreports-5.0.9.jar!/com/aventstack/extentreports/templates/spark/macros/recurse_nodes.ftl"
2023-09-13 16:47:29 DEBUG cache:45 – "spark/macros/log.ftl"("en_IN", UTF-8, parsed) cached copy not yet stale; using cached.
2023-09-13 16:47:29 DEBUG cache:45 – Couldn't find template in cache for "spark/macros/attr-common.ftl"("en_IN", UTF-8, parsed); will try to load it.
2023-09-13 16:47:29 DEBUG cache:45 – TemplateLoader.findTemplateSource("spark/macros/attr-common_en_IN.ftl"): Not found
2023-09-13 16:47:29 DEBUG cache:45 – TemplateLoader.findTemplateSource("spark/macros/attr-common_en.ftl"): Not found
2023-09-13 16:47:29 DEBUG cache:45 – TemplateLoader.findTemplateSource("spark/macros/attr-common.ftl"): Found
2023-09-13 16:47:29 DEBUG cache:45 – Loading template for "spark/macros/attr-common.ftl"("en_IN", UTF-8, parsed) from "jar:file:/C:/Users/asingh73/.m2/repository/com/aventstack/extentreports/5.0.9/extentreports-5.0.9.jar!/com/aventstack/extentreports/templates/spark/macros/attr-common.ftl"
2023-09-13 16:47:29 DEBUG cache:45 – Couldn't find template in cache for "spark/partials/head.ftl"("en_IN", UTF-8, parsed); will try to load it.
2023-09-13 16:47:29 DEBUG cache:45 – TemplateLoader.findTemplateSource("spark/partials/head_en_IN.ftl"): Not found
2023-09-13 16:47:29 DEBUG cache:45 – TemplateLoader.findTemplateSource("spark/partials/head_en.ftl"): Not found
2023-09-13 16:47:29 DEBUG cache:45 – TemplateLoader.findTemplateSource("spark/partials/head.ftl"): Found
2023-09-13 16:47:29 DEBUG cache:45 – Loading template for "spark/partials/head.ftl"("en_IN", UTF-8, parsed) from "jar:file:/C:/Users/asingh73/.m2/repository/com/aventstack/extentreports/5.0.9/extentreports-5.0.9.jar!/com/aventstack/extentreports/templates/spark/partials/head.ftl"
2023-09-13 16:47:29 DEBUG cache:45 – Couldn't find template in cache for "commons/commons-inject-css.ftl"("en_IN", UTF-8, parsed); will try to load it.
2023-09-13 16:47:29 DEBUG cache:45 – TemplateLoader.findTemplateSource("commons/commons-inject-css_en_IN.ftl"): Not found
2023-09-13 16:47:29 DEBUG cache:45 – TemplateLoader.findTemplateSource("commons/commons-inject-css_en.ftl"): Not found
2023-09-13 16:47:29 DEBUG cache:45 – TemplateLoader.findTemplateSource("commons/commons-inject-css.ftl"): Found
2023-09-13 16:47:29 DEBUG cache:45 – Loading template for "commons/commons-inject-css.ftl"("en_IN", UTF-8, parsed) from "jar:file:/C:/Users/asingh73/.m2/repository/com/aventstack/extentreports/5.0.9/extentreports-5.0.9.jar!/com/aventstack/extentreports/templates/commons/commons-inject-css.ftl"
2023-09-13 16:47:29 DEBUG cache:45 – Couldn't find template in cache for "spark/partials/navbar.ftl"("en_IN", UTF-8, parsed); will try to load it.
2023-09-13 16:47:29 DEBUG cache:45 – TemplateLoader.findTemplateSource("spark/partials/navbar_en_IN.ftl"): Not found
2023-09-13 16:47:29 DEBUG cache:45 – TemplateLoader.findTemplateSource("spark/partials/navbar_en.ftl"): Not found
2023-09-13 16:47:29 DEBUG cache:45 – TemplateLoader.findTemplateSource("spark/partials/navbar.ftl"): Found
2023-09-13 16:47:29 DEBUG cache:45 – Loading template for "spark/partials/navbar.ftl"("en_IN", UTF-8, parsed) from "jar:file:/C:/Users/asingh73/.m2/repository/com/aventstack/extentreports/5.0.9/extentreports-5.0.9.jar!/com/aventstack/extentreports/templates/spark/partials/navbar.ftl"
2023-09-13 16:47:29 DEBUG cache:45 – Couldn't find template in cache for "spark/partials/sidenav.ftl"("en_IN", UTF-8, parsed); will try to load it.
2023-09-13 16:47:29 DEBUG cache:45 – TemplateLoader.findTemplateSource("spark/partials/sidenav_en_IN.ftl"): Not found
2023-09-13 16:47:29 DEBUG cache:45 – TemplateLoader.findTemplateSource("spark/partials/sidenav_en.ftl"): Not found
2023-09-13 16:47:29 DEBUG cache:45 – TemplateLoader.findTemplateSource("spark/partials/sidenav.ftl"): Found
2023-09-13 16:47:29 DEBUG cache:45 – Loading template for "spark/partials/sidenav.ftl"("en_IN", UTF-8, parsed) from "jar:file:/C:/Users/asingh73/.m2/repository/com/aventstack/extentreports/5.0.9/extentreports-5.0.9.jar!/com/aventstack/extentreports/templates/spark/partials/sidenav.ftl"
2023-09-13 16:47:29 DEBUG cache:45 – Couldn't find template in cache for "spark/partials/test.ftl"("en_IN", UTF-8, parsed); will try to load it.
2023-09-13 16:47:29 DEBUG cache:45 – TemplateLoader.findTemplateSource("spark/partials/test_en_IN.ftl"): Not found
2023-09-13 16:47:29 DEBUG cache:45 – TemplateLoader.findTemplateSource("spark/partials/test_en.ftl"): Not found
2023-09-13 16:47:29 DEBUG cache:45 – TemplateLoader.findTemplateSource("spark/partials/test.ftl"): Found
2023-09-13 16:47:29 DEBUG cache:45 – Loading template for "spark/partials/test.ftl"("en_IN", UTF-8, parsed) from "jar:file:/C:/Users/asingh73/.m2/repository/com/aventstack/extentreports/5.0.9/extentreports-5.0.9.jar!/com/aventstack/extentreports/templates/spark/partials/test.ftl"
2023-09-13 16:47:29 DEBUG cache:45 – Couldn't find template in cache for "spark/partials/standard-content.ftl"("en_IN", UTF-8, parsed); will try to load it.
2023-09-13 16:47:29 DEBUG cache:45 – TemplateLoader.findTemplateSource("spark/partials/standard-content_en_IN.ftl"): Not found
2023-09-13 16:47:29 DEBUG cache:45 – TemplateLoader.findTemplateSource("spark/partials/standard-content_en.ftl"): Not found
2023-09-13 16:47:29 DEBUG cache:45 – TemplateLoader.findTemplateSource("spark/partials/standard-content.ftl"): Found
2023-09-13 16:47:29 DEBUG cache:45 – Loading template for "spark/partials/standard-content.ftl"("en_IN", UTF-8, parsed) from "jar:file:/C:/Users/asingh73/.m2/repository/com/aventstack/extentreports/5.0.9/extentreports-5.0.9.jar!/com/aventstack/extentreports/templates/spark/partials/standard-content.ftl"
2023-09-13 16:47:29 DEBUG cache:45 – Couldn't find template in cache for "spark/partials/exception.ftl"("en_IN", UTF-8, parsed); will try to load it.
2023-09-13 16:47:29 DEBUG cache:45 – TemplateLoader.findTemplateSource("spark/partials/exception_en_IN.ftl"): Not found
2023-09-13 16:47:29 DEBUG cache:45 – TemplateLoader.findTemplateSource("spark/partials/exception_en.ftl"): Not found
2023-09-13 16:47:29 DEBUG cache:45 – TemplateLoader.findTemplateSource("spark/partials/exception.ftl"): Found
2023-09-13 16:47:29 DEBUG cache:45 – Loading template for "spark/partials/exception.ftl"("en_IN", UTF-8, parsed) from "jar:file:/C:/Users/asingh73/.m2/repository/com/aventstack/extentreports/5.0.9/extentreports-5.0.9.jar!/com/aventstack/extentreports/templates/spark/partials/exception.ftl"
2023-09-13 16:47:29 DEBUG cache:45 – Couldn't find template in cache for "spark/partials/category.ftl"("en_IN", UTF-8, parsed); will try to load it.
2023-09-13 16:47:29 DEBUG cache:45 – TemplateLoader.findTemplateSource("spark/partials/category_en_IN.ftl"): Not found
2023-09-13 16:47:29 DEBUG cache:45 – TemplateLoader.findTemplateSource("spark/partials/category_en.ftl"): Not found
2023-09-13 16:47:29 DEBUG cache:45 – TemplateLoader.findTemplateSource("spark/partials/category.ftl"): Found
2023-09-13 16:47:29 DEBUG cache:45 – Loading template for "spark/partials/category.ftl"("en_IN", UTF-8, parsed) from "jar:file:/C:/Users/asingh73/.m2/repository/com/aventstack/extentreports/5.0.9/extentreports-5.0.9.jar!/com/aventstack/extentreports/templates/spark/partials/category.ftl"
2023-09-13 16:47:29 DEBUG cache:45 – Couldn't find template in cache for "spark/partials/device.ftl"("en_IN", UTF-8, parsed); will try to load it.
2023-09-13 16:47:29 DEBUG cache:45 – TemplateLoader.findTemplateSource("spark/partials/device_en_IN.ftl"): Not found
2023-09-13 16:47:29 DEBUG cache:45 – TemplateLoader.findTemplateSource("spark/partials/device_en.ftl"): Not found
2023-09-13 16:47:29 DEBUG cache:45 – TemplateLoader.findTemplateSource("spark/partials/device.ftl"): Found
2023-09-13 16:47:29 DEBUG cache:45 – Loading template for "spark/partials/device.ftl"("en_IN", UTF-8, parsed) from "jar:file:/C:/Users/asingh73/.m2/repository/com/aventstack/extentreports/5.0.9/extentreports-5.0.9.jar!/com/aventstack/extentreports/templates/spark/partials/device.ftl"
2023-09-13 16:47:29 DEBUG cache:45 – Couldn't find template in cache for "spark/partials/author.ftl"("en_IN", UTF-8, parsed); will try to load it.
2023-09-13 16:47:29 DEBUG cache:45 – TemplateLoader.findTemplateSource("spark/partials/author_en_IN.ftl"): Not found
2023-09-13 16:47:29 DEBUG cache:45 – TemplateLoader.findTemplateSource("spark/partials/author_en.ftl"): Not found
2023-09-13 16:47:29 DEBUG cache:45 – TemplateLoader.findTemplateSource("spark/partials/author.ftl"): Found
2023-09-13 16:47:29 DEBUG cache:45 – Loading template for "spark/partials/author.ftl"("en_IN", UTF-8, parsed) from "jar:file:/C:/Users/asingh73/.m2/repository/com/aventstack/extentreports/5.0.9/extentreports-5.0.9.jar!/com/aventstack/extentreports/templates/spark/partials/author.ftl"
2023-09-13 16:47:29 DEBUG cache:45 – Couldn't find template in cache for "spark/partials/log.ftl"("en_IN", UTF-8, parsed); will try to load it.
2023-09-13 16:47:29 DEBUG cache:45 – TemplateLoader.findTemplateSource("spark/partials/log_en_IN.ftl"): Not found
2023-09-13 16:47:29 DEBUG cache:45 – TemplateLoader.findTemplateSource("spark/partials/log_en.ftl"): Not found
2023-09-13 16:47:29 DEBUG cache:45 – TemplateLoader.findTemplateSource("spark/partials/log.ftl"): Found
2023-09-13 16:47:29 DEBUG cache:45 – Loading template for "spark/partials/log.ftl"("en_IN", UTF-8, parsed) from "jar:file:/C:/Users/asingh73/.m2/repository/com/aventstack/extentreports/5.0.9/extentreports-5.0.9.jar!/com/aventstack/extentreports/templates/spark/partials/log.ftl"
2023-09-13 16:47:29 DEBUG cache:45 – Couldn't find template in cache for "spark/partials/dashboard.ftl"("en_IN", UTF-8, parsed); will try to load it.
2023-09-13 16:47:29 DEBUG cache:45 – TemplateLoader.findTemplateSource("spark/partials/dashboard_en_IN.ftl"): Not found
2023-09-13 16:47:29 DEBUG cache:45 – TemplateLoader.findTemplateSource("spark/partials/dashboard_en.ftl"): Not found
2023-09-13 16:47:29 DEBUG cache:45 – TemplateLoader.findTemplateSource("spark/partials/dashboard.ftl"): Found
2023-09-13 16:47:29 DEBUG cache:45 – Loading template for "spark/partials/dashboard.ftl"("en_IN", UTF-8, parsed) from "jar:file:/C:/Users/asingh73/.m2/repository/com/aventstack/extentreports/5.0.9/extentreports-5.0.9.jar!/com/aventstack/extentreports/templates/spark/partials/dashboard.ftl"
2023-09-13 16:47:29 DEBUG cache:45 – Couldn't find template in cache for "spark/partials/scripts.ftl"("en_IN", UTF-8, parsed); will try to load it.
2023-09-13 16:47:29 DEBUG cache:45 – TemplateLoader.findTemplateSource("spark/partials/scripts_en_IN.ftl"): Not found
2023-09-13 16:47:29 DEBUG cache:45 – TemplateLoader.findTemplateSource("spark/partials/scripts_en.ftl"): Not found
2023-09-13 16:47:29 DEBUG cache:45 – TemplateLoader.findTemplateSource("spark/partials/scripts.ftl"): Found
2023-09-13 16:47:29 DEBUG cache:45 – Loading template for "spark/partials/scripts.ftl"("en_IN", UTF-8, parsed) from "jar:file:/C:/Users/asingh73/.m2/repository/com/aventstack/extentreports/5.0.9/extentreports-5.0.9.jar!/com/aventstack/extentreports/templates/spark/partials/scripts.ftl"
2023-09-13 16:47:29 DEBUG cache:45 – Couldn't find template in cache for "commons/commons-inject-js.ftl"("en_IN", UTF-8, parsed); will try to load it.
2023-09-13 16:47:29 DEBUG cache:45 – TemplateLoader.findTemplateSource("commons/commons-inject-js_en_IN.ftl"): Not found
2023-09-13 16:47:29 DEBUG cache:45 – TemplateLoader.findTemplateSource("commons/commons-inject-js_en.ftl"): Not found
2023-09-13 16:47:29 DEBUG cache:45 – TemplateLoader.findTemplateSource("commons/commons-inject-js.ftl"): Found
2023-09-13 16:47:29 DEBUG cache:45 – Loading template for "commons/commons-inject-js.ftl"("en_IN", UTF-8, parsed) from "jar:file:/C:/Users/asingh73/.m2/repository/com/aventstack/extentreports/5.0.9/extentreports-5.0.9.jar!/com/aventstack/extentreports/templates/commons/commons-inject-js.ftl"
2023-09-13 16:49:17 DEBUG cache:45 – Couldn't find template in cache for "spark/spark.spa.ftl"("en_IN", UTF-8, parsed); will try to load it.
2023-09-13 16:49:17 DEBUG cache:45 – TemplateLoader.findTemplateSource("spark/spark.spa_en_IN.ftl"): Not found
2023-09-13 16:49:17 DEBUG cache:45 – TemplateLoader.findTemplateSource("spark/spark.spa_en.ftl"): Not found
2023-09-13 16:49:17 DEBUG cache:45 – TemplateLoader.findTemplateSource("spark/spark.spa.ftl"): Found
2023-09-13 16:49:17 DEBUG cache:45 – Loading template for "spark/spark.spa.ftl"("en_IN", UTF-8, parsed) from "jar:file:/C:/Users/asingh73/.m2/repository/com/aventstack/extentreports/5.0.9/extentreports-5.0.9.jar!/com/aventstack/extentreports/templates/spark/spark.spa.ftl"
2023-09-13 16:49:17 DEBUG cache:45 – Couldn't find template in cache for "commons/commons-variables.ftl"("en_IN", UTF-8, parsed); will try to load it.
2023-09-13 16:49:17 DEBUG cache:45 – TemplateLoader.findTemplateSource("commons/commons-variables_en_IN.ftl"): Not found
2023-09-13 16:49:17 DEBUG cache:45 – TemplateLoader.findTemplateSource("commons/commons-variables_en.ftl"): Not found
2023-09-13 16:49:17 DEBUG cache:45 – TemplateLoader.findTemplateSource("commons/commons-variables.ftl"): Found
2023-09-13 16:49:17 DEBUG cache:45 – Loading template for "commons/commons-variables.ftl"("en_IN", UTF-8, parsed) from "jar:file:/C:/Users/asingh73/.m2/repository/com/aventstack/extentreports/5.0.9/extentreports-5.0.9.jar!/com/aventstack/extentreports/templates/commons/commons-variables.ftl"
2023-09-13 16:49:17 DEBUG cache:45 – Couldn't find template in cache for "commons/commons-macros.ftl"("en_IN", UTF-8, parsed); will try to load it.
2023-09-13 16:49:17 DEBUG cache:45 – TemplateLoader.findTemplateSource("commons/commons-macros_en_IN.ftl"): Not found
2023-09-13 16:49:17 DEBUG cache:45 – TemplateLoader.findTemplateSource("commons/commons-macros_en.ftl"): Not found
2023-09-13 16:49:17 DEBUG cache:45 – TemplateLoader.findTemplateSource("commons/commons-macros.ftl"): Found
2023-09-13 16:49:17 DEBUG cache:45 – Loading template for "commons/commons-macros.ftl"("en_IN", UTF-8, parsed) from "jar:file:/C:/Users/asingh73/.m2/repository/com/aventstack/extentreports/5.0.9/extentreports-5.0.9.jar!/com/aventstack/extentreports/templates/commons/commons-macros.ftl"
2023-09-13 16:49:17 DEBUG cache:45 – Couldn't find template in cache for "spark/macros/attributes.ftl"("en_IN", UTF-8, parsed); will try to load it.
2023-09-13 16:49:17 DEBUG cache:45 – TemplateLoader.findTemplateSource("spark/macros/attributes_en_IN.ftl"): Not found
2023-09-13 16:49:17 DEBUG cache:45 – TemplateLoader.findTemplateSource("spark/macros/attributes_en.ftl"): Not found
2023-09-13 16:49:17 DEBUG cache:45 – TemplateLoader.findTemplateSource("spark/macros/attributes.ftl"): Found
2023-09-13 16:49:17 DEBUG cache:45 – Loading template for "spark/macros/attributes.ftl"("en_IN", UTF-8, parsed) from "jar:file:/C:/Users/asingh73/.m2/repository/com/aventstack/extentreports/5.0.9/extentreports-5.0.9.jar!/com/aventstack/extentreports/templates/spark/macros/attributes.ftl"
2023-09-13 16:49:17 DEBUG cache:45 – Couldn't find template in cache for "spark/macros/log.ftl"("en_IN", UTF-8, parsed); will try to load it.
2023-09-13 16:49:17 DEBUG cache:45 – TemplateLoader.findTemplateSource("spark/macros/log_en_IN.ftl"): Not found
2023-09-13 16:49:17 DEBUG cache:45 – TemplateLoader.findTemplateSource("spark/macros/log_en.ftl"): Not found
2023-09-13 16:49:17 DEBUG cache:45 – TemplateLoader.findTemplateSource("spark/macros/log.ftl"): Found
2023-09-13 16:49:17 DEBUG cache:45 – Loading template for "spark/macros/log.ftl"("en_IN", UTF-8, parsed) from "jar:file:/C:/Users/asingh73/.m2/repository/com/aventstack/extentreports/5.0.9/extentreports-5.0.9.jar!/com/aventstack/extentreports/templates/spark/macros/log.ftl"
2023-09-13 16:49:17 DEBUG cache:45 – Couldn't find template in cache for "spark/macros/recurse_nodes.ftl"("en_IN", UTF-8, parsed); will try to load it.
2023-09-13 16:49:17 DEBUG cache:45 – TemplateLoader.findTemplateSource("spark/macros/recurse_nodes_en_IN.ftl"): Not found
2023-09-13 16:49:17 DEBUG cache:45 – TemplateLoader.findTemplateSource("spark/macros/recurse_nodes_en.ftl"): Not found
2023-09-13 16:49:17 DEBUG cache:45 – TemplateLoader.findTemplateSource("spark/macros/recurse_nodes.ftl"): Found
2023-09-13 16:49:17 DEBUG cache:45 – Loading template for "spark/macros/recurse_nodes.ftl"("en_IN", UTF-8, parsed) from "jar:file:/C:/Users/asingh73/.m2/repository/com/aventstack/extentreports/5.0.9/extentreports-5.0.9.jar!/com/aventstack/extentreports/templates/spark/macros/recurse_nodes.ftl"
2023-09-13 16:49:17 DEBUG cache:45 – "spark/macros/log.ftl"("en_IN", UTF-8, parsed) cached copy not yet stale; using cached.
2023-09-13 16:49:17 DEBUG cache:45 – Couldn't find template in cache for "spark/macros/attr-common.ftl"("en_IN", UTF-8, parsed); will try to load it.
2023-09-13 16:49:17 DEBUG cache:45 – TemplateLoader.findTemplateSource("spark/macros/attr-common_en_IN.ftl"): Not found
2023-09-13 16:49:17 DEBUG cache:45 – TemplateLoader.findTemplateSource("spark/macros/attr-common_en.ftl"): Not found
2023-09-13 16:49:17 DEBUG cache:45 – TemplateLoader.findTemplateSource("spark/macros/attr-common.ftl"): Found
2023-09-13 16:49:17 DEBUG cache:45 – Loading template for "spark/macros/attr-common.ftl"("en_IN", UTF-8, parsed) from "jar:file:/C:/Users/asingh73/.m2/repository/com/aventstack/extentreports/5.0.9/extentreports-5.0.9.jar!/com/aventstack/extentreports/templates/spark/macros/attr-common.ftl"
2023-09-13 16:49:17 DEBUG cache:45 – Couldn't find template in cache for "spark/partials/head.ftl"("en_IN", UTF-8, parsed); will try to load it.
2023-09-13 16:49:17 DEBUG cache:45 – TemplateLoader.findTemplateSource("spark/partials/head_en_IN.ftl"): Not found
2023-09-13 16:49:17 DEBUG cache:45 – TemplateLoader.findTemplateSource("spark/partials/head_en.ftl"): Not found
2023-09-13 16:49:17 DEBUG cache:45 – TemplateLoader.findTemplateSource("spark/partials/head.ftl"): Found
2023-09-13 16:49:17 DEBUG cache:45 – Loading template for "spark/partials/head.ftl"("en_IN", UTF-8, parsed) from "jar:file:/C:/Users/asingh73/.m2/repository/com/aventstack/extentreports/5.0.9/extentreports-5.0.9.jar!/com/aventstack/extentreports/templates/spark/partials/head.ftl"
2023-09-13 16:49:17 DEBUG cache:45 – Couldn't find template in cache for "commons/commons-inject-css.ftl"("en_IN", UTF-8, parsed); will try to load it.
2023-09-13 16:49:17 DEBUG cache:45 – TemplateLoader.findTemplateSource("commons/commons-inject-css_en_IN.ftl"): Not found
2023-09-13 16:49:17 DEBUG cache:45 – TemplateLoader.findTemplateSource("commons/commons-inject-css_en.ftl"): Not found
2023-09-13 16:49:17 DEBUG cache:45 – TemplateLoader.findTemplateSource("commons/commons-inject-css.ftl"): Found
2023-09-13 16:49:17 DEBUG cache:45 – Loading template for "commons/commons-inject-css.ftl"("en_IN", UTF-8, parsed) from "jar:file:/C:/Users/asingh73/.m2/repository/com/aventstack/extentreports/5.0.9/extentreports-5.0.9.jar!/com/aventstack/extentreports/templates/commons/commons-inject-css.ftl"
2023-09-13 16:49:17 DEBUG cache:45 – Couldn't find template in cache for "spark/partials/navbar.ftl"("en_IN", UTF-8, parsed); will try to load it.
2023-09-13 16:49:17 DEBUG cache:45 – TemplateLoader.findTemplateSource("spark/partials/navbar_en_IN.ftl"): Not found
2023-09-13 16:49:17 DEBUG cache:45 – TemplateLoader.findTemplateSource("spark/partials/navbar_en.ftl"): Not found
2023-09-13 16:49:17 DEBUG cache:45 – TemplateLoader.findTemplateSource("spark/partials/navbar.ftl"): Found
2023-09-13 16:49:17 DEBUG cache:45 – Loading template for "spark/partials/navbar.ftl"("en_IN", UTF-8, parsed) from "jar:file:/C:/Users/asingh73/.m2/repository/com/aventstack/extentreports/5.0.9/extentreports-5.0.9.jar!/com/aventstack/extentreports/templates/spark/partials/navbar.ftl"
2023-09-13 16:49:17 DEBUG cache:45 – Couldn't find template in cache for "spark/partials/sidenav.ftl"("en_IN", UTF-8, parsed); will try to load it.
2023-09-13 16:49:17 DEBUG cache:45 – TemplateLoader.findTemplateSource("spark/partials/sidenav_en_IN.ftl"): Not found
2023-09-13 16:49:17 DEBUG cache:45 – TemplateLoader.findTemplateSource("spark/partials/sidenav_en.ftl"): Not found
2023-09-13 16:49:17 DEBUG cache:45 – TemplateLoader.findTemplateSource("spark/partials/sidenav.ftl"): Found
2023-09-13 16:49:17 DEBUG cache:45 – Loading template for "spark/partials/sidenav.ftl"("en_IN", UTF-8, parsed) from "jar:file:/C:/Users/asingh73/.m2/repository/com/aventstack/extentreports/5.0.9/extentreports-5.0.9.jar!/com/aventstack/extentreports/templates/spark/partials/sidenav.ftl"
2023-09-13 16:49:17 DEBUG cache:45 – Couldn't find template in cache for "spark/partials/test.ftl"("en_IN", UTF-8, parsed); will try to load it.
2023-09-13 16:49:17 DEBUG cache:45 – TemplateLoader.findTemplateSource("spark/partials/test_en_IN.ftl"): Not found
2023-09-13 16:49:17 DEBUG cache:45 – TemplateLoader.findTemplateSource("spark/partials/test_en.ftl"): Not found
2023-09-13 16:49:17 DEBUG cache:45 – TemplateLoader.findTemplateSource("spark/partials/test.ftl"): Found
2023-09-13 16:49:17 DEBUG cache:45 – Loading template for "spark/partials/test.ftl"("en_IN", UTF-8, parsed) from "jar:file:/C:/Users/asingh73/.m2/repository/com/aventstack/extentreports/5.0.9/extentreports-5.0.9.jar!/com/aventstack/extentreports/templates/spark/partials/test.ftl"
2023-09-13 16:49:17 DEBUG cache:45 – Couldn't find template in cache for "spark/partials/standard-content.ftl"("en_IN", UTF-8, parsed); will try to load it.
2023-09-13 16:49:17 DEBUG cache:45 – TemplateLoader.findTemplateSource("spark/partials/standard-content_en_IN.ftl"): Not found
2023-09-13 16:49:17 DEBUG cache:45 – TemplateLoader.findTemplateSource("spark/partials/standard-content_en.ftl"): Not found
2023-09-13 16:49:17 DEBUG cache:45 – TemplateLoader.findTemplateSource("spark/partials/standard-content.ftl"): Found
2023-09-13 16:49:17 DEBUG cache:45 – Loading template for "spark/partials/standard-content.ftl"("en_IN", UTF-8, parsed) from "jar:file:/C:/Users/asingh73/.m2/repository/com/aventstack/extentreports/5.0.9/extentreports-5.0.9.jar!/com/aventstack/extentreports/templates/spark/partials/standard-content.ftl"
2023-09-13 16:49:17 DEBUG cache:45 – Couldn't find template in cache for "spark/partials/exception.ftl"("en_IN", UTF-8, parsed); will try to load it.
2023-09-13 16:49:17 DEBUG cache:45 – TemplateLoader.findTemplateSource("spark/partials/exception_en_IN.ftl"): Not found
2023-09-13 16:49:17 DEBUG cache:45 – TemplateLoader.findTemplateSource("spark/partials/exception_en.ftl"): Not found
2023-09-13 16:49:17 DEBUG cache:45 – TemplateLoader.findTemplateSource("spark/partials/exception.ftl"): Found
2023-09-13 16:49:17 DEBUG cache:45 – Loading template for "spark/partials/exception.ftl"("en_IN", UTF-8, parsed) from "jar:file:/C:/Users/asingh73/.m2/repository/com/aventstack/extentreports/5.0.9/extentreports-5.0.9.jar!/com/aventstack/extentreports/templates/spark/partials/exception.ftl"
2023-09-13 16:49:17 DEBUG cache:45 – Couldn't find template in cache for "spark/partials/category.ftl"("en_IN", UTF-8, parsed); will try to load it.
2023-09-13 16:49:17 DEBUG cache:45 – TemplateLoader.findTemplateSource("spark/partials/category_en_IN.ftl"): Not found
2023-09-13 16:49:17 DEBUG cache:45 – TemplateLoader.findTemplateSource("spark/partials/category_en.ftl"): Not found
2023-09-13 16:49:17 DEBUG cache:45 – TemplateLoader.findTemplateSource("spark/partials/category.ftl"): Found
2023-09-13 16:49:17 DEBUG cache:45 – Loading template for "spark/partials/category.ftl"("en_IN", UTF-8, parsed) from "jar:file:/C:/Users/asingh73/.m2/repository/com/aventstack/extentreports/5.0.9/extentreports-5.0.9.jar!/com/aventstack/extentreports/templates/spark/partials/category.ftl"
2023-09-13 16:49:17 DEBUG cache:45 – Couldn't find template in cache for "spark/partials/device.ftl"("en_IN", UTF-8, parsed); will try to load it.
2023-09-13 16:49:17 DEBUG cache:45 – TemplateLoader.findTemplateSource("spark/partials/device_en_IN.ftl"): Not found
2023-09-13 16:49:17 DEBUG cache:45 – TemplateLoader.findTemplateSource("spark/partials/device_en.ftl"): Not found
2023-09-13 16:49:17 DEBUG cache:45 – TemplateLoader.findTemplateSource("spark/partials/device.ftl"): Found
2023-09-13 16:49:17 DEBUG cache:45 – Loading template for "spark/partials/device.ftl"("en_IN", UTF-8, parsed) from "jar:file:/C:/Users/asingh73/.m2/repository/com/aventstack/extentreports/5.0.9/extentreports-5.0.9.jar!/com/aventstack/extentreports/templates/spark/partials/device.ftl"
2023-09-13 16:49:17 DEBUG cache:45 – Couldn't find template in cache for "spark/partials/author.ftl"("en_IN", UTF-8, parsed); will try to load it.
2023-09-13 16:49:17 DEBUG cache:45 – TemplateLoader.findTemplateSource("spark/partials/author_en_IN.ftl"): Not found
2023-09-13 16:49:17 DEBUG cache:45 – TemplateLoader.findTemplateSource("spark/partials/author_en.ftl"): Not found
2023-09-13 16:49:17 DEBUG cache:45 – TemplateLoader.findTemplateSource("spark/partials/author.ftl"): Found
2023-09-13 16:49:17 DEBUG cache:45 – Loading template for "spark/partials/author.ftl"("en_IN", UTF-8, parsed) from "jar:file:/C:/Users/asingh73/.m2/repository/com/aventstack/extentreports/5.0.9/extentreports-5.0.9.jar!/com/aventstack/extentreports/templates/spark/partials/author.ftl"
2023-09-13 16:49:17 DEBUG cache:45 – Couldn't find template in cache for "spark/partials/log.ftl"("en_IN", UTF-8, parsed); will try to load it.
2023-09-13 16:49:17 DEBUG cache:45 – TemplateLoader.findTemplateSource("spark/partials/log_en_IN.ftl"): Not found
2023-09-13 16:49:17 DEBUG cache:45 – TemplateLoader.findTemplateSource("spark/partials/log_en.ftl"): Not found
2023-09-13 16:49:17 DEBUG cache:45 – TemplateLoader.findTemplateSource("spark/partials/log.ftl"): Found
2023-09-13 16:49:17 DEBUG cache:45 – Loading template for "spark/partials/log.ftl"("en_IN", UTF-8, parsed) from "jar:file:/C:/Users/asingh73/.m2/repository/com/aventstack/extentreports/5.0.9/extentreports-5.0.9.jar!/com/aventstack/extentreports/templates/spark/partials/log.ftl"
2023-09-13 16:49:17 DEBUG cache:45 – Couldn't find template in cache for "spark/partials/dashboard.ftl"("en_IN", UTF-8, parsed); will try to load it.
2023-09-13 16:49:17 DEBUG cache:45 – TemplateLoader.findTemplateSource("spark/partials/dashboard_en_IN.ftl"): Not found
2023-09-13 16:49:17 DEBUG cache:45 – TemplateLoader.findTemplateSource("spark/partials/dashboard_en.ftl"): Not found
2023-09-13 16:49:17 DEBUG cache:45 – TemplateLoader.findTemplateSource("spark/partials/dashboard.ftl"): Found
2023-09-13 16:49:17 DEBUG cache:45 – Loading template for "spark/partials/dashboard.ftl"("en_IN", UTF-8, parsed) from "jar:file:/C:/Users/asingh73/.m2/repository/com/aventstack/extentreports/5.0.9/extentreports-5.0.9.jar!/com/aventstack/extentreports/templates/spark/partials/dashboard.ftl"
2023-09-13 16:49:17 DEBUG cache:45 – Couldn't find template in cache for "spark/partials/scripts.ftl"("en_IN", UTF-8, parsed); will try to load it.
2023-09-13 16:49:17 DEBUG cache:45 – TemplateLoader.findTemplateSource("spark/partials/scripts_en_IN.ftl"): Not found
2023-09-13 16:49:17 DEBUG cache:45 – TemplateLoader.findTemplateSource("spark/partials/scripts_en.ftl"): Not found
2023-09-13 16:49:17 DEBUG cache:45 – TemplateLoader.findTemplateSource("spark/partials/scripts.ftl"): Found
2023-09-13 16:49:17 DEBUG cache:45 – Loading template for "spark/partials/scripts.ftl"("en_IN", UTF-8, parsed) from "jar:file:/C:/Users/asingh73/.m2/repository/com/aventstack/extentreports/5.0.9/extentreports-5.0.9.jar!/com/aventstack/extentreports/templates/spark/partials/scripts.ftl"
2023-09-13 16:49:17 DEBUG cache:45 – Couldn't find template in cache for "commons/commons-inject-js.ftl"("en_IN", UTF-8, parsed); will try to load it.
2023-09-13 16:49:17 DEBUG cache:45 – TemplateLoader.findTemplateSource("commons/commons-inject-js_en_IN.ftl"): Not found
2023-09-13 16:49:17 DEBUG cache:45 – TemplateLoader.findTemplateSource("commons/commons-inject-js_en.ftl"): Not found
2023-09-13 16:49:17 DEBUG cache:45 – TemplateLoader.findTemplateSource("commons/commons-inject-js.ftl"): Found
2023-09-13 16:49:17 DEBUG cache:45 – Loading template for "commons/commons-inject-js.ftl"("en_IN", UTF-8, parsed) from "jar:file:/C:/Users/asingh73/.m2/repository/com/aventstack/extentreports/5.0.9/extentreports-5.0.9.jar!/com/aventstack/extentreports/templates/commons/commons-inject-js.ftl"
2023-09-13 16:50:30 INFO  Demo:18 – User name provided
2023-09-13 16:50:30 INFO  Demo:20 – Password name provided
2023-09-13 16:50:34 INFO  Demo:18 – User name provided
2023-09-13 16:50:34 INFO  Demo:20 – Password name provided
2023-09-13 16:50:39 INFO  Demo:18 – User name provided
2023-09-13 16:50:39 INFO  Demo:20 – Password name provided
2023-09-13 16:50:43 INFO  Demo:33 – Login Passed
2023-09-13 16:50:47 DEBUG cache:45 – Couldn't find template in cache for "spark/spark.spa.ftl"("en_IN", UTF-8, parsed); will try to load it.
2023-09-13 16:50:47 DEBUG cache:45 – TemplateLoader.findTemplateSource("spark/spark.spa_en_IN.ftl"): Not found
2023-09-13 16:50:47 DEBUG cache:45 – TemplateLoader.findTemplateSource("spark/spark.spa_en.ftl"): Not found
2023-09-13 16:50:47 DEBUG cache:45 – TemplateLoader.findTemplateSource("spark/spark.spa.ftl"): Found
2023-09-13 16:50:47 DEBUG cache:45 – Loading template for "spark/spark.spa.ftl"("en_IN", UTF-8, parsed) from "jar:file:/C:/Users/asingh73/.m2/repository/com/aventstack/extentreports/5.0.9/extentreports-5.0.9.jar!/com/aventstack/extentreports/templates/spark/spark.spa.ftl"
2023-09-13 16:50:47 DEBUG cache:45 – Couldn't find template in cache for "commons/commons-variables.ftl"("en_IN", UTF-8, parsed); will try to load it.
2023-09-13 16:50:47 DEBUG cache:45 – TemplateLoader.findTemplateSource("commons/commons-variables_en_IN.ftl"): Not found
2023-09-13 16:50:47 DEBUG cache:45 – TemplateLoader.findTemplateSource("commons/commons-variables_en.ftl"): Not found
2023-09-13 16:50:47 DEBUG cache:45 – TemplateLoader.findTemplateSource("commons/commons-variables.ftl"): Found
2023-09-13 16:50:47 DEBUG cache:45 – Loading template for "commons/commons-variables.ftl"("en_IN", UTF-8, parsed) from "jar:file:/C:/Users/asingh73/.m2/repository/com/aventstack/extentreports/5.0.9/extentreports-5.0.9.jar!/com/aventstack/extentreports/templates/commons/commons-variables.ftl"
2023-09-13 16:50:47 DEBUG cache:45 – Couldn't find template in cache for "commons/commons-macros.ftl"("en_IN", UTF-8, parsed); will try to load it.
2023-09-13 16:50:47 DEBUG cache:45 – TemplateLoader.findTemplateSource("commons/commons-macros_en_IN.ftl"): Not found
2023-09-13 16:50:47 DEBUG cache:45 – TemplateLoader.findTemplateSource("commons/commons-macros_en.ftl"): Not found
2023-09-13 16:50:47 DEBUG cache:45 – TemplateLoader.findTemplateSource("commons/commons-macros.ftl"): Found
2023-09-13 16:50:47 DEBUG cache:45 – Loading template for "commons/commons-macros.ftl"("en_IN", UTF-8, parsed) from "jar:file:/C:/Users/asingh73/.m2/repository/com/aventstack/extentreports/5.0.9/extentreports-5.0.9.jar!/com/aventstack/extentreports/templates/commons/commons-macros.ftl"
2023-09-13 16:50:47 DEBUG cache:45 – Couldn't find template in cache for "spark/macros/attributes.ftl"("en_IN", UTF-8, parsed); will try to load it.
2023-09-13 16:50:47 DEBUG cache:45 – TemplateLoader.findTemplateSource("spark/macros/attributes_en_IN.ftl"): Not found
2023-09-13 16:50:47 DEBUG cache:45 – TemplateLoader.findTemplateSource("spark/macros/attributes_en.ftl"): Not found
2023-09-13 16:50:47 DEBUG cache:45 – TemplateLoader.findTemplateSource("spark/macros/attributes.ftl"): Found
2023-09-13 16:50:47 DEBUG cache:45 – Loading template for "spark/macros/attributes.ftl"("en_IN", UTF-8, parsed) from "jar:file:/C:/Users/asingh73/.m2/repository/com/aventstack/extentreports/5.0.9/extentreports-5.0.9.jar!/com/aventstack/extentreports/templates/spark/macros/attributes.ftl"
2023-09-13 16:50:47 DEBUG cache:45 – Couldn't find template in cache for "spark/macros/log.ftl"("en_IN", UTF-8, parsed); will try to load it.
2023-09-13 16:50:47 DEBUG cache:45 – TemplateLoader.findTemplateSource("spark/macros/log_en_IN.ftl"): Not found
2023-09-13 16:50:47 DEBUG cache:45 – TemplateLoader.findTemplateSource("spark/macros/log_en.ftl"): Not found
2023-09-13 16:50:47 DEBUG cache:45 – TemplateLoader.findTemplateSource("spark/macros/log.ftl"): Found
2023-09-13 16:50:47 DEBUG cache:45 – Loading template for "spark/macros/log.ftl"("en_IN", UTF-8, parsed) from "jar:file:/C:/Users/asingh73/.m2/repository/com/aventstack/extentreports/5.0.9/extentreports-5.0.9.jar!/com/aventstack/extentreports/templates/spark/macros/log.ftl"
2023-09-13 16:50:47 DEBUG cache:45 – Couldn't find template in cache for "spark/macros/recurse_nodes.ftl"("en_IN", UTF-8, parsed); will try to load it.
2023-09-13 16:50:47 DEBUG cache:45 – TemplateLoader.findTemplateSource("spark/macros/recurse_nodes_en_IN.ftl"): Not found
2023-09-13 16:50:47 DEBUG cache:45 – TemplateLoader.findTemplateSource("spark/macros/recurse_nodes_en.ftl"): Not found
2023-09-13 16:50:47 DEBUG cache:45 – TemplateLoader.findTemplateSource("spark/macros/recurse_nodes.ftl"): Found
2023-09-13 16:50:47 DEBUG cache:45 – Loading template for "spark/macros/recurse_nodes.ftl"("en_IN", UTF-8, parsed) from "jar:file:/C:/Users/asingh73/.m2/repository/com/aventstack/extentreports/5.0.9/extentreports-5.0.9.jar!/com/aventstack/extentreports/templates/spark/macros/recurse_nodes.ftl"
2023-09-13 16:50:47 DEBUG cache:45 – "spark/macros/log.ftl"("en_IN", UTF-8, parsed) cached copy not yet stale; using cached.
2023-09-13 16:50:47 DEBUG cache:45 – Couldn't find template in cache for "spark/macros/attr-common.ftl"("en_IN", UTF-8, parsed); will try to load it.
2023-09-13 16:50:47 DEBUG cache:45 – TemplateLoader.findTemplateSource("spark/macros/attr-common_en_IN.ftl"): Not found
2023-09-13 16:50:47 DEBUG cache:45 – TemplateLoader.findTemplateSource("spark/macros/attr-common_en.ftl"): Not found
2023-09-13 16:50:47 DEBUG cache:45 – TemplateLoader.findTemplateSource("spark/macros/attr-common.ftl"): Found
2023-09-13 16:50:47 DEBUG cache:45 – Loading template for "spark/macros/attr-common.ftl"("en_IN", UTF-8, parsed) from "jar:file:/C:/Users/asingh73/.m2/repository/com/aventstack/extentreports/5.0.9/extentreports-5.0.9.jar!/com/aventstack/extentreports/templates/spark/macros/attr-common.ftl"
2023-09-13 16:50:47 DEBUG cache:45 – Couldn't find template in cache for "spark/partials/head.ftl"("en_IN", UTF-8, parsed); will try to load it.
2023-09-13 16:50:47 DEBUG cache:45 – TemplateLoader.findTemplateSource("spark/partials/head_en_IN.ftl"): Not found
2023-09-13 16:50:47 DEBUG cache:45 – TemplateLoader.findTemplateSource("spark/partials/head_en.ftl"): Not found
2023-09-13 16:50:47 DEBUG cache:45 – TemplateLoader.findTemplateSource("spark/partials/head.ftl"): Found
2023-09-13 16:50:47 DEBUG cache:45 – Loading template for "spark/partials/head.ftl"("en_IN", UTF-8, parsed) from "jar:file:/C:/Users/asingh73/.m2/repository/com/aventstack/extentreports/5.0.9/extentreports-5.0.9.jar!/com/aventstack/extentreports/templates/spark/partials/head.ftl"
2023-09-13 16:50:47 DEBUG cache:45 – Couldn't find template in cache for "commons/commons-inject-css.ftl"("en_IN", UTF-8, parsed); will try to load it.
2023-09-13 16:50:47 DEBUG cache:45 – TemplateLoader.findTemplateSource("commons/commons-inject-css_en_IN.ftl"): Not found
2023-09-13 16:50:47 DEBUG cache:45 – TemplateLoader.findTemplateSource("commons/commons-inject-css_en.ftl"): Not found
2023-09-13 16:50:47 DEBUG cache:45 – TemplateLoader.findTemplateSource("commons/commons-inject-css.ftl"): Found
2023-09-13 16:50:47 DEBUG cache:45 – Loading template for "commons/commons-inject-css.ftl"("en_IN", UTF-8, parsed) from "jar:file:/C:/Users/asingh73/.m2/repository/com/aventstack/extentreports/5.0.9/extentreports-5.0.9.jar!/com/aventstack/extentreports/templates/commons/commons-inject-css.ftl"
2023-09-13 16:50:47 DEBUG cache:45 – Couldn't find template in cache for "spark/partials/navbar.ftl"("en_IN", UTF-8, parsed); will try to load it.
2023-09-13 16:50:47 DEBUG cache:45 – TemplateLoader.findTemplateSource("spark/partials/navbar_en_IN.ftl"): Not found
2023-09-13 16:50:47 DEBUG cache:45 – TemplateLoader.findTemplateSource("spark/partials/navbar_en.ftl"): Not found
2023-09-13 16:50:47 DEBUG cache:45 – TemplateLoader.findTemplateSource("spark/partials/navbar.ftl"): Found
2023-09-13 16:50:47 DEBUG cache:45 – Loading template for "spark/partials/navbar.ftl"("en_IN", UTF-8, parsed) from "jar:file:/C:/Users/asingh73/.m2/repository/com/aventstack/extentreports/5.0.9/extentreports-5.0.9.jar!/com/aventstack/extentreports/templates/spark/partials/navbar.ftl"
2023-09-13 16:50:47 DEBUG cache:45 – Couldn't find template in cache for "spark/partials/sidenav.ftl"("en_IN", UTF-8, parsed); will try to load it.
2023-09-13 16:50:47 DEBUG cache:45 – TemplateLoader.findTemplateSource("spark/partials/sidenav_en_IN.ftl"): Not found
2023-09-13 16:50:47 DEBUG cache:45 – TemplateLoader.findTemplateSource("spark/partials/sidenav_en.ftl"): Not found
2023-09-13 16:50:47 DEBUG cache:45 – TemplateLoader.findTemplateSource("spark/partials/sidenav.ftl"): Found
2023-09-13 16:50:47 DEBUG cache:45 – Loading template for "spark/partials/sidenav.ftl"("en_IN", UTF-8, parsed) from "jar:file:/C:/Users/asingh73/.m2/repository/com/aventstack/extentreports/5.0.9/extentreports-5.0.9.jar!/com/aventstack/extentreports/templates/spark/partials/sidenav.ftl"
2023-09-13 16:50:47 DEBUG cache:45 – Couldn't find template in cache for "spark/partials/test.ftl"("en_IN", UTF-8, parsed); will try to load it.
2023-09-13 16:50:47 DEBUG cache:45 – TemplateLoader.findTemplateSource("spark/partials/test_en_IN.ftl"): Not found
2023-09-13 16:50:47 DEBUG cache:45 – TemplateLoader.findTemplateSource("spark/partials/test_en.ftl"): Not found
2023-09-13 16:50:47 DEBUG cache:45 – TemplateLoader.findTemplateSource("spark/partials/test.ftl"): Found
2023-09-13 16:50:47 DEBUG cache:45 – Loading template for "spark/partials/test.ftl"("en_IN", UTF-8, parsed) from "jar:file:/C:/Users/asingh73/.m2/repository/com/aventstack/extentreports/5.0.9/extentreports-5.0.9.jar!/com/aventstack/extentreports/templates/spark/partials/test.ftl"
2023-09-13 16:50:47 DEBUG cache:45 – Couldn't find template in cache for "spark/partials/standard-content.ftl"("en_IN", UTF-8, parsed); will try to load it.
2023-09-13 16:50:47 DEBUG cache:45 – TemplateLoader.findTemplateSource("spark/partials/standard-content_en_IN.ftl"): Not found
2023-09-13 16:50:47 DEBUG cache:45 – TemplateLoader.findTemplateSource("spark/partials/standard-content_en.ftl"): Not found
2023-09-13 16:50:47 DEBUG cache:45 – TemplateLoader.findTemplateSource("spark/partials/standard-content.ftl"): Found
2023-09-13 16:50:47 DEBUG cache:45 – Loading template for "spark/partials/standard-content.ftl"("en_IN", UTF-8, parsed) from "jar:file:/C:/Users/asingh73/.m2/repository/com/aventstack/extentreports/5.0.9/extentreports-5.0.9.jar!/com/aventstack/extentreports/templates/spark/partials/standard-content.ftl"
2023-09-13 16:50:47 DEBUG cache:45 – "spark/partials/standard-content.ftl"("en_IN", UTF-8, parsed) cached copy not yet stale; using cached.
2023-09-13 16:50:47 DEBUG cache:45 – "spark/partials/standard-content.ftl"("en_IN", UTF-8, parsed) cached copy not yet stale; using cached.
2023-09-13 16:50:47 DEBUG cache:45 – Couldn't find template in cache for "spark/partials/exception.ftl"("en_IN", UTF-8, parsed); will try to load it.
2023-09-13 16:50:47 DEBUG cache:45 – TemplateLoader.findTemplateSource("spark/partials/exception_en_IN.ftl"): Not found
2023-09-13 16:50:47 DEBUG cache:45 – TemplateLoader.findTemplateSource("spark/partials/exception_en.ftl"): Not found
2023-09-13 16:50:47 DEBUG cache:45 – TemplateLoader.findTemplateSource("spark/partials/exception.ftl"): Found
2023-09-13 16:50:47 DEBUG cache:45 – Loading template for "spark/partials/exception.ftl"("en_IN", UTF-8, parsed) from "jar:file:/C:/Users/asingh73/.m2/repository/com/aventstack/extentreports/5.0.9/extentreports-5.0.9.jar!/com/aventstack/extentreports/templates/spark/partials/exception.ftl"
2023-09-13 16:50:47 DEBUG cache:45 – Couldn't find template in cache for "spark/partials/category.ftl"("en_IN", UTF-8, parsed); will try to load it.
2023-09-13 16:50:47 DEBUG cache:45 – TemplateLoader.findTemplateSource("spark/partials/category_en_IN.ftl"): Not found
2023-09-13 16:50:47 DEBUG cache:45 – TemplateLoader.findTemplateSource("spark/partials/category_en.ftl"): Not found
2023-09-13 16:50:47 DEBUG cache:45 – TemplateLoader.findTemplateSource("spark/partials/category.ftl"): Found
2023-09-13 16:50:47 DEBUG cache:45 – Loading template for "spark/partials/category.ftl"("en_IN", UTF-8, parsed) from "jar:file:/C:/Users/asingh73/.m2/repository/com/aventstack/extentreports/5.0.9/extentreports-5.0.9.jar!/com/aventstack/extentreports/templates/spark/partials/category.ftl"
2023-09-13 16:50:47 DEBUG cache:45 – Couldn't find template in cache for "spark/partials/device.ftl"("en_IN", UTF-8, parsed); will try to load it.
2023-09-13 16:50:47 DEBUG cache:45 – TemplateLoader.findTemplateSource("spark/partials/device_en_IN.ftl"): Not found
2023-09-13 16:50:47 DEBUG cache:45 – TemplateLoader.findTemplateSource("spark/partials/device_en.ftl"): Not found
2023-09-13 16:50:47 DEBUG cache:45 – TemplateLoader.findTemplateSource("spark/partials/device.ftl"): Found
2023-09-13 16:50:47 DEBUG cache:45 – Loading template for "spark/partials/device.ftl"("en_IN", UTF-8, parsed) from "jar:file:/C:/Users/asingh73/.m2/repository/com/aventstack/extentreports/5.0.9/extentreports-5.0.9.jar!/com/aventstack/extentreports/templates/spark/partials/device.ftl"
2023-09-13 16:50:47 DEBUG cache:45 – Couldn't find template in cache for "spark/partials/author.ftl"("en_IN", UTF-8, parsed); will try to load it.
2023-09-13 16:50:47 DEBUG cache:45 – TemplateLoader.findTemplateSource("spark/partials/author_en_IN.ftl"): Not found
2023-09-13 16:50:47 DEBUG cache:45 – TemplateLoader.findTemplateSource("spark/partials/author_en.ftl"): Not found
2023-09-13 16:50:47 DEBUG cache:45 – TemplateLoader.findTemplateSource("spark/partials/author.ftl"): Found
2023-09-13 16:50:47 DEBUG cache:45 – Loading template for "spark/partials/author.ftl"("en_IN", UTF-8, parsed) from "jar:file:/C:/Users/asingh73/.m2/repository/com/aventstack/extentreports/5.0.9/extentreports-5.0.9.jar!/com/aventstack/extentreports/templates/spark/partials/author.ftl"
2023-09-13 16:50:47 DEBUG cache:45 – Couldn't find template in cache for "spark/partials/log.ftl"("en_IN", UTF-8, parsed); will try to load it.
2023-09-13 16:50:47 DEBUG cache:45 – TemplateLoader.findTemplateSource("spark/partials/log_en_IN.ftl"): Not found
2023-09-13 16:50:47 DEBUG cache:45 – TemplateLoader.findTemplateSource("spark/partials/log_en.ftl"): Not found
2023-09-13 16:50:47 DEBUG cache:45 – TemplateLoader.findTemplateSource("spark/partials/log.ftl"): Found
2023-09-13 16:50:47 DEBUG cache:45 – Loading template for "spark/partials/log.ftl"("en_IN", UTF-8, parsed) from "jar:file:/C:/Users/asingh73/.m2/repository/com/aventstack/extentreports/5.0.9/extentreports-5.0.9.jar!/com/aventstack/extentreports/templates/spark/partials/log.ftl"
2023-09-13 16:50:47 DEBUG cache:45 – Couldn't find template in cache for "spark/partials/dashboard.ftl"("en_IN", UTF-8, parsed); will try to load it.
2023-09-13 16:50:47 DEBUG cache:45 – TemplateLoader.findTemplateSource("spark/partials/dashboard_en_IN.ftl"): Not found
2023-09-13 16:50:47 DEBUG cache:45 – TemplateLoader.findTemplateSource("spark/partials/dashboard_en.ftl"): Not found
2023-09-13 16:50:47 DEBUG cache:45 – TemplateLoader.findTemplateSource("spark/partials/dashboard.ftl"): Found
2023-09-13 16:50:47 DEBUG cache:45 – Loading template for "spark/partials/dashboard.ftl"("en_IN", UTF-8, parsed) from "jar:file:/C:/Users/asingh73/.m2/repository/com/aventstack/extentreports/5.0.9/extentreports-5.0.9.jar!/com/aventstack/extentreports/templates/spark/partials/dashboard.ftl"
2023-09-13 16:50:47 DEBUG cache:45 – Couldn't find template in cache for "spark/partials/scripts.ftl"("en_IN", UTF-8, parsed); will try to load it.
2023-09-13 16:50:47 DEBUG cache:45 – TemplateLoader.findTemplateSource("spark/partials/scripts_en_IN.ftl"): Not found
2023-09-13 16:50:47 DEBUG cache:45 – TemplateLoader.findTemplateSource("spark/partials/scripts_en.ftl"): Not found
2023-09-13 16:50:47 DEBUG cache:45 – TemplateLoader.findTemplateSource("spark/partials/scripts.ftl"): Found
2023-09-13 16:50:47 DEBUG cache:45 – Loading template for "spark/partials/scripts.ftl"("en_IN", UTF-8, parsed) from "jar:file:/C:/Users/asingh73/.m2/repository/com/aventstack/extentreports/5.0.9/extentreports-5.0.9.jar!/com/aventstack/extentreports/templates/spark/partials/scripts.ftl"
2023-09-13 16:50:47 DEBUG cache:45 – Couldn't find template in cache for "commons/commons-inject-js.ftl"("en_IN", UTF-8, parsed); will try to load it.
2023-09-13 16:50:47 DEBUG cache:45 – TemplateLoader.findTemplateSource("commons/commons-inject-js_en_IN.ftl"): Not found
2023-09-13 16:50:47 DEBUG cache:45 – TemplateLoader.findTemplateSource("commons/commons-inject-js_en.ftl"): Not found
2023-09-13 16:50:47 DEBUG cache:45 – TemplateLoader.findTemplateSource("commons/commons-inject-js.ftl"): Found
2023-09-13 16:50:47 DEBUG cache:45 – Loading template for "commons/commons-inject-js.ftl"("en_IN", UTF-8, parsed) from "jar:file:/C:/Users/asingh73/.m2/repository/com/aventstack/extentreports/5.0.9/extentreports-5.0.9.jar!/com/aventstack/extentreports/templates/commons/commons-inject-js.ftl"
2023-09-13 17:02:58 INFO  Demo:18 – User name provided
2023-09-13 17:02:59 INFO  Demo:20 – Password name provided
2023-09-13 17:03:03 INFO  Demo:18 – User name provided
2023-09-13 17:03:03 INFO  Demo:20 – Password name provided
2023-09-13 17:03:08 INFO  Demo:18 – User name provided
2023-09-13 17:03:08 INFO  Demo:20 – Password name provided
2023-09-13 17:03:12 INFO  Demo:33 – Login Passed
2023-09-13 17:03:16 DEBUG cache:45 – Couldn't find template in cache for "spark/spark.spa.ftl"("en_IN", UTF-8, parsed); will try to load it.
2023-09-13 17:03:16 DEBUG cache:45 – TemplateLoader.findTemplateSource("spark/spark.spa_en_IN.ftl"): Not found
2023-09-13 17:03:16 DEBUG cache:45 – TemplateLoader.findTemplateSource("spark/spark.spa_en.ftl"): Not found
2023-09-13 17:03:16 DEBUG cache:45 – TemplateLoader.findTemplateSource("spark/spark.spa.ftl"): Found
2023-09-13 17:03:16 DEBUG cache:45 – Loading template for "spark/spark.spa.ftl"("en_IN", UTF-8, parsed) from "jar:file:/C:/Users/asingh73/.m2/repository/com/aventstack/extentreports/5.0.9/extentreports-5.0.9.jar!/com/aventstack/extentreports/templates/spark/spark.spa.ftl"
2023-09-13 17:03:16 DEBUG cache:45 – Couldn't find template in cache for "commons/commons-variables.ftl"("en_IN", UTF-8, parsed); will try to load it.
2023-09-13 17:03:16 DEBUG cache:45 – TemplateLoader.findTemplateSource("commons/commons-variables_en_IN.ftl"): Not found
2023-09-13 17:03:16 DEBUG cache:45 – TemplateLoader.findTemplateSource("commons/commons-variables_en.ftl"): Not found
2023-09-13 17:03:16 DEBUG cache:45 – TemplateLoader.findTemplateSource("commons/commons-variables.ftl"): Found
2023-09-13 17:03:16 DEBUG cache:45 – Loading template for "commons/commons-variables.ftl"("en_IN", UTF-8, parsed) from "jar:file:/C:/Users/asingh73/.m2/repository/com/aventstack/extentreports/5.0.9/extentreports-5.0.9.jar!/com/aventstack/extentreports/templates/commons/commons-variables.ftl"
2023-09-13 17:03:17 DEBUG cache:45 – Couldn't find template in cache for "commons/commons-macros.ftl"("en_IN", UTF-8, parsed); will try to load it.
2023-09-13 17:03:17 DEBUG cache:45 – TemplateLoader.findTemplateSource("commons/commons-macros_en_IN.ftl"): Not found
2023-09-13 17:03:17 DEBUG cache:45 – TemplateLoader.findTemplateSource("commons/commons-macros_en.ftl"): Not found
2023-09-13 17:03:17 DEBUG cache:45 – TemplateLoader.findTemplateSource("commons/commons-macros.ftl"): Found
2023-09-13 17:03:17 DEBUG cache:45 – Loading template for "commons/commons-macros.ftl"("en_IN", UTF-8, parsed) from "jar:file:/C:/Users/asingh73/.m2/repository/com/aventstack/extentreports/5.0.9/extentreports-5.0.9.jar!/com/aventstack/extentreports/templates/commons/commons-macros.ftl"
2023-09-13 17:03:17 DEBUG cache:45 – Couldn't find template in cache for "spark/macros/attributes.ftl"("en_IN", UTF-8, parsed); will try to load it.
2023-09-13 17:03:17 DEBUG cache:45 – TemplateLoader.findTemplateSource("spark/macros/attributes_en_IN.ftl"): Not found
2023-09-13 17:03:17 DEBUG cache:45 – TemplateLoader.findTemplateSource("spark/macros/attributes_en.ftl"): Not found
2023-09-13 17:03:17 DEBUG cache:45 – TemplateLoader.findTemplateSource("spark/macros/attributes.ftl"): Found
2023-09-13 17:03:17 DEBUG cache:45 – Loading template for "spark/macros/attributes.ftl"("en_IN", UTF-8, parsed) from "jar:file:/C:/Users/asingh73/.m2/repository/com/aventstack/extentreports/5.0.9/extentreports-5.0.9.jar!/com/aventstack/extentreports/templates/spark/macros/attributes.ftl"
2023-09-13 17:03:17 DEBUG cache:45 – Couldn't find template in cache for "spark/macros/log.ftl"("en_IN", UTF-8, parsed); will try to load it.
2023-09-13 17:03:17 DEBUG cache:45 – TemplateLoader.findTemplateSource("spark/macros/log_en_IN.ftl"): Not found
2023-09-13 17:03:17 DEBUG cache:45 – TemplateLoader.findTemplateSource("spark/macros/log_en.ftl"): Not found
2023-09-13 17:03:17 DEBUG cache:45 – TemplateLoader.findTemplateSource("spark/macros/log.ftl"): Found
2023-09-13 17:03:17 DEBUG cache:45 – Loading template for "spark/macros/log.ftl"("en_IN", UTF-8, parsed) from "jar:file:/C:/Users/asingh73/.m2/repository/com/aventstack/extentreports/5.0.9/extentreports-5.0.9.jar!/com/aventstack/extentreports/templates/spark/macros/log.ftl"
2023-09-13 17:03:17 DEBUG cache:45 – Couldn't find template in cache for "spark/macros/recurse_nodes.ftl"("en_IN", UTF-8, parsed); will try to load it.
2023-09-13 17:03:17 DEBUG cache:45 – TemplateLoader.findTemplateSource("spark/macros/recurse_nodes_en_IN.ftl"): Not found
2023-09-13 17:03:17 DEBUG cache:45 – TemplateLoader.findTemplateSource("spark/macros/recurse_nodes_en.ftl"): Not found
2023-09-13 17:03:17 DEBUG cache:45 – TemplateLoader.findTemplateSource("spark/macros/recurse_nodes.ftl"): Found
2023-09-13 17:03:17 DEBUG cache:45 – Loading template for "spark/macros/recurse_nodes.ftl"("en_IN", UTF-8, parsed) from "jar:file:/C:/Users/asingh73/.m2/repository/com/aventstack/extentreports/5.0.9/extentreports-5.0.9.jar!/com/aventstack/extentreports/templates/spark/macros/recurse_nodes.ftl"
2023-09-13 17:03:17 DEBUG cache:45 – "spark/macros/log.ftl"("en_IN", UTF-8, parsed) cached copy not yet stale; using cached.
2023-09-13 17:03:17 DEBUG cache:45 – Couldn't find template in cache for "spark/macros/attr-common.ftl"("en_IN", UTF-8, parsed); will try to load it.
2023-09-13 17:03:17 DEBUG cache:45 – TemplateLoader.findTemplateSource("spark/macros/attr-common_en_IN.ftl"): Not found
2023-09-13 17:03:17 DEBUG cache:45 – TemplateLoader.findTemplateSource("spark/macros/attr-common_en.ftl"): Not found
2023-09-13 17:03:17 DEBUG cache:45 – TemplateLoader.findTemplateSource("spark/macros/attr-common.ftl"): Found
2023-09-13 17:03:17 DEBUG cache:45 – Loading template for "spark/macros/attr-common.ftl"("en_IN", UTF-8, parsed) from "jar:file:/C:/Users/asingh73/.m2/repository/com/aventstack/extentreports/5.0.9/extentreports-5.0.9.jar!/com/aventstack/extentreports/templates/spark/macros/attr-common.ftl"
2023-09-13 17:03:17 DEBUG cache:45 – Couldn't find template in cache for "spark/partials/head.ftl"("en_IN", UTF-8, parsed); will try to load it.
2023-09-13 17:03:17 DEBUG cache:45 – TemplateLoader.findTemplateSource("spark/partials/head_en_IN.ftl"): Not found
2023-09-13 17:03:17 DEBUG cache:45 – TemplateLoader.findTemplateSource("spark/partials/head_en.ftl"): Not found
2023-09-13 17:03:17 DEBUG cache:45 – TemplateLoader.findTemplateSource("spark/partials/head.ftl"): Found
2023-09-13 17:03:17 DEBUG cache:45 – Loading template for "spark/partials/head.ftl"("en_IN", UTF-8, parsed) from "jar:file:/C:/Users/asingh73/.m2/repository/com/aventstack/extentreports/5.0.9/extentreports-5.0.9.jar!/com/aventstack/extentreports/templates/spark/partials/head.ftl"
2023-09-13 17:03:17 DEBUG cache:45 – Couldn't find template in cache for "commons/commons-inject-css.ftl"("en_IN", UTF-8, parsed); will try to load it.
2023-09-13 17:03:17 DEBUG cache:45 – TemplateLoader.findTemplateSource("commons/commons-inject-css_en_IN.ftl"): Not found
2023-09-13 17:03:17 DEBUG cache:45 – TemplateLoader.findTemplateSource("commons/commons-inject-css_en.ftl"): Not found
2023-09-13 17:03:17 DEBUG cache:45 – TemplateLoader.findTemplateSource("commons/commons-inject-css.ftl"): Found
2023-09-13 17:03:17 DEBUG cache:45 – Loading template for "commons/commons-inject-css.ftl"("en_IN", UTF-8, parsed) from "jar:file:/C:/Users/asingh73/.m2/repository/com/aventstack/extentreports/5.0.9/extentreports-5.0.9.jar!/com/aventstack/extentreports/templates/commons/commons-inject-css.ftl"
2023-09-13 17:03:17 DEBUG cache:45 – Couldn't find template in cache for "spark/partials/navbar.ftl"("en_IN", UTF-8, parsed); will try to load it.
2023-09-13 17:03:17 DEBUG cache:45 – TemplateLoader.findTemplateSource("spark/partials/navbar_en_IN.ftl"): Not found
2023-09-13 17:03:17 DEBUG cache:45 – TemplateLoader.findTemplateSource("spark/partials/navbar_en.ftl"): Not found
2023-09-13 17:03:17 DEBUG cache:45 – TemplateLoader.findTemplateSource("spark/partials/navbar.ftl"): Found
2023-09-13 17:03:17 DEBUG cache:45 – Loading template for "spark/partials/navbar.ftl"("en_IN", UTF-8, parsed) from "jar:file:/C:/Users/asingh73/.m2/repository/com/aventstack/extentreports/5.0.9/extentreports-5.0.9.jar!/com/aventstack/extentreports/templates/spark/partials/navbar.ftl"
2023-09-13 17:03:17 DEBUG cache:45 – Couldn't find template in cache for "spark/partials/sidenav.ftl"("en_IN", UTF-8, parsed); will try to load it.
2023-09-13 17:03:17 DEBUG cache:45 – TemplateLoader.findTemplateSource("spark/partials/sidenav_en_IN.ftl"): Not found
2023-09-13 17:03:17 DEBUG cache:45 – TemplateLoader.findTemplateSource("spark/partials/sidenav_en.ftl"): Not found
2023-09-13 17:03:17 DEBUG cache:45 – TemplateLoader.findTemplateSource("spark/partials/sidenav.ftl"): Found
2023-09-13 17:03:17 DEBUG cache:45 – Loading template for "spark/partials/sidenav.ftl"("en_IN", UTF-8, parsed) from "jar:file:/C:/Users/asingh73/.m2/repository/com/aventstack/extentreports/5.0.9/extentreports-5.0.9.jar!/com/aventstack/extentreports/templates/spark/partials/sidenav.ftl"
2023-09-13 17:03:17 DEBUG cache:45 – Couldn't find template in cache for "spark/partials/test.ftl"("en_IN", UTF-8, parsed); will try to load it.
2023-09-13 17:03:17 DEBUG cache:45 – TemplateLoader.findTemplateSource("spark/partials/test_en_IN.ftl"): Not found
2023-09-13 17:03:17 DEBUG cache:45 – TemplateLoader.findTemplateSource("spark/partials/test_en.ftl"): Not found
2023-09-13 17:03:17 DEBUG cache:45 – TemplateLoader.findTemplateSource("spark/partials/test.ftl"): Found
2023-09-13 17:03:17 DEBUG cache:45 – Loading template for "spark/partials/test.ftl"("en_IN", UTF-8, parsed) from "jar:file:/C:/Users/asingh73/.m2/repository/com/aventstack/extentreports/5.0.9/extentreports-5.0.9.jar!/com/aventstack/extentreports/templates/spark/partials/test.ftl"
2023-09-13 17:03:17 DEBUG cache:45 – Couldn't find template in cache for "spark/partials/standard-content.ftl"("en_IN", UTF-8, parsed); will try to load it.
2023-09-13 17:03:17 DEBUG cache:45 – TemplateLoader.findTemplateSource("spark/partials/standard-content_en_IN.ftl"): Not found
2023-09-13 17:03:17 DEBUG cache:45 – TemplateLoader.findTemplateSource("spark/partials/standard-content_en.ftl"): Not found
2023-09-13 17:03:17 DEBUG cache:45 – TemplateLoader.findTemplateSource("spark/partials/standard-content.ftl"): Found
2023-09-13 17:03:17 DEBUG cache:45 – Loading template for "spark/partials/standard-content.ftl"("en_IN", UTF-8, parsed) from "jar:file:/C:/Users/asingh73/.m2/repository/com/aventstack/extentreports/5.0.9/extentreports-5.0.9.jar!/com/aventstack/extentreports/templates/spark/partials/standard-content.ftl"
2023-09-13 17:03:17 DEBUG cache:45 – "spark/partials/standard-content.ftl"("en_IN", UTF-8, parsed) cached copy not yet stale; using cached.
2023-09-13 17:03:17 DEBUG cache:45 – "spark/partials/standard-content.ftl"("en_IN", UTF-8, parsed) cached copy not yet stale; using cached.
2023-09-13 17:03:17 DEBUG cache:45 – Couldn't find template in cache for "spark/partials/exception.ftl"("en_IN", UTF-8, parsed); will try to load it.
2023-09-13 17:03:17 DEBUG cache:45 – TemplateLoader.findTemplateSource("spark/partials/exception_en_IN.ftl"): Not found
2023-09-13 17:03:17 DEBUG cache:45 – TemplateLoader.findTemplateSource("spark/partials/exception_en.ftl"): Not found
2023-09-13 17:03:17 DEBUG cache:45 – TemplateLoader.findTemplateSource("spark/partials/exception.ftl"): Found
2023-09-13 17:03:17 DEBUG cache:45 – Loading template for "spark/partials/exception.ftl"("en_IN", UTF-8, parsed) from "jar:file:/C:/Users/asingh73/.m2/repository/com/aventstack/extentreports/5.0.9/extentreports-5.0.9.jar!/com/aventstack/extentreports/templates/spark/partials/exception.ftl"
2023-09-13 17:03:17 DEBUG cache:45 – Couldn't find template in cache for "spark/partials/category.ftl"("en_IN", UTF-8, parsed); will try to load it.
2023-09-13 17:03:17 DEBUG cache:45 – TemplateLoader.findTemplateSource("spark/partials/category_en_IN.ftl"): Not found
2023-09-13 17:03:17 DEBUG cache:45 – TemplateLoader.findTemplateSource("spark/partials/category_en.ftl"): Not found
2023-09-13 17:03:17 DEBUG cache:45 – TemplateLoader.findTemplateSource("spark/partials/category.ftl"): Found
2023-09-13 17:03:17 DEBUG cache:45 – Loading template for "spark/partials/category.ftl"("en_IN", UTF-8, parsed) from "jar:file:/C:/Users/asingh73/.m2/repository/com/aventstack/extentreports/5.0.9/extentreports-5.0.9.jar!/com/aventstack/extentreports/templates/spark/partials/category.ftl"
2023-09-13 17:03:17 DEBUG cache:45 – Couldn't find template in cache for "spark/partials/device.ftl"("en_IN", UTF-8, parsed); will try to load it.
2023-09-13 17:03:17 DEBUG cache:45 – TemplateLoader.findTemplateSource("spark/partials/device_en_IN.ftl"): Not found
2023-09-13 17:03:17 DEBUG cache:45 – TemplateLoader.findTemplateSource("spark/partials/device_en.ftl"): Not found
2023-09-13 17:03:17 DEBUG cache:45 – TemplateLoader.findTemplateSource("spark/partials/device.ftl"): Found
2023-09-13 17:03:17 DEBUG cache:45 – Loading template for "spark/partials/device.ftl"("en_IN", UTF-8, parsed) from "jar:file:/C:/Users/asingh73/.m2/repository/com/aventstack/extentreports/5.0.9/extentreports-5.0.9.jar!/com/aventstack/extentreports/templates/spark/partials/device.ftl"
2023-09-13 17:03:17 DEBUG cache:45 – Couldn't find template in cache for "spark/partials/author.ftl"("en_IN", UTF-8, parsed); will try to load it.
2023-09-13 17:03:17 DEBUG cache:45 – TemplateLoader.findTemplateSource("spark/partials/author_en_IN.ftl"): Not found
2023-09-13 17:03:17 DEBUG cache:45 – TemplateLoader.findTemplateSource("spark/partials/author_en.ftl"): Not found
2023-09-13 17:03:17 DEBUG cache:45 – TemplateLoader.findTemplateSource("spark/partials/author.ftl"): Found
2023-09-13 17:03:17 DEBUG cache:45 – Loading template for "spark/partials/author.ftl"("en_IN", UTF-8, parsed) from "jar:file:/C:/Users/asingh73/.m2/repository/com/aventstack/extentreports/5.0.9/extentreports-5.0.9.jar!/com/aventstack/extentreports/templates/spark/partials/author.ftl"
2023-09-13 17:03:17 DEBUG cache:45 – Couldn't find template in cache for "spark/partials/log.ftl"("en_IN", UTF-8, parsed); will try to load it.
2023-09-13 17:03:17 DEBUG cache:45 – TemplateLoader.findTemplateSource("spark/partials/log_en_IN.ftl"): Not found
2023-09-13 17:03:17 DEBUG cache:45 – TemplateLoader.findTemplateSource("spark/partials/log_en.ftl"): Not found
2023-09-13 17:03:17 DEBUG cache:45 – TemplateLoader.findTemplateSource("spark/partials/log.ftl"): Found
2023-09-13 17:03:17 DEBUG cache:45 – Loading template for "spark/partials/log.ftl"("en_IN", UTF-8, parsed) from "jar:file:/C:/Users/asingh73/.m2/repository/com/aventstack/extentreports/5.0.9/extentreports-5.0.9.jar!/com/aventstack/extentreports/templates/spark/partials/log.ftl"
2023-09-13 17:03:17 DEBUG cache:45 – Couldn't find template in cache for "spark/partials/dashboard.ftl"("en_IN", UTF-8, parsed); will try to load it.
2023-09-13 17:03:17 DEBUG cache:45 – TemplateLoader.findTemplateSource("spark/partials/dashboard_en_IN.ftl"): Not found
2023-09-13 17:03:17 DEBUG cache:45 – TemplateLoader.findTemplateSource("spark/partials/dashboard_en.ftl"): Not found
2023-09-13 17:03:17 DEBUG cache:45 – TemplateLoader.findTemplateSource("spark/partials/dashboard.ftl"): Found
2023-09-13 17:03:17 DEBUG cache:45 – Loading template for "spark/partials/dashboard.ftl"("en_IN", UTF-8, parsed) from "jar:file:/C:/Users/asingh73/.m2/repository/com/aventstack/extentreports/5.0.9/extentreports-5.0.9.jar!/com/aventstack/extentreports/templates/spark/partials/dashboard.ftl"
2023-09-13 17:03:17 DEBUG cache:45 – Couldn't find template in cache for "spark/partials/scripts.ftl"("en_IN", UTF-8, parsed); will try to load it.
2023-09-13 17:03:17 DEBUG cache:45 – TemplateLoader.findTemplateSource("spark/partials/scripts_en_IN.ftl"): Not found
2023-09-13 17:03:17 DEBUG cache:45 – TemplateLoader.findTemplateSource("spark/partials/scripts_en.ftl"): Not found
2023-09-13 17:03:17 DEBUG cache:45 – TemplateLoader.findTemplateSource("spark/partials/scripts.ftl"): Found
2023-09-13 17:03:17 DEBUG cache:45 – Loading template for "spark/partials/scripts.ftl"("en_IN", UTF-8, parsed) from "jar:file:/C:/Users/asingh73/.m2/repository/com/aventstack/extentreports/5.0.9/extentreports-5.0.9.jar!/com/aventstack/extentreports/templates/spark/partials/scripts.ftl"
2023-09-13 17:03:17 DEBUG cache:45 – Couldn't find template in cache for "commons/commons-inject-js.ftl"("en_IN", UTF-8, parsed); will try to load it.
2023-09-13 17:03:17 DEBUG cache:45 – TemplateLoader.findTemplateSource("commons/commons-inject-js_en_IN.ftl"): Not found
2023-09-13 17:03:17 DEBUG cache:45 – TemplateLoader.findTemplateSource("commons/commons-inject-js_en.ftl"): Not found
2023-09-13 17:03:17 DEBUG cache:45 – TemplateLoader.findTemplateSource("commons/commons-inject-js.ftl"): Found
2023-09-13 17:03:17 DEBUG cache:45 – Loading template for "commons/commons-inject-js.ftl"("en_IN", UTF-8, parsed) from "jar:file:/C:/Users/asingh73/.m2/repository/com/aventstack/extentreports/5.0.9/extentreports-5.0.9.jar!/com/aventstack/extentreports/templates/commons/commons-inject-js.ftl"
2023-09-13 17:08:52 INFO  Demo:18 – User name provided
2023-09-13 17:08:52 INFO  Demo:20 – Password name provided
2023-09-13 17:08:57 INFO  Demo:18 – User name provided
2023-09-13 17:08:57 INFO  Demo:20 – Password name provided
2023-09-13 17:09:02 INFO  Demo:18 – User name provided
2023-09-13 17:09:02 INFO  Demo:20 – Password name provided
2023-09-13 17:09:06 INFO  Demo:33 – Login Passed
2023-09-13 17:09:11 DEBUG cache:45 – Couldn't find template in cache for "spark/spark.spa.ftl"("en_IN", UTF-8, parsed); will try to load it.
2023-09-13 17:09:11 DEBUG cache:45 – TemplateLoader.findTemplateSource("spark/spark.spa_en_IN.ftl"): Not found
2023-09-13 17:09:11 DEBUG cache:45 – TemplateLoader.findTemplateSource("spark/spark.spa_en.ftl"): Not found
2023-09-13 17:09:11 DEBUG cache:45 – TemplateLoader.findTemplateSource("spark/spark.spa.ftl"): Found
2023-09-13 17:09:11 DEBUG cache:45 – Loading template for "spark/spark.spa.ftl"("en_IN", UTF-8, parsed) from "jar:file:/C:/Users/asingh73/.m2/repository/com/aventstack/extentreports/5.0.9/extentreports-5.0.9.jar!/com/aventstack/extentreports/templates/spark/spark.spa.ftl"
2023-09-13 17:09:11 DEBUG cache:45 – Couldn't find template in cache for "commons/commons-variables.ftl"("en_IN", UTF-8, parsed); will try to load it.
2023-09-13 17:09:11 DEBUG cache:45 – TemplateLoader.findTemplateSource("commons/commons-variables_en_IN.ftl"): Not found
2023-09-13 17:09:11 DEBUG cache:45 – TemplateLoader.findTemplateSource("commons/commons-variables_en.ftl"): Not found
2023-09-13 17:09:11 DEBUG cache:45 – TemplateLoader.findTemplateSource("commons/commons-variables.ftl"): Found
2023-09-13 17:09:11 DEBUG cache:45 – Loading template for "commons/commons-variables.ftl"("en_IN", UTF-8, parsed) from "jar:file:/C:/Users/asingh73/.m2/repository/com/aventstack/extentreports/5.0.9/extentreports-5.0.9.jar!/com/aventstack/extentreports/templates/commons/commons-variables.ftl"
2023-09-13 17:09:11 DEBUG cache:45 – Couldn't find template in cache for "commons/commons-macros.ftl"("en_IN", UTF-8, parsed); will try to load it.
2023-09-13 17:09:11 DEBUG cache:45 – TemplateLoader.findTemplateSource("commons/commons-macros_en_IN.ftl"): Not found
2023-09-13 17:09:11 DEBUG cache:45 – TemplateLoader.findTemplateSource("commons/commons-macros_en.ftl"): Not found
2023-09-13 17:09:11 DEBUG cache:45 – TemplateLoader.findTemplateSource("commons/commons-macros.ftl"): Found
2023-09-13 17:09:11 DEBUG cache:45 – Loading template for "commons/commons-macros.ftl"("en_IN", UTF-8, parsed) from "jar:file:/C:/Users/asingh73/.m2/repository/com/aventstack/extentreports/5.0.9/extentreports-5.0.9.jar!/com/aventstack/extentreports/templates/commons/commons-macros.ftl"
2023-09-13 17:09:11 DEBUG cache:45 – Couldn't find template in cache for "spark/macros/attributes.ftl"("en_IN", UTF-8, parsed); will try to load it.
2023-09-13 17:09:11 DEBUG cache:45 – TemplateLoader.findTemplateSource("spark/macros/attributes_en_IN.ftl"): Not found
2023-09-13 17:09:11 DEBUG cache:45 – TemplateLoader.findTemplateSource("spark/macros/attributes_en.ftl"): Not found
2023-09-13 17:09:11 DEBUG cache:45 – TemplateLoader.findTemplateSource("spark/macros/attributes.ftl"): Found
2023-09-13 17:09:11 DEBUG cache:45 – Loading template for "spark/macros/attributes.ftl"("en_IN", UTF-8, parsed) from "jar:file:/C:/Users/asingh73/.m2/repository/com/aventstack/extentreports/5.0.9/extentreports-5.0.9.jar!/com/aventstack/extentreports/templates/spark/macros/attributes.ftl"
2023-09-13 17:09:11 DEBUG cache:45 – Couldn't find template in cache for "spark/macros/log.ftl"("en_IN", UTF-8, parsed); will try to load it.
2023-09-13 17:09:11 DEBUG cache:45 – TemplateLoader.findTemplateSource("spark/macros/log_en_IN.ftl"): Not found
2023-09-13 17:09:11 DEBUG cache:45 – TemplateLoader.findTemplateSource("spark/macros/log_en.ftl"): Not found
2023-09-13 17:09:11 DEBUG cache:45 – TemplateLoader.findTemplateSource("spark/macros/log.ftl"): Found
2023-09-13 17:09:11 DEBUG cache:45 – Loading template for "spark/macros/log.ftl"("en_IN", UTF-8, parsed) from "jar:file:/C:/Users/asingh73/.m2/repository/com/aventstack/extentreports/5.0.9/extentreports-5.0.9.jar!/com/aventstack/extentreports/templates/spark/macros/log.ftl"
2023-09-13 17:09:11 DEBUG cache:45 – Couldn't find template in cache for "spark/macros/recurse_nodes.ftl"("en_IN", UTF-8, parsed); will try to load it.
2023-09-13 17:09:11 DEBUG cache:45 – TemplateLoader.findTemplateSource("spark/macros/recurse_nodes_en_IN.ftl"): Not found
2023-09-13 17:09:11 DEBUG cache:45 – TemplateLoader.findTemplateSource("spark/macros/recurse_nodes_en.ftl"): Not found
2023-09-13 17:09:11 DEBUG cache:45 – TemplateLoader.findTemplateSource("spark/macros/recurse_nodes.ftl"): Found
2023-09-13 17:09:11 DEBUG cache:45 – Loading template for "spark/macros/recurse_nodes.ftl"("en_IN", UTF-8, parsed) from "jar:file:/C:/Users/asingh73/.m2/repository/com/aventstack/extentreports/5.0.9/extentreports-5.0.9.jar!/com/aventstack/extentreports/templates/spark/macros/recurse_nodes.ftl"
2023-09-13 17:09:11 DEBUG cache:45 – "spark/macros/log.ftl"("en_IN", UTF-8, parsed) cached copy not yet stale; using cached.
2023-09-13 17:09:11 DEBUG cache:45 – Couldn't find template in cache for "spark/macros/attr-common.ftl"("en_IN", UTF-8, parsed); will try to load it.
2023-09-13 17:09:11 DEBUG cache:45 – TemplateLoader.findTemplateSource("spark/macros/attr-common_en_IN.ftl"): Not found
2023-09-13 17:09:11 DEBUG cache:45 – TemplateLoader.findTemplateSource("spark/macros/attr-common_en.ftl"): Not found
2023-09-13 17:09:11 DEBUG cache:45 – TemplateLoader.findTemplateSource("spark/macros/attr-common.ftl"): Found
2023-09-13 17:09:11 DEBUG cache:45 – Loading template for "spark/macros/attr-common.ftl"("en_IN", UTF-8, parsed) from "jar:file:/C:/Users/asingh73/.m2/repository/com/aventstack/extentreports/5.0.9/extentreports-5.0.9.jar!/com/aventstack/extentreports/templates/spark/macros/attr-common.ftl"
2023-09-13 17:09:11 DEBUG cache:45 – Couldn't find template in cache for "spark/partials/head.ftl"("en_IN", UTF-8, parsed); will try to load it.
2023-09-13 17:09:11 DEBUG cache:45 – TemplateLoader.findTemplateSource("spark/partials/head_en_IN.ftl"): Not found
2023-09-13 17:09:11 DEBUG cache:45 – TemplateLoader.findTemplateSource("spark/partials/head_en.ftl"): Not found
2023-09-13 17:09:11 DEBUG cache:45 – TemplateLoader.findTemplateSource("spark/partials/head.ftl"): Found
2023-09-13 17:09:11 DEBUG cache:45 – Loading template for "spark/partials/head.ftl"("en_IN", UTF-8, parsed) from "jar:file:/C:/Users/asingh73/.m2/repository/com/aventstack/extentreports/5.0.9/extentreports-5.0.9.jar!/com/aventstack/extentreports/templates/spark/partials/head.ftl"
2023-09-13 17:09:11 DEBUG cache:45 – Couldn't find template in cache for "commons/commons-inject-css.ftl"("en_IN", UTF-8, parsed); will try to load it.
2023-09-13 17:09:11 DEBUG cache:45 – TemplateLoader.findTemplateSource("commons/commons-inject-css_en_IN.ftl"): Not found
2023-09-13 17:09:11 DEBUG cache:45 – TemplateLoader.findTemplateSource("commons/commons-inject-css_en.ftl"): Not found
2023-09-13 17:09:11 DEBUG cache:45 – TemplateLoader.findTemplateSource("commons/commons-inject-css.ftl"): Found
2023-09-13 17:09:11 DEBUG cache:45 – Loading template for "commons/commons-inject-css.ftl"("en_IN", UTF-8, parsed) from "jar:file:/C:/Users/asingh73/.m2/repository/com/aventstack/extentreports/5.0.9/extentreports-5.0.9.jar!/com/aventstack/extentreports/templates/commons/commons-inject-css.ftl"
2023-09-13 17:09:11 DEBUG cache:45 – Couldn't find template in cache for "spark/partials/navbar.ftl"("en_IN", UTF-8, parsed); will try to load it.
2023-09-13 17:09:11 DEBUG cache:45 – TemplateLoader.findTemplateSource("spark/partials/navbar_en_IN.ftl"): Not found
2023-09-13 17:09:11 DEBUG cache:45 – TemplateLoader.findTemplateSource("spark/partials/navbar_en.ftl"): Not found
2023-09-13 17:09:11 DEBUG cache:45 – TemplateLoader.findTemplateSource("spark/partials/navbar.ftl"): Found
2023-09-13 17:09:11 DEBUG cache:45 – Loading template for "spark/partials/navbar.ftl"("en_IN", UTF-8, parsed) from "jar:file:/C:/Users/asingh73/.m2/repository/com/aventstack/extentreports/5.0.9/extentreports-5.0.9.jar!/com/aventstack/extentreports/templates/spark/partials/navbar.ftl"
2023-09-13 17:09:11 DEBUG cache:45 – Couldn't find template in cache for "spark/partials/sidenav.ftl"("en_IN", UTF-8, parsed); will try to load it.
2023-09-13 17:09:11 DEBUG cache:45 – TemplateLoader.findTemplateSource("spark/partials/sidenav_en_IN.ftl"): Not found
2023-09-13 17:09:11 DEBUG cache:45 – TemplateLoader.findTemplateSource("spark/partials/sidenav_en.ftl"): Not found
2023-09-13 17:09:11 DEBUG cache:45 – TemplateLoader.findTemplateSource("spark/partials/sidenav.ftl"): Found
2023-09-13 17:09:11 DEBUG cache:45 – Loading template for "spark/partials/sidenav.ftl"("en_IN", UTF-8, parsed) from "jar:file:/C:/Users/asingh73/.m2/repository/com/aventstack/extentreports/5.0.9/extentreports-5.0.9.jar!/com/aventstack/extentreports/templates/spark/partials/sidenav.ftl"
2023-09-13 17:09:11 DEBUG cache:45 – Couldn't find template in cache for "spark/partials/test.ftl"("en_IN", UTF-8, parsed); will try to load it.
2023-09-13 17:09:11 DEBUG cache:45 – TemplateLoader.findTemplateSource("spark/partials/test_en_IN.ftl"): Not found
2023-09-13 17:09:11 DEBUG cache:45 – TemplateLoader.findTemplateSource("spark/partials/test_en.ftl"): Not found
2023-09-13 17:09:11 DEBUG cache:45 – TemplateLoader.findTemplateSource("spark/partials/test.ftl"): Found
2023-09-13 17:09:11 DEBUG cache:45 – Loading template for "spark/partials/test.ftl"("en_IN", UTF-8, parsed) from "jar:file:/C:/Users/asingh73/.m2/repository/com/aventstack/extentreports/5.0.9/extentreports-5.0.9.jar!/com/aventstack/extentreports/templates/spark/partials/test.ftl"
2023-09-13 17:09:11 DEBUG cache:45 – Couldn't find template in cache for "spark/partials/standard-content.ftl"("en_IN", UTF-8, parsed); will try to load it.
2023-09-13 17:09:11 DEBUG cache:45 – TemplateLoader.findTemplateSource("spark/partials/standard-content_en_IN.ftl"): Not found
2023-09-13 17:09:11 DEBUG cache:45 – TemplateLoader.findTemplateSource("spark/partials/standard-content_en.ftl"): Not found
2023-09-13 17:09:11 DEBUG cache:45 – TemplateLoader.findTemplateSource("spark/partials/standard-content.ftl"): Found
2023-09-13 17:09:11 DEBUG cache:45 – Loading template for "spark/partials/standard-content.ftl"("en_IN", UTF-8, parsed) from "jar:file:/C:/Users/asingh73/.m2/repository/com/aventstack/extentreports/5.0.9/extentreports-5.0.9.jar!/com/aventstack/extentreports/templates/spark/partials/standard-content.ftl"
2023-09-13 17:09:11 DEBUG cache:45 – "spark/partials/standard-content.ftl"("en_IN", UTF-8, parsed) cached copy not yet stale; using cached.
2023-09-13 17:09:11 DEBUG cache:45 – "spark/partials/standard-content.ftl"("en_IN", UTF-8, parsed) cached copy not yet stale; using cached.
2023-09-13 17:09:11 DEBUG cache:45 – Couldn't find template in cache for "spark/partials/exception.ftl"("en_IN", UTF-8, parsed); will try to load it.
2023-09-13 17:09:11 DEBUG cache:45 – TemplateLoader.findTemplateSource("spark/partials/exception_en_IN.ftl"): Not found
2023-09-13 17:09:11 DEBUG cache:45 – TemplateLoader.findTemplateSource("spark/partials/exception_en.ftl"): Not found
2023-09-13 17:09:11 DEBUG cache:45 – TemplateLoader.findTemplateSource("spark/partials/exception.ftl"): Found
2023-09-13 17:09:11 DEBUG cache:45 – Loading template for "spark/partials/exception.ftl"("en_IN", UTF-8, parsed) from "jar:file:/C:/Users/asingh73/.m2/repository/com/aventstack/extentreports/5.0.9/extentreports-5.0.9.jar!/com/aventstack/extentreports/templates/spark/partials/exception.ftl"
2023-09-13 17:09:11 DEBUG cache:45 – Couldn't find template in cache for "spark/partials/category.ftl"("en_IN", UTF-8, parsed); will try to load it.
2023-09-13 17:09:11 DEBUG cache:45 – TemplateLoader.findTemplateSource("spark/partials/category_en_IN.ftl"): Not found
2023-09-13 17:09:11 DEBUG cache:45 – TemplateLoader.findTemplateSource("spark/partials/category_en.ftl"): Not found
2023-09-13 17:09:11 DEBUG cache:45 – TemplateLoader.findTemplateSource("spark/partials/category.ftl"): Found
2023-09-13 17:09:11 DEBUG cache:45 – Loading template for "spark/partials/category.ftl"("en_IN", UTF-8, parsed) from "jar:file:/C:/Users/asingh73/.m2/repository/com/aventstack/extentreports/5.0.9/extentreports-5.0.9.jar!/com/aventstack/extentreports/templates/spark/partials/category.ftl"
2023-09-13 17:09:11 DEBUG cache:45 – Couldn't find template in cache for "spark/partials/device.ftl"("en_IN", UTF-8, parsed); will try to load it.
2023-09-13 17:09:11 DEBUG cache:45 – TemplateLoader.findTemplateSource("spark/partials/device_en_IN.ftl"): Not found
2023-09-13 17:09:11 DEBUG cache:45 – TemplateLoader.findTemplateSource("spark/partials/device_en.ftl"): Not found
2023-09-13 17:09:11 DEBUG cache:45 – TemplateLoader.findTemplateSource("spark/partials/device.ftl"): Found
2023-09-13 17:09:11 DEBUG cache:45 – Loading template for "spark/partials/device.ftl"("en_IN", UTF-8, parsed) from "jar:file:/C:/Users/asingh73/.m2/repository/com/aventstack/extentreports/5.0.9/extentreports-5.0.9.jar!/com/aventstack/extentreports/templates/spark/partials/device.ftl"
2023-09-13 17:09:11 DEBUG cache:45 – Couldn't find template in cache for "spark/partials/author.ftl"("en_IN", UTF-8, parsed); will try to load it.
2023-09-13 17:09:11 DEBUG cache:45 – TemplateLoader.findTemplateSource("spark/partials/author_en_IN.ftl"): Not found
2023-09-13 17:09:11 DEBUG cache:45 – TemplateLoader.findTemplateSource("spark/partials/author_en.ftl"): Not found
2023-09-13 17:09:11 DEBUG cache:45 – TemplateLoader.findTemplateSource("spark/partials/author.ftl"): Found
2023-09-13 17:09:11 DEBUG cache:45 – Loading template for "spark/partials/author.ftl"("en_IN", UTF-8, parsed) from "jar:file:/C:/Users/asingh73/.m2/repository/com/aventstack/extentreports/5.0.9/extentreports-5.0.9.jar!/com/aventstack/extentreports/templates/spark/partials/author.ftl"
2023-09-13 17:09:11 DEBUG cache:45 – Couldn't find template in cache for "spark/partials/log.ftl"("en_IN", UTF-8, parsed); will try to load it.
2023-09-13 17:09:11 DEBUG cache:45 – TemplateLoader.findTemplateSource("spark/partials/log_en_IN.ftl"): Not found
2023-09-13 17:09:11 DEBUG cache:45 – TemplateLoader.findTemplateSource("spark/partials/log_en.ftl"): Not found
2023-09-13 17:09:11 DEBUG cache:45 – TemplateLoader.findTemplateSource("spark/partials/log.ftl"): Found
2023-09-13 17:09:11 DEBUG cache:45 – Loading template for "spark/partials/log.ftl"("en_IN", UTF-8, parsed) from "jar:file:/C:/Users/asingh73/.m2/repository/com/aventstack/extentreports/5.0.9/extentreports-5.0.9.jar!/com/aventstack/extentreports/templates/spark/partials/log.ftl"
2023-09-13 17:09:11 DEBUG cache:45 – Couldn't find template in cache for "spark/partials/dashboard.ftl"("en_IN", UTF-8, parsed); will try to load it.
2023-09-13 17:09:11 DEBUG cache:45 – TemplateLoader.findTemplateSource("spark/partials/dashboard_en_IN.ftl"): Not found
2023-09-13 17:09:11 DEBUG cache:45 – TemplateLoader.findTemplateSource("spark/partials/dashboard_en.ftl"): Not found
2023-09-13 17:09:11 DEBUG cache:45 – TemplateLoader.findTemplateSource("spark/partials/dashboard.ftl"): Found
2023-09-13 17:09:11 DEBUG cache:45 – Loading template for "spark/partials/dashboard.ftl"("en_IN", UTF-8, parsed) from "jar:file:/C:/Users/asingh73/.m2/repository/com/aventstack/extentreports/5.0.9/extentreports-5.0.9.jar!/com/aventstack/extentreports/templates/spark/partials/dashboard.ftl"
2023-09-13 17:09:11 DEBUG cache:45 – Couldn't find template in cache for "spark/partials/scripts.ftl"("en_IN", UTF-8, parsed); will try to load it.
2023-09-13 17:09:11 DEBUG cache:45 – TemplateLoader.findTemplateSource("spark/partials/scripts_en_IN.ftl"): Not found
2023-09-13 17:09:11 DEBUG cache:45 – TemplateLoader.findTemplateSource("spark/partials/scripts_en.ftl"): Not found
2023-09-13 17:09:11 DEBUG cache:45 – TemplateLoader.findTemplateSource("spark/partials/scripts.ftl"): Found
2023-09-13 17:09:11 DEBUG cache:45 – Loading template for "spark/partials/scripts.ftl"("en_IN", UTF-8, parsed) from "jar:file:/C:/Users/asingh73/.m2/repository/com/aventstack/extentreports/5.0.9/extentreports-5.0.9.jar!/com/aventstack/extentreports/templates/spark/partials/scripts.ftl"
2023-09-13 17:09:11 DEBUG cache:45 – Couldn't find template in cache for "commons/commons-inject-js.ftl"("en_IN", UTF-8, parsed); will try to load it.
2023-09-13 17:09:11 DEBUG cache:45 – TemplateLoader.findTemplateSource("commons/commons-inject-js_en_IN.ftl"): Not found
2023-09-13 17:09:11 DEBUG cache:45 – TemplateLoader.findTemplateSource("commons/commons-inject-js_en.ftl"): Not found
2023-09-13 17:09:11 DEBUG cache:45 – TemplateLoader.findTemplateSource("commons/commons-inject-js.ftl"): Found
2023-09-13 17:09:11 DEBUG cache:45 – Loading template for "commons/commons-inject-js.ftl"("en_IN", UTF-8, parsed) from "jar:file:/C:/Users/asingh73/.m2/repository/com/aventstack/extentreports/5.0.9/extentreports-5.0.9.jar!/com/aventstack/extentreports/templates/commons/commons-inject-js.ftl"
2023-09-13 17:11:01 INFO  Demo:18 – User name provided
2023-09-13 17:11:01 INFO  Demo:20 – Password name provided
2023-09-13 17:11:06 INFO  Demo:18 – User name provided
2023-09-13 17:11:06 INFO  Demo:20 – Password name provided
2023-09-13 17:11:11 INFO  Demo:18 – User name provided
2023-09-13 17:11:11 INFO  Demo:20 – Password name provided
2023-09-13 17:11:15 INFO  Demo:33 – Login Passed
2023-09-13 17:11:19 DEBUG cache:45 – Couldn't find template in cache for "spark/spark.spa.ftl"("en_IN", UTF-8, parsed); will try to load it.
2023-09-13 17:11:19 DEBUG cache:45 – TemplateLoader.findTemplateSource("spark/spark.spa_en_IN.ftl"): Not found
2023-09-13 17:11:19 DEBUG cache:45 – TemplateLoader.findTemplateSource("spark/spark.spa_en.ftl"): Not found
2023-09-13 17:11:19 DEBUG cache:45 – TemplateLoader.findTemplateSource("spark/spark.spa.ftl"): Found
2023-09-13 17:11:19 DEBUG cache:45 – Loading template for "spark/spark.spa.ftl"("en_IN", UTF-8, parsed) from "jar:file:/C:/Users/asingh73/.m2/repository/com/aventstack/extentreports/5.0.9/extentreports-5.0.9.jar!/com/aventstack/extentreports/templates/spark/spark.spa.ftl"
2023-09-13 17:11:20 DEBUG cache:45 – Couldn't find template in cache for "commons/commons-variables.ftl"("en_IN", UTF-8, parsed); will try to load it.
2023-09-13 17:11:20 DEBUG cache:45 – TemplateLoader.findTemplateSource("commons/commons-variables_en_IN.ftl"): Not found
2023-09-13 17:11:20 DEBUG cache:45 – TemplateLoader.findTemplateSource("commons/commons-variables_en.ftl"): Not found
2023-09-13 17:11:20 DEBUG cache:45 – TemplateLoader.findTemplateSource("commons/commons-variables.ftl"): Found
2023-09-13 17:11:20 DEBUG cache:45 – Loading template for "commons/commons-variables.ftl"("en_IN", UTF-8, parsed) from "jar:file:/C:/Users/asingh73/.m2/repository/com/aventstack/extentreports/5.0.9/extentreports-5.0.9.jar!/com/aventstack/extentreports/templates/commons/commons-variables.ftl"
2023-09-13 17:11:20 DEBUG cache:45 – Couldn't find template in cache for "commons/commons-macros.ftl"("en_IN", UTF-8, parsed); will try to load it.
2023-09-13 17:11:20 DEBUG cache:45 – TemplateLoader.findTemplateSource("commons/commons-macros_en_IN.ftl"): Not found
2023-09-13 17:11:20 DEBUG cache:45 – TemplateLoader.findTemplateSource("commons/commons-macros_en.ftl"): Not found
2023-09-13 17:11:20 DEBUG cache:45 – TemplateLoader.findTemplateSource("commons/commons-macros.ftl"): Found
2023-09-13 17:11:20 DEBUG cache:45 – Loading template for "commons/commons-macros.ftl"("en_IN", UTF-8, parsed) from "jar:file:/C:/Users/asingh73/.m2/repository/com/aventstack/extentreports/5.0.9/extentreports-5.0.9.jar!/com/aventstack/extentreports/templates/commons/commons-macros.ftl"
2023-09-13 17:11:20 DEBUG cache:45 – Couldn't find template in cache for "spark/macros/attributes.ftl"("en_IN", UTF-8, parsed); will try to load it.
2023-09-13 17:11:20 DEBUG cache:45 – TemplateLoader.findTemplateSource("spark/macros/attributes_en_IN.ftl"): Not found
2023-09-13 17:11:20 DEBUG cache:45 – TemplateLoader.findTemplateSource("spark/macros/attributes_en.ftl"): Not found
2023-09-13 17:11:20 DEBUG cache:45 – TemplateLoader.findTemplateSource("spark/macros/attributes.ftl"): Found
2023-09-13 17:11:20 DEBUG cache:45 – Loading template for "spark/macros/attributes.ftl"("en_IN", UTF-8, parsed) from "jar:file:/C:/Users/asingh73/.m2/repository/com/aventstack/extentreports/5.0.9/extentreports-5.0.9.jar!/com/aventstack/extentreports/templates/spark/macros/attributes.ftl"
2023-09-13 17:11:20 DEBUG cache:45 – Couldn't find template in cache for "spark/macros/log.ftl"("en_IN", UTF-8, parsed); will try to load it.
2023-09-13 17:11:20 DEBUG cache:45 – TemplateLoader.findTemplateSource("spark/macros/log_en_IN.ftl"): Not found
2023-09-13 17:11:20 DEBUG cache:45 – TemplateLoader.findTemplateSource("spark/macros/log_en.ftl"): Not found
2023-09-13 17:11:20 DEBUG cache:45 – TemplateLoader.findTemplateSource("spark/macros/log.ftl"): Found
2023-09-13 17:11:20 DEBUG cache:45 – Loading template for "spark/macros/log.ftl"("en_IN", UTF-8, parsed) from "jar:file:/C:/Users/asingh73/.m2/repository/com/aventstack/extentreports/5.0.9/extentreports-5.0.9.jar!/com/aventstack/extentreports/templates/spark/macros/log.ftl"
2023-09-13 17:11:20 DEBUG cache:45 – Couldn't find template in cache for "spark/macros/recurse_nodes.ftl"("en_IN", UTF-8, parsed); will try to load it.
2023-09-13 17:11:20 DEBUG cache:45 – TemplateLoader.findTemplateSource("spark/macros/recurse_nodes_en_IN.ftl"): Not found
2023-09-13 17:11:20 DEBUG cache:45 – TemplateLoader.findTemplateSource("spark/macros/recurse_nodes_en.ftl"): Not found
2023-09-13 17:11:20 DEBUG cache:45 – TemplateLoader.findTemplateSource("spark/macros/recurse_nodes.ftl"): Found
2023-09-13 17:11:20 DEBUG cache:45 – Loading template for "spark/macros/recurse_nodes.ftl"("en_IN", UTF-8, parsed) from "jar:file:/C:/Users/asingh73/.m2/repository/com/aventstack/extentreports/5.0.9/extentreports-5.0.9.jar!/com/aventstack/extentreports/templates/spark/macros/recurse_nodes.ftl"
2023-09-13 17:11:20 DEBUG cache:45 – "spark/macros/log.ftl"("en_IN", UTF-8, parsed) cached copy not yet stale; using cached.
2023-09-13 17:11:20 DEBUG cache:45 – Couldn't find template in cache for "spark/macros/attr-common.ftl"("en_IN", UTF-8, parsed); will try to load it.
2023-09-13 17:11:20 DEBUG cache:45 – TemplateLoader.findTemplateSource("spark/macros/attr-common_en_IN.ftl"): Not found
2023-09-13 17:11:20 DEBUG cache:45 – TemplateLoader.findTemplateSource("spark/macros/attr-common_en.ftl"): Not found
2023-09-13 17:11:20 DEBUG cache:45 – TemplateLoader.findTemplateSource("spark/macros/attr-common.ftl"): Found
2023-09-13 17:11:20 DEBUG cache:45 – Loading template for "spark/macros/attr-common.ftl"("en_IN", UTF-8, parsed) from "jar:file:/C:/Users/asingh73/.m2/repository/com/aventstack/extentreports/5.0.9/extentreports-5.0.9.jar!/com/aventstack/extentreports/templates/spark/macros/attr-common.ftl"
2023-09-13 17:11:20 DEBUG cache:45 – Couldn't find template in cache for "spark/partials/head.ftl"("en_IN", UTF-8, parsed); will try to load it.
2023-09-13 17:11:20 DEBUG cache:45 – TemplateLoader.findTemplateSource("spark/partials/head_en_IN.ftl"): Not found
2023-09-13 17:11:20 DEBUG cache:45 – TemplateLoader.findTemplateSource("spark/partials/head_en.ftl"): Not found
2023-09-13 17:11:20 DEBUG cache:45 – TemplateLoader.findTemplateSource("spark/partials/head.ftl"): Found
2023-09-13 17:11:20 DEBUG cache:45 – Loading template for "spark/partials/head.ftl"("en_IN", UTF-8, parsed) from "jar:file:/C:/Users/asingh73/.m2/repository/com/aventstack/extentreports/5.0.9/extentreports-5.0.9.jar!/com/aventstack/extentreports/templates/spark/partials/head.ftl"
2023-09-13 17:11:20 DEBUG cache:45 – Couldn't find template in cache for "commons/commons-inject-css.ftl"("en_IN", UTF-8, parsed); will try to load it.
2023-09-13 17:11:20 DEBUG cache:45 – TemplateLoader.findTemplateSource("commons/commons-inject-css_en_IN.ftl"): Not found
2023-09-13 17:11:20 DEBUG cache:45 – TemplateLoader.findTemplateSource("commons/commons-inject-css_en.ftl"): Not found
2023-09-13 17:11:20 DEBUG cache:45 – TemplateLoader.findTemplateSource("commons/commons-inject-css.ftl"): Found
2023-09-13 17:11:20 DEBUG cache:45 – Loading template for "commons/commons-inject-css.ftl"("en_IN", UTF-8, parsed) from "jar:file:/C:/Users/asingh73/.m2/repository/com/aventstack/extentreports/5.0.9/extentreports-5.0.9.jar!/com/aventstack/extentreports/templates/commons/commons-inject-css.ftl"
2023-09-13 17:11:20 DEBUG cache:45 – Couldn't find template in cache for "spark/partials/navbar.ftl"("en_IN", UTF-8, parsed); will try to load it.
2023-09-13 17:11:20 DEBUG cache:45 – TemplateLoader.findTemplateSource("spark/partials/navbar_en_IN.ftl"): Not found
2023-09-13 17:11:20 DEBUG cache:45 – TemplateLoader.findTemplateSource("spark/partials/navbar_en.ftl"): Not found
2023-09-13 17:11:20 DEBUG cache:45 – TemplateLoader.findTemplateSource("spark/partials/navbar.ftl"): Found
2023-09-13 17:11:20 DEBUG cache:45 – Loading template for "spark/partials/navbar.ftl"("en_IN", UTF-8, parsed) from "jar:file:/C:/Users/asingh73/.m2/repository/com/aventstack/extentreports/5.0.9/extentreports-5.0.9.jar!/com/aventstack/extentreports/templates/spark/partials/navbar.ftl"
2023-09-13 17:11:20 DEBUG cache:45 – Couldn't find template in cache for "spark/partials/sidenav.ftl"("en_IN", UTF-8, parsed); will try to load it.
2023-09-13 17:11:20 DEBUG cache:45 – TemplateLoader.findTemplateSource("spark/partials/sidenav_en_IN.ftl"): Not found
2023-09-13 17:11:20 DEBUG cache:45 – TemplateLoader.findTemplateSource("spark/partials/sidenav_en.ftl"): Not found
2023-09-13 17:11:20 DEBUG cache:45 – TemplateLoader.findTemplateSource("spark/partials/sidenav.ftl"): Found
2023-09-13 17:11:20 DEBUG cache:45 – Loading template for "spark/partials/sidenav.ftl"("en_IN", UTF-8, parsed) from "jar:file:/C:/Users/asingh73/.m2/repository/com/aventstack/extentreports/5.0.9/extentreports-5.0.9.jar!/com/aventstack/extentreports/templates/spark/partials/sidenav.ftl"
2023-09-13 17:11:20 DEBUG cache:45 – Couldn't find template in cache for "spark/partials/test.ftl"("en_IN", UTF-8, parsed); will try to load it.
2023-09-13 17:11:20 DEBUG cache:45 – TemplateLoader.findTemplateSource("spark/partials/test_en_IN.ftl"): Not found
2023-09-13 17:11:20 DEBUG cache:45 – TemplateLoader.findTemplateSource("spark/partials/test_en.ftl"): Not found
2023-09-13 17:11:20 DEBUG cache:45 – TemplateLoader.findTemplateSource("spark/partials/test.ftl"): Found
2023-09-13 17:11:20 DEBUG cache:45 – Loading template for "spark/partials/test.ftl"("en_IN", UTF-8, parsed) from "jar:file:/C:/Users/asingh73/.m2/repository/com/aventstack/extentreports/5.0.9/extentreports-5.0.9.jar!/com/aventstack/extentreports/templates/spark/partials/test.ftl"
2023-09-13 17:11:20 DEBUG cache:45 – Couldn't find template in cache for "spark/partials/standard-content.ftl"("en_IN", UTF-8, parsed); will try to load it.
2023-09-13 17:11:20 DEBUG cache:45 – TemplateLoader.findTemplateSource("spark/partials/standard-content_en_IN.ftl"): Not found
2023-09-13 17:11:20 DEBUG cache:45 – TemplateLoader.findTemplateSource("spark/partials/standard-content_en.ftl"): Not found
2023-09-13 17:11:20 DEBUG cache:45 – TemplateLoader.findTemplateSource("spark/partials/standard-content.ftl"): Found
2023-09-13 17:11:20 DEBUG cache:45 – Loading template for "spark/partials/standard-content.ftl"("en_IN", UTF-8, parsed) from "jar:file:/C:/Users/asingh73/.m2/repository/com/aventstack/extentreports/5.0.9/extentreports-5.0.9.jar!/com/aventstack/extentreports/templates/spark/partials/standard-content.ftl"
2023-09-13 17:11:20 DEBUG cache:45 – "spark/partials/standard-content.ftl"("en_IN", UTF-8, parsed) cached copy not yet stale; using cached.
2023-09-13 17:11:20 DEBUG cache:45 – "spark/partials/standard-content.ftl"("en_IN", UTF-8, parsed) cached copy not yet stale; using cached.
2023-09-13 17:11:20 DEBUG cache:45 – Couldn't find template in cache for "spark/partials/exception.ftl"("en_IN", UTF-8, parsed); will try to load it.
2023-09-13 17:11:20 DEBUG cache:45 – TemplateLoader.findTemplateSource("spark/partials/exception_en_IN.ftl"): Not found
2023-09-13 17:11:20 DEBUG cache:45 – TemplateLoader.findTemplateSource("spark/partials/exception_en.ftl"): Not found
2023-09-13 17:11:20 DEBUG cache:45 – TemplateLoader.findTemplateSource("spark/partials/exception.ftl"): Found
2023-09-13 17:11:20 DEBUG cache:45 – Loading template for "spark/partials/exception.ftl"("en_IN", UTF-8, parsed) from "jar:file:/C:/Users/asingh73/.m2/repository/com/aventstack/extentreports/5.0.9/extentreports-5.0.9.jar!/com/aventstack/extentreports/templates/spark/partials/exception.ftl"
2023-09-13 17:11:20 DEBUG cache:45 – Couldn't find template in cache for "spark/partials/category.ftl"("en_IN", UTF-8, parsed); will try to load it.
2023-09-13 17:11:20 DEBUG cache:45 – TemplateLoader.findTemplateSource("spark/partials/category_en_IN.ftl"): Not found
2023-09-13 17:11:20 DEBUG cache:45 – TemplateLoader.findTemplateSource("spark/partials/category_en.ftl"): Not found
2023-09-13 17:11:20 DEBUG cache:45 – TemplateLoader.findTemplateSource("spark/partials/category.ftl"): Found
2023-09-13 17:11:20 DEBUG cache:45 – Loading template for "spark/partials/category.ftl"("en_IN", UTF-8, parsed) from "jar:file:/C:/Users/asingh73/.m2/repository/com/aventstack/extentreports/5.0.9/extentreports-5.0.9.jar!/com/aventstack/extentreports/templates/spark/partials/category.ftl"
2023-09-13 17:11:20 DEBUG cache:45 – Couldn't find template in cache for "spark/partials/device.ftl"("en_IN", UTF-8, parsed); will try to load it.
2023-09-13 17:11:20 DEBUG cache:45 – TemplateLoader.findTemplateSource("spark/partials/device_en_IN.ftl"): Not found
2023-09-13 17:11:20 DEBUG cache:45 – TemplateLoader.findTemplateSource("spark/partials/device_en.ftl"): Not found
2023-09-13 17:11:20 DEBUG cache:45 – TemplateLoader.findTemplateSource("spark/partials/device.ftl"): Found
2023-09-13 17:11:20 DEBUG cache:45 – Loading template for "spark/partials/device.ftl"("en_IN", UTF-8, parsed) from "jar:file:/C:/Users/asingh73/.m2/repository/com/aventstack/extentreports/5.0.9/extentreports-5.0.9.jar!/com/aventstack/extentreports/templates/spark/partials/device.ftl"
2023-09-13 17:11:20 DEBUG cache:45 – Couldn't find template in cache for "spark/partials/author.ftl"("en_IN", UTF-8, parsed); will try to load it.
2023-09-13 17:11:20 DEBUG cache:45 – TemplateLoader.findTemplateSource("spark/partials/author_en_IN.ftl"): Not found
2023-09-13 17:11:20 DEBUG cache:45 – TemplateLoader.findTemplateSource("spark/partials/author_en.ftl"): Not found
2023-09-13 17:11:20 DEBUG cache:45 – TemplateLoader.findTemplateSource("spark/partials/author.ftl"): Found
2023-09-13 17:11:20 DEBUG cache:45 – Loading template for "spark/partials/author.ftl"("en_IN", UTF-8, parsed) from "jar:file:/C:/Users/asingh73/.m2/repository/com/aventstack/extentreports/5.0.9/extentreports-5.0.9.jar!/com/aventstack/extentreports/templates/spark/partials/author.ftl"
2023-09-13 17:11:20 DEBUG cache:45 – Couldn't find template in cache for "spark/partials/log.ftl"("en_IN", UTF-8, parsed); will try to load it.
2023-09-13 17:11:20 DEBUG cache:45 – TemplateLoader.findTemplateSource("spark/partials/log_en_IN.ftl"): Not found
2023-09-13 17:11:20 DEBUG cache:45 – TemplateLoader.findTemplateSource("spark/partials/log_en.ftl"): Not found
2023-09-13 17:11:20 DEBUG cache:45 – TemplateLoader.findTemplateSource("spark/partials/log.ftl"): Found
2023-09-13 17:11:20 DEBUG cache:45 – Loading template for "spark/partials/log.ftl"("en_IN", UTF-8, parsed) from "jar:file:/C:/Users/asingh73/.m2/repository/com/aventstack/extentreports/5.0.9/extentreports-5.0.9.jar!/com/aventstack/extentreports/templates/spark/partials/log.ftl"
2023-09-13 17:11:20 DEBUG cache:45 – Couldn't find template in cache for "spark/partials/dashboard.ftl"("en_IN", UTF-8, parsed); will try to load it.
2023-09-13 17:11:20 DEBUG cache:45 – TemplateLoader.findTemplateSource("spark/partials/dashboard_en_IN.ftl"): Not found
2023-09-13 17:11:20 DEBUG cache:45 – TemplateLoader.findTemplateSource("spark/partials/dashboard_en.ftl"): Not found
2023-09-13 17:11:20 DEBUG cache:45 – TemplateLoader.findTemplateSource("spark/partials/dashboard.ftl"): Found
2023-09-13 17:11:20 DEBUG cache:45 – Loading template for "spark/partials/dashboard.ftl"("en_IN", UTF-8, parsed) from "jar:file:/C:/Users/asingh73/.m2/repository/com/aventstack/extentreports/5.0.9/extentreports-5.0.9.jar!/com/aventstack/extentreports/templates/spark/partials/dashboard.ftl"
2023-09-13 17:11:20 DEBUG cache:45 – Couldn't find template in cache for "spark/partials/scripts.ftl"("en_IN", UTF-8, parsed); will try to load it.
2023-09-13 17:11:20 DEBUG cache:45 – TemplateLoader.findTemplateSource("spark/partials/scripts_en_IN.ftl"): Not found
2023-09-13 17:11:20 DEBUG cache:45 – TemplateLoader.findTemplateSource("spark/partials/scripts_en.ftl"): Not found
2023-09-13 17:11:20 DEBUG cache:45 – TemplateLoader.findTemplateSource("spark/partials/scripts.ftl"): Found
2023-09-13 17:11:20 DEBUG cache:45 – Loading template for "spark/partials/scripts.ftl"("en_IN", UTF-8, parsed) from "jar:file:/C:/Users/asingh73/.m2/repository/com/aventstack/extentreports/5.0.9/extentreports-5.0.9.jar!/com/aventstack/extentreports/templates/spark/partials/scripts.ftl"
2023-09-13 17:11:20 DEBUG cache:45 – Couldn't find template in cache for "commons/commons-inject-js.ftl"("en_IN", UTF-8, parsed); will try to load it.
2023-09-13 17:11:20 DEBUG cache:45 – TemplateLoader.findTemplateSource("commons/commons-inject-js_en_IN.ftl"): Not found
2023-09-13 17:11:20 DEBUG cache:45 – TemplateLoader.findTemplateSource("commons/commons-inject-js_en.ftl"): Not found
2023-09-13 17:11:20 DEBUG cache:45 – TemplateLoader.findTemplateSource("commons/commons-inject-js.ftl"): Found
2023-09-13 17:11:20 DEBUG cache:45 – Loading template for "commons/commons-inject-js.ftl"("en_IN", UTF-8, parsed) from "jar:file:/C:/Users/asingh73/.m2/repository/com/aventstack/extentreports/5.0.9/extentreports-5.0.9.jar!/com/aventstack/extentreports/templates/commons/commons-inject-js.ftl"
2023-09-13 17:19:26 INFO  Demo:18 – User name provided
2023-09-13 17:19:26 INFO  Demo:20 – Password name provided
2023-09-13 17:19:31 INFO  Demo:18 – User name provided
2023-09-13 17:19:31 INFO  Demo:20 – Password name provided
2023-09-13 17:19:36 INFO  Demo:18 – User name provided
2023-09-13 17:19:36 INFO  Demo:20 – Password name provided
2023-09-13 17:19:40 INFO  Demo:33 – Login Passed
2023-09-13 17:19:44 DEBUG cache:45 – Couldn't find template in cache for "spark/spark.spa.ftl"("en_IN", UTF-8, parsed); will try to load it.
2023-09-13 17:19:44 DEBUG cache:45 – TemplateLoader.findTemplateSource("spark/spark.spa_en_IN.ftl"): Not found
2023-09-13 17:19:44 DEBUG cache:45 – TemplateLoader.findTemplateSource("spark/spark.spa_en.ftl"): Not found
2023-09-13 17:19:44 DEBUG cache:45 – TemplateLoader.findTemplateSource("spark/spark.spa.ftl"): Found
2023-09-13 17:19:44 DEBUG cache:45 – Loading template for "spark/spark.spa.ftl"("en_IN", UTF-8, parsed) from "jar:file:/C:/Users/asingh73/.m2/repository/com/aventstack/extentreports/5.0.9/extentreports-5.0.9.jar!/com/aventstack/extentreports/templates/spark/spark.spa.ftl"
2023-09-13 17:19:44 DEBUG cache:45 – Couldn't find template in cache for "commons/commons-variables.ftl"("en_IN", UTF-8, parsed); will try to load it.
2023-09-13 17:19:44 DEBUG cache:45 – TemplateLoader.findTemplateSource("commons/commons-variables_en_IN.ftl"): Not found
2023-09-13 17:19:44 DEBUG cache:45 – TemplateLoader.findTemplateSource("commons/commons-variables_en.ftl"): Not found
2023-09-13 17:19:44 DEBUG cache:45 – TemplateLoader.findTemplateSource("commons/commons-variables.ftl"): Found
2023-09-13 17:19:44 DEBUG cache:45 – Loading template for "commons/commons-variables.ftl"("en_IN", UTF-8, parsed) from "jar:file:/C:/Users/asingh73/.m2/repository/com/aventstack/extentreports/5.0.9/extentreports-5.0.9.jar!/com/aventstack/extentreports/templates/commons/commons-variables.ftl"
2023-09-13 17:19:44 DEBUG cache:45 – Couldn't find template in cache for "commons/commons-macros.ftl"("en_IN", UTF-8, parsed); will try to load it.
2023-09-13 17:19:44 DEBUG cache:45 – TemplateLoader.findTemplateSource("commons/commons-macros_en_IN.ftl"): Not found
2023-09-13 17:19:44 DEBUG cache:45 – TemplateLoader.findTemplateSource("commons/commons-macros_en.ftl"): Not found
2023-09-13 17:19:44 DEBUG cache:45 – TemplateLoader.findTemplateSource("commons/commons-macros.ftl"): Found
2023-09-13 17:19:44 DEBUG cache:45 – Loading template for "commons/commons-macros.ftl"("en_IN", UTF-8, parsed) from "jar:file:/C:/Users/asingh73/.m2/repository/com/aventstack/extentreports/5.0.9/extentreports-5.0.9.jar!/com/aventstack/extentreports/templates/commons/commons-macros.ftl"
2023-09-13 17:19:44 DEBUG cache:45 – Couldn't find template in cache for "spark/macros/attributes.ftl"("en_IN", UTF-8, parsed); will try to load it.
2023-09-13 17:19:44 DEBUG cache:45 – TemplateLoader.findTemplateSource("spark/macros/attributes_en_IN.ftl"): Not found
2023-09-13 17:19:44 DEBUG cache:45 – TemplateLoader.findTemplateSource("spark/macros/attributes_en.ftl"): Not found
2023-09-13 17:19:44 DEBUG cache:45 – TemplateLoader.findTemplateSource("spark/macros/attributes.ftl"): Found
2023-09-13 17:19:44 DEBUG cache:45 – Loading template for "spark/macros/attributes.ftl"("en_IN", UTF-8, parsed) from "jar:file:/C:/Users/asingh73/.m2/repository/com/aventstack/extentreports/5.0.9/extentreports-5.0.9.jar!/com/aventstack/extentreports/templates/spark/macros/attributes.ftl"
2023-09-13 17:19:44 DEBUG cache:45 – Couldn't find template in cache for "spark/macros/log.ftl"("en_IN", UTF-8, parsed); will try to load it.
2023-09-13 17:19:44 DEBUG cache:45 – TemplateLoader.findTemplateSource("spark/macros/log_en_IN.ftl"): Not found
2023-09-13 17:19:44 DEBUG cache:45 – TemplateLoader.findTemplateSource("spark/macros/log_en.ftl"): Not found
2023-09-13 17:19:44 DEBUG cache:45 – TemplateLoader.findTemplateSource("spark/macros/log.ftl"): Found
2023-09-13 17:19:44 DEBUG cache:45 – Loading template for "spark/macros/log.ftl"("en_IN", UTF-8, parsed) from "jar:file:/C:/Users/asingh73/.m2/repository/com/aventstack/extentreports/5.0.9/extentreports-5.0.9.jar!/com/aventstack/extentreports/templates/spark/macros/log.ftl"
2023-09-13 17:19:44 DEBUG cache:45 – Couldn't find template in cache for "spark/macros/recurse_nodes.ftl"("en_IN", UTF-8, parsed); will try to load it.
2023-09-13 17:19:44 DEBUG cache:45 – TemplateLoader.findTemplateSource("spark/macros/recurse_nodes_en_IN.ftl"): Not found
2023-09-13 17:19:44 DEBUG cache:45 – TemplateLoader.findTemplateSource("spark/macros/recurse_nodes_en.ftl"): Not found
2023-09-13 17:19:44 DEBUG cache:45 – TemplateLoader.findTemplateSource("spark/macros/recurse_nodes.ftl"): Found
2023-09-13 17:19:44 DEBUG cache:45 – Loading template for "spark/macros/recurse_nodes.ftl"("en_IN", UTF-8, parsed) from "jar:file:/C:/Users/asingh73/.m2/repository/com/aventstack/extentreports/5.0.9/extentreports-5.0.9.jar!/com/aventstack/extentreports/templates/spark/macros/recurse_nodes.ftl"
2023-09-13 17:19:44 DEBUG cache:45 – "spark/macros/log.ftl"("en_IN", UTF-8, parsed) cached copy not yet stale; using cached.
2023-09-13 17:19:44 DEBUG cache:45 – Couldn't find template in cache for "spark/macros/attr-common.ftl"("en_IN", UTF-8, parsed); will try to load it.
2023-09-13 17:19:44 DEBUG cache:45 – TemplateLoader.findTemplateSource("spark/macros/attr-common_en_IN.ftl"): Not found
2023-09-13 17:19:44 DEBUG cache:45 – TemplateLoader.findTemplateSource("spark/macros/attr-common_en.ftl"): Not found
2023-09-13 17:19:44 DEBUG cache:45 – TemplateLoader.findTemplateSource("spark/macros/attr-common.ftl"): Found
2023-09-13 17:19:44 DEBUG cache:45 – Loading template for "spark/macros/attr-common.ftl"("en_IN", UTF-8, parsed) from "jar:file:/C:/Users/asingh73/.m2/repository/com/aventstack/extentreports/5.0.9/extentreports-5.0.9.jar!/com/aventstack/extentreports/templates/spark/macros/attr-common.ftl"
2023-09-13 17:19:44 DEBUG cache:45 – Couldn't find template in cache for "spark/partials/head.ftl"("en_IN", UTF-8, parsed); will try to load it.
2023-09-13 17:19:44 DEBUG cache:45 – TemplateLoader.findTemplateSource("spark/partials/head_en_IN.ftl"): Not found
2023-09-13 17:19:44 DEBUG cache:45 – TemplateLoader.findTemplateSource("spark/partials/head_en.ftl"): Not found
2023-09-13 17:19:44 DEBUG cache:45 – TemplateLoader.findTemplateSource("spark/partials/head.ftl"): Found
2023-09-13 17:19:44 DEBUG cache:45 – Loading template for "spark/partials/head.ftl"("en_IN", UTF-8, parsed) from "jar:file:/C:/Users/asingh73/.m2/repository/com/aventstack/extentreports/5.0.9/extentreports-5.0.9.jar!/com/aventstack/extentreports/templates/spark/partials/head.ftl"
2023-09-13 17:19:44 DEBUG cache:45 – Couldn't find template in cache for "commons/commons-inject-css.ftl"("en_IN", UTF-8, parsed); will try to load it.
2023-09-13 17:19:44 DEBUG cache:45 – TemplateLoader.findTemplateSource("commons/commons-inject-css_en_IN.ftl"): Not found
2023-09-13 17:19:44 DEBUG cache:45 – TemplateLoader.findTemplateSource("commons/commons-inject-css_en.ftl"): Not found
2023-09-13 17:19:44 DEBUG cache:45 – TemplateLoader.findTemplateSource("commons/commons-inject-css.ftl"): Found
2023-09-13 17:19:44 DEBUG cache:45 – Loading template for "commons/commons-inject-css.ftl"("en_IN", UTF-8, parsed) from "jar:file:/C:/Users/asingh73/.m2/repository/com/aventstack/extentreports/5.0.9/extentreports-5.0.9.jar!/com/aventstack/extentreports/templates/commons/commons-inject-css.ftl"
2023-09-13 17:19:44 DEBUG cache:45 – Couldn't find template in cache for "spark/partials/navbar.ftl"("en_IN", UTF-8, parsed); will try to load it.
2023-09-13 17:19:44 DEBUG cache:45 – TemplateLoader.findTemplateSource("spark/partials/navbar_en_IN.ftl"): Not found
2023-09-13 17:19:44 DEBUG cache:45 – TemplateLoader.findTemplateSource("spark/partials/navbar_en.ftl"): Not found
2023-09-13 17:19:44 DEBUG cache:45 – TemplateLoader.findTemplateSource("spark/partials/navbar.ftl"): Found
2023-09-13 17:19:44 DEBUG cache:45 – Loading template for "spark/partials/navbar.ftl"("en_IN", UTF-8, parsed) from "jar:file:/C:/Users/asingh73/.m2/repository/com/aventstack/extentreports/5.0.9/extentreports-5.0.9.jar!/com/aventstack/extentreports/templates/spark/partials/navbar.ftl"
2023-09-13 17:19:44 DEBUG cache:45 – Couldn't find template in cache for "spark/partials/sidenav.ftl"("en_IN", UTF-8, parsed); will try to load it.
2023-09-13 17:19:44 DEBUG cache:45 – TemplateLoader.findTemplateSource("spark/partials/sidenav_en_IN.ftl"): Not found
2023-09-13 17:19:44 DEBUG cache:45 – TemplateLoader.findTemplateSource("spark/partials/sidenav_en.ftl"): Not found
2023-09-13 17:19:44 DEBUG cache:45 – TemplateLoader.findTemplateSource("spark/partials/sidenav.ftl"): Found
2023-09-13 17:19:44 DEBUG cache:45 – Loading template for "spark/partials/sidenav.ftl"("en_IN", UTF-8, parsed) from "jar:file:/C:/Users/asingh73/.m2/repository/com/aventstack/extentreports/5.0.9/extentreports-5.0.9.jar!/com/aventstack/extentreports/templates/spark/partials/sidenav.ftl"
2023-09-13 17:19:44 DEBUG cache:45 – Couldn't find template in cache for "spark/partials/test.ftl"("en_IN", UTF-8, parsed); will try to load it.
2023-09-13 17:19:44 DEBUG cache:45 – TemplateLoader.findTemplateSource("spark/partials/test_en_IN.ftl"): Not found
2023-09-13 17:19:44 DEBUG cache:45 – TemplateLoader.findTemplateSource("spark/partials/test_en.ftl"): Not found
2023-09-13 17:19:44 DEBUG cache:45 – TemplateLoader.findTemplateSource("spark/partials/test.ftl"): Found
2023-09-13 17:19:44 DEBUG cache:45 – Loading template for "spark/partials/test.ftl"("en_IN", UTF-8, parsed) from "jar:file:/C:/Users/asingh73/.m2/repository/com/aventstack/extentreports/5.0.9/extentreports-5.0.9.jar!/com/aventstack/extentreports/templates/spark/partials/test.ftl"
2023-09-13 17:19:44 DEBUG cache:45 – Couldn't find template in cache for "spark/partials/standard-content.ftl"("en_IN", UTF-8, parsed); will try to load it.
2023-09-13 17:19:44 DEBUG cache:45 – TemplateLoader.findTemplateSource("spark/partials/standard-content_en_IN.ftl"): Not found
2023-09-13 17:19:44 DEBUG cache:45 – TemplateLoader.findTemplateSource("spark/partials/standard-content_en.ftl"): Not found
2023-09-13 17:19:44 DEBUG cache:45 – TemplateLoader.findTemplateSource("spark/partials/standard-content.ftl"): Found
2023-09-13 17:19:44 DEBUG cache:45 – Loading template for "spark/partials/standard-content.ftl"("en_IN", UTF-8, parsed) from "jar:file:/C:/Users/asingh73/.m2/repository/com/aventstack/extentreports/5.0.9/extentreports-5.0.9.jar!/com/aventstack/extentreports/templates/spark/partials/standard-content.ftl"
2023-09-13 17:19:44 DEBUG cache:45 – "spark/partials/standard-content.ftl"("en_IN", UTF-8, parsed) cached copy not yet stale; using cached.
2023-09-13 17:19:44 DEBUG cache:45 – "spark/partials/standard-content.ftl"("en_IN", UTF-8, parsed) cached copy not yet stale; using cached.
2023-09-13 17:19:44 DEBUG cache:45 – Couldn't find template in cache for "spark/partials/exception.ftl"("en_IN", UTF-8, parsed); will try to load it.
2023-09-13 17:19:44 DEBUG cache:45 – TemplateLoader.findTemplateSource("spark/partials/exception_en_IN.ftl"): Not found
2023-09-13 17:19:44 DEBUG cache:45 – TemplateLoader.findTemplateSource("spark/partials/exception_en.ftl"): Not found
2023-09-13 17:19:44 DEBUG cache:45 – TemplateLoader.findTemplateSource("spark/partials/exception.ftl"): Found
2023-09-13 17:19:44 DEBUG cache:45 – Loading template for "spark/partials/exception.ftl"("en_IN", UTF-8, parsed) from "jar:file:/C:/Users/asingh73/.m2/repository/com/aventstack/extentreports/5.0.9/extentreports-5.0.9.jar!/com/aventstack/extentreports/templates/spark/partials/exception.ftl"
2023-09-13 17:19:44 DEBUG cache:45 – Couldn't find template in cache for "spark/partials/category.ftl"("en_IN", UTF-8, parsed); will try to load it.
2023-09-13 17:19:44 DEBUG cache:45 – TemplateLoader.findTemplateSource("spark/partials/category_en_IN.ftl"): Not found
2023-09-13 17:19:44 DEBUG cache:45 – TemplateLoader.findTemplateSource("spark/partials/category_en.ftl"): Not found
2023-09-13 17:19:44 DEBUG cache:45 – TemplateLoader.findTemplateSource("spark/partials/category.ftl"): Found
2023-09-13 17:19:44 DEBUG cache:45 – Loading template for "spark/partials/category.ftl"("en_IN", UTF-8, parsed) from "jar:file:/C:/Users/asingh73/.m2/repository/com/aventstack/extentreports/5.0.9/extentreports-5.0.9.jar!/com/aventstack/extentreports/templates/spark/partials/category.ftl"
2023-09-13 17:19:44 DEBUG cache:45 – Couldn't find template in cache for "spark/partials/device.ftl"("en_IN", UTF-8, parsed); will try to load it.
2023-09-13 17:19:44 DEBUG cache:45 – TemplateLoader.findTemplateSource("spark/partials/device_en_IN.ftl"): Not found
2023-09-13 17:19:44 DEBUG cache:45 – TemplateLoader.findTemplateSource("spark/partials/device_en.ftl"): Not found
2023-09-13 17:19:44 DEBUG cache:45 – TemplateLoader.findTemplateSource("spark/partials/device.ftl"): Found
2023-09-13 17:19:44 DEBUG cache:45 – Loading template for "spark/partials/device.ftl"("en_IN", UTF-8, parsed) from "jar:file:/C:/Users/asingh73/.m2/repository/com/aventstack/extentreports/5.0.9/extentreports-5.0.9.jar!/com/aventstack/extentreports/templates/spark/partials/device.ftl"
2023-09-13 17:19:44 DEBUG cache:45 – Couldn't find template in cache for "spark/partials/author.ftl"("en_IN", UTF-8, parsed); will try to load it.
2023-09-13 17:19:44 DEBUG cache:45 – TemplateLoader.findTemplateSource("spark/partials/author_en_IN.ftl"): Not found
2023-09-13 17:19:44 DEBUG cache:45 – TemplateLoader.findTemplateSource("spark/partials/author_en.ftl"): Not found
2023-09-13 17:19:44 DEBUG cache:45 – TemplateLoader.findTemplateSource("spark/partials/author.ftl"): Found
2023-09-13 17:19:44 DEBUG cache:45 – Loading template for "spark/partials/author.ftl"("en_IN", UTF-8, parsed) from "jar:file:/C:/Users/asingh73/.m2/repository/com/aventstack/extentreports/5.0.9/extentreports-5.0.9.jar!/com/aventstack/extentreports/templates/spark/partials/author.ftl"
2023-09-13 17:19:44 DEBUG cache:45 – Couldn't find template in cache for "spark/partials/log.ftl"("en_IN", UTF-8, parsed); will try to load it.
2023-09-13 17:19:44 DEBUG cache:45 – TemplateLoader.findTemplateSource("spark/partials/log_en_IN.ftl"): Not found
2023-09-13 17:19:44 DEBUG cache:45 – TemplateLoader.findTemplateSource("spark/partials/log_en.ftl"): Not found
2023-09-13 17:19:44 DEBUG cache:45 – TemplateLoader.findTemplateSource("spark/partials/log.ftl"): Found
2023-09-13 17:19:44 DEBUG cache:45 – Loading template for "spark/partials/log.ftl"("en_IN", UTF-8, parsed) from "jar:file:/C:/Users/asingh73/.m2/repository/com/aventstack/extentreports/5.0.9/extentreports-5.0.9.jar!/com/aventstack/extentreports/templates/spark/partials/log.ftl"
2023-09-13 17:19:44 DEBUG cache:45 – Couldn't find template in cache for "spark/partials/dashboard.ftl"("en_IN", UTF-8, parsed); will try to load it.
2023-09-13 17:19:44 DEBUG cache:45 – TemplateLoader.findTemplateSource("spark/partials/dashboard_en_IN.ftl"): Not found
2023-09-13 17:19:44 DEBUG cache:45 – TemplateLoader.findTemplateSource("spark/partials/dashboard_en.ftl"): Not found
2023-09-13 17:19:44 DEBUG cache:45 – TemplateLoader.findTemplateSource("spark/partials/dashboard.ftl"): Found
2023-09-13 17:19:44 DEBUG cache:45 – Loading template for "spark/partials/dashboard.ftl"("en_IN", UTF-8, parsed) from "jar:file:/C:/Users/asingh73/.m2/repository/com/aventstack/extentreports/5.0.9/extentreports-5.0.9.jar!/com/aventstack/extentreports/templates/spark/partials/dashboard.ftl"
2023-09-13 17:19:44 DEBUG cache:45 – Couldn't find template in cache for "spark/partials/scripts.ftl"("en_IN", UTF-8, parsed); will try to load it.
2023-09-13 17:19:44 DEBUG cache:45 – TemplateLoader.findTemplateSource("spark/partials/scripts_en_IN.ftl"): Not found
2023-09-13 17:19:44 DEBUG cache:45 – TemplateLoader.findTemplateSource("spark/partials/scripts_en.ftl"): Not found
2023-09-13 17:19:44 DEBUG cache:45 – TemplateLoader.findTemplateSource("spark/partials/scripts.ftl"): Found
2023-09-13 17:19:44 DEBUG cache:45 – Loading template for "spark/partials/scripts.ftl"("en_IN", UTF-8, parsed) from "jar:file:/C:/Users/asingh73/.m2/repository/com/aventstack/extentreports/5.0.9/extentreports-5.0.9.jar!/com/aventstack/extentreports/templates/spark/partials/scripts.ftl"
2023-09-13 17:19:44 DEBUG cache:45 – Couldn't find template in cache for "commons/commons-inject-js.ftl"("en_IN", UTF-8, parsed); will try to load it.
2023-09-13 17:19:44 DEBUG cache:45 – TemplateLoader.findTemplateSource("commons/commons-inject-js_en_IN.ftl"): Not found
2023-09-13 17:19:44 DEBUG cache:45 – TemplateLoader.findTemplateSource("commons/commons-inject-js_en.ftl"): Not found
2023-09-13 17:19:44 DEBUG cache:45 – TemplateLoader.findTemplateSource("commons/commons-inject-js.ftl"): Found
2023-09-13 17:19:44 DEBUG cache:45 – Loading template for "commons/commons-inject-js.ftl"("en_IN", UTF-8, parsed) from "jar:file:/C:/Users/asingh73/.m2/repository/com/aventstack/extentreports/5.0.9/extentreports-5.0.9.jar!/com/aventstack/extentreports/templates/commons/commons-inject-js.ftl"
2023-09-13 17:39:43 INFO  Demo:18 – User name provided
2023-09-13 17:39:44 INFO  Demo:20 – Password name provided
2023-09-13 17:39:48 DEBUG cache:45 – Couldn't find template in cache for "spark/spark.spa.ftl"("en_IN", UTF-8, parsed); will try to load it.
2023-09-13 17:39:48 DEBUG cache:45 – TemplateLoader.findTemplateSource("spark/spark.spa_en_IN.ftl"): Not found
2023-09-13 17:39:48 DEBUG cache:45 – TemplateLoader.findTemplateSource("spark/spark.spa_en.ftl"): Not found
2023-09-13 17:39:48 DEBUG cache:45 – TemplateLoader.findTemplateSource("spark/spark.spa.ftl"): Found
2023-09-13 17:39:48 DEBUG cache:45 – Loading template for "spark/spark.spa.ftl"("en_IN", UTF-8, parsed) from "jar:file:/C:/Users/asingh73/.m2/repository/com/aventstack/extentreports/5.0.9/extentreports-5.0.9.jar!/com/aventstack/extentreports/templates/spark/spark.spa.ftl"
2023-09-13 17:39:48 DEBUG cache:45 – Couldn't find template in cache for "commons/commons-variables.ftl"("en_IN", UTF-8, parsed); will try to load it.
2023-09-13 17:39:48 DEBUG cache:45 – TemplateLoader.findTemplateSource("commons/commons-variables_en_IN.ftl"): Not found
2023-09-13 17:39:48 DEBUG cache:45 – TemplateLoader.findTemplateSource("commons/commons-variables_en.ftl"): Not found
2023-09-13 17:39:48 DEBUG cache:45 – TemplateLoader.findTemplateSource("commons/commons-variables.ftl"): Found
2023-09-13 17:39:48 DEBUG cache:45 – Loading template for "commons/commons-variables.ftl"("en_IN", UTF-8, parsed) from "jar:file:/C:/Users/asingh73/.m2/repository/com/aventstack/extentreports/5.0.9/extentreports-5.0.9.jar!/com/aventstack/extentreports/templates/commons/commons-variables.ftl"
2023-09-13 17:39:48 DEBUG cache:45 – Couldn't find template in cache for "commons/commons-macros.ftl"("en_IN", UTF-8, parsed); will try to load it.
2023-09-13 17:39:48 DEBUG cache:45 – TemplateLoader.findTemplateSource("commons/commons-macros_en_IN.ftl"): Not found
2023-09-13 17:39:48 DEBUG cache:45 – TemplateLoader.findTemplateSource("commons/commons-macros_en.ftl"): Not found
2023-09-13 17:39:48 DEBUG cache:45 – TemplateLoader.findTemplateSource("commons/commons-macros.ftl"): Found
2023-09-13 17:39:48 DEBUG cache:45 – Loading template for "commons/commons-macros.ftl"("en_IN", UTF-8, parsed) from "jar:file:/C:/Users/asingh73/.m2/repository/com/aventstack/extentreports/5.0.9/extentreports-5.0.9.jar!/com/aventstack/extentreports/templates/commons/commons-macros.ftl"
2023-09-13 17:39:48 DEBUG cache:45 – Couldn't find template in cache for "spark/macros/attributes.ftl"("en_IN", UTF-8, parsed); will try to load it.
2023-09-13 17:39:48 DEBUG cache:45 – TemplateLoader.findTemplateSource("spark/macros/attributes_en_IN.ftl"): Not found
2023-09-13 17:39:48 DEBUG cache:45 – TemplateLoader.findTemplateSource("spark/macros/attributes_en.ftl"): Not found
2023-09-13 17:39:48 DEBUG cache:45 – TemplateLoader.findTemplateSource("spark/macros/attributes.ftl"): Found
2023-09-13 17:39:48 DEBUG cache:45 – Loading template for "spark/macros/attributes.ftl"("en_IN", UTF-8, parsed) from "jar:file:/C:/Users/asingh73/.m2/repository/com/aventstack/extentreports/5.0.9/extentreports-5.0.9.jar!/com/aventstack/extentreports/templates/spark/macros/attributes.ftl"
2023-09-13 17:39:48 DEBUG cache:45 – Couldn't find template in cache for "spark/macros/log.ftl"("en_IN", UTF-8, parsed); will try to load it.
2023-09-13 17:39:48 DEBUG cache:45 – TemplateLoader.findTemplateSource("spark/macros/log_en_IN.ftl"): Not found
2023-09-13 17:39:48 DEBUG cache:45 – TemplateLoader.findTemplateSource("spark/macros/log_en.ftl"): Not found
2023-09-13 17:39:48 DEBUG cache:45 – TemplateLoader.findTemplateSource("spark/macros/log.ftl"): Found
2023-09-13 17:39:48 DEBUG cache:45 – Loading template for "spark/macros/log.ftl"("en_IN", UTF-8, parsed) from "jar:file:/C:/Users/asingh73/.m2/repository/com/aventstack/extentreports/5.0.9/extentreports-5.0.9.jar!/com/aventstack/extentreports/templates/spark/macros/log.ftl"
2023-09-13 17:39:48 DEBUG cache:45 – Couldn't find template in cache for "spark/macros/recurse_nodes.ftl"("en_IN", UTF-8, parsed); will try to load it.
2023-09-13 17:39:48 DEBUG cache:45 – TemplateLoader.findTemplateSource("spark/macros/recurse_nodes_en_IN.ftl"): Not found
2023-09-13 17:39:48 DEBUG cache:45 – TemplateLoader.findTemplateSource("spark/macros/recurse_nodes_en.ftl"): Not found
2023-09-13 17:39:48 DEBUG cache:45 – TemplateLoader.findTemplateSource("spark/macros/recurse_nodes.ftl"): Found
2023-09-13 17:39:48 DEBUG cache:45 – Loading template for "spark/macros/recurse_nodes.ftl"("en_IN", UTF-8, parsed) from "jar:file:/C:/Users/asingh73/.m2/repository/com/aventstack/extentreports/5.0.9/extentreports-5.0.9.jar!/com/aventstack/extentreports/templates/spark/macros/recurse_nodes.ftl"
2023-09-13 17:39:48 DEBUG cache:45 – "spark/macros/log.ftl"("en_IN", UTF-8, parsed) cached copy not yet stale; using cached.
2023-09-13 17:39:48 DEBUG cache:45 – Couldn't find template in cache for "spark/macros/attr-common.ftl"("en_IN", UTF-8, parsed); will try to load it.
2023-09-13 17:39:48 DEBUG cache:45 – TemplateLoader.findTemplateSource("spark/macros/attr-common_en_IN.ftl"): Not found
2023-09-13 17:39:48 DEBUG cache:45 – TemplateLoader.findTemplateSource("spark/macros/attr-common_en.ftl"): Not found
2023-09-13 17:39:48 DEBUG cache:45 – TemplateLoader.findTemplateSource("spark/macros/attr-common.ftl"): Found
2023-09-13 17:39:48 DEBUG cache:45 – Loading template for "spark/macros/attr-common.ftl"("en_IN", UTF-8, parsed) from "jar:file:/C:/Users/asingh73/.m2/repository/com/aventstack/extentreports/5.0.9/extentreports-5.0.9.jar!/com/aventstack/extentreports/templates/spark/macros/attr-common.ftl"
2023-09-13 17:39:48 DEBUG cache:45 – Couldn't find template in cache for "spark/partials/head.ftl"("en_IN", UTF-8, parsed); will try to load it.
2023-09-13 17:39:48 DEBUG cache:45 – TemplateLoader.findTemplateSource("spark/partials/head_en_IN.ftl"): Not found
2023-09-13 17:39:48 DEBUG cache:45 – TemplateLoader.findTemplateSource("spark/partials/head_en.ftl"): Not found
2023-09-13 17:39:48 DEBUG cache:45 – TemplateLoader.findTemplateSource("spark/partials/head.ftl"): Found
2023-09-13 17:39:48 DEBUG cache:45 – Loading template for "spark/partials/head.ftl"("en_IN", UTF-8, parsed) from "jar:file:/C:/Users/asingh73/.m2/repository/com/aventstack/extentreports/5.0.9/extentreports-5.0.9.jar!/com/aventstack/extentreports/templates/spark/partials/head.ftl"
2023-09-13 17:39:48 DEBUG cache:45 – Couldn't find template in cache for "commons/commons-inject-css.ftl"("en_IN", UTF-8, parsed); will try to load it.
2023-09-13 17:39:48 DEBUG cache:45 – TemplateLoader.findTemplateSource("commons/commons-inject-css_en_IN.ftl"): Not found
2023-09-13 17:39:48 DEBUG cache:45 – TemplateLoader.findTemplateSource("commons/commons-inject-css_en.ftl"): Not found
2023-09-13 17:39:48 DEBUG cache:45 – TemplateLoader.findTemplateSource("commons/commons-inject-css.ftl"): Found
2023-09-13 17:39:48 DEBUG cache:45 – Loading template for "commons/commons-inject-css.ftl"("en_IN", UTF-8, parsed) from "jar:file:/C:/Users/asingh73/.m2/repository/com/aventstack/extentreports/5.0.9/extentreports-5.0.9.jar!/com/aventstack/extentreports/templates/commons/commons-inject-css.ftl"
2023-09-13 17:39:48 DEBUG cache:45 – Couldn't find template in cache for "spark/partials/navbar.ftl"("en_IN", UTF-8, parsed); will try to load it.
2023-09-13 17:39:48 DEBUG cache:45 – TemplateLoader.findTemplateSource("spark/partials/navbar_en_IN.ftl"): Not found
2023-09-13 17:39:48 DEBUG cache:45 – TemplateLoader.findTemplateSource("spark/partials/navbar_en.ftl"): Not found
2023-09-13 17:39:48 DEBUG cache:45 – TemplateLoader.findTemplateSource("spark/partials/navbar.ftl"): Found
2023-09-13 17:39:48 DEBUG cache:45 – Loading template for "spark/partials/navbar.ftl"("en_IN", UTF-8, parsed) from "jar:file:/C:/Users/asingh73/.m2/repository/com/aventstack/extentreports/5.0.9/extentreports-5.0.9.jar!/com/aventstack/extentreports/templates/spark/partials/navbar.ftl"
2023-09-13 17:39:48 DEBUG cache:45 – Couldn't find template in cache for "spark/partials/sidenav.ftl"("en_IN", UTF-8, parsed); will try to load it.
2023-09-13 17:39:48 DEBUG cache:45 – TemplateLoader.findTemplateSource("spark/partials/sidenav_en_IN.ftl"): Not found
2023-09-13 17:39:48 DEBUG cache:45 – TemplateLoader.findTemplateSource("spark/partials/sidenav_en.ftl"): Not found
2023-09-13 17:39:48 DEBUG cache:45 – TemplateLoader.findTemplateSource("spark/partials/sidenav.ftl"): Found
2023-09-13 17:39:48 DEBUG cache:45 – Loading template for "spark/partials/sidenav.ftl"("en_IN", UTF-8, parsed) from "jar:file:/C:/Users/asingh73/.m2/repository/com/aventstack/extentreports/5.0.9/extentreports-5.0.9.jar!/com/aventstack/extentreports/templates/spark/partials/sidenav.ftl"
2023-09-13 17:39:48 DEBUG cache:45 – Couldn't find template in cache for "spark/partials/test.ftl"("en_IN", UTF-8, parsed); will try to load it.
2023-09-13 17:39:48 DEBUG cache:45 – TemplateLoader.findTemplateSource("spark/partials/test_en_IN.ftl"): Not found
2023-09-13 17:39:48 DEBUG cache:45 – TemplateLoader.findTemplateSource("spark/partials/test_en.ftl"): Not found
2023-09-13 17:39:48 DEBUG cache:45 – TemplateLoader.findTemplateSource("spark/partials/test.ftl"): Found
2023-09-13 17:39:48 DEBUG cache:45 – Loading template for "spark/partials/test.ftl"("en_IN", UTF-8, parsed) from "jar:file:/C:/Users/asingh73/.m2/repository/com/aventstack/extentreports/5.0.9/extentreports-5.0.9.jar!/com/aventstack/extentreports/templates/spark/partials/test.ftl"
2023-09-13 17:39:48 DEBUG cache:45 – Couldn't find template in cache for "spark/partials/standard-content.ftl"("en_IN", UTF-8, parsed); will try to load it.
2023-09-13 17:39:48 DEBUG cache:45 – TemplateLoader.findTemplateSource("spark/partials/standard-content_en_IN.ftl"): Not found
2023-09-13 17:39:48 DEBUG cache:45 – TemplateLoader.findTemplateSource("spark/partials/standard-content_en.ftl"): Not found
2023-09-13 17:39:48 DEBUG cache:45 – TemplateLoader.findTemplateSource("spark/partials/standard-content.ftl"): Found
2023-09-13 17:39:48 DEBUG cache:45 – Loading template for "spark/partials/standard-content.ftl"("en_IN", UTF-8, parsed) from "jar:file:/C:/Users/asingh73/.m2/repository/com/aventstack/extentreports/5.0.9/extentreports-5.0.9.jar!/com/aventstack/extentreports/templates/spark/partials/standard-content.ftl"
2023-09-13 17:39:48 DEBUG cache:45 – "spark/partials/standard-content.ftl"("en_IN", UTF-8, parsed) cached copy not yet stale; using cached.
2023-09-13 17:39:48 DEBUG cache:45 – "spark/partials/standard-content.ftl"("en_IN", UTF-8, parsed) cached copy not yet stale; using cached.
2023-09-13 17:39:48 DEBUG cache:45 – Couldn't find template in cache for "spark/partials/exception.ftl"("en_IN", UTF-8, parsed); will try to load it.
2023-09-13 17:39:48 DEBUG cache:45 – TemplateLoader.findTemplateSource("spark/partials/exception_en_IN.ftl"): Not found
2023-09-13 17:39:48 DEBUG cache:45 – TemplateLoader.findTemplateSource("spark/partials/exception_en.ftl"): Not found
2023-09-13 17:39:48 DEBUG cache:45 – TemplateLoader.findTemplateSource("spark/partials/exception.ftl"): Found
2023-09-13 17:39:48 DEBUG cache:45 – Loading template for "spark/partials/exception.ftl"("en_IN", UTF-8, parsed) from "jar:file:/C:/Users/asingh73/.m2/repository/com/aventstack/extentreports/5.0.9/extentreports-5.0.9.jar!/com/aventstack/extentreports/templates/spark/partials/exception.ftl"
2023-09-13 17:39:48 DEBUG cache:45 – Couldn't find template in cache for "spark/partials/category.ftl"("en_IN", UTF-8, parsed); will try to load it.
2023-09-13 17:39:48 DEBUG cache:45 – TemplateLoader.findTemplateSource("spark/partials/category_en_IN.ftl"): Not found
2023-09-13 17:39:48 DEBUG cache:45 – TemplateLoader.findTemplateSource("spark/partials/category_en.ftl"): Not found
2023-09-13 17:39:48 DEBUG cache:45 – TemplateLoader.findTemplateSource("spark/partials/category.ftl"): Found
2023-09-13 17:39:48 DEBUG cache:45 – Loading template for "spark/partials/category.ftl"("en_IN", UTF-8, parsed) from "jar:file:/C:/Users/asingh73/.m2/repository/com/aventstack/extentreports/5.0.9/extentreports-5.0.9.jar!/com/aventstack/extentreports/templates/spark/partials/category.ftl"
2023-09-13 17:39:48 DEBUG cache:45 – Couldn't find template in cache for "spark/partials/device.ftl"("en_IN", UTF-8, parsed); will try to load it.
2023-09-13 17:39:48 DEBUG cache:45 – TemplateLoader.findTemplateSource("spark/partials/device_en_IN.ftl"): Not found
2023-09-13 17:39:48 DEBUG cache:45 – TemplateLoader.findTemplateSource("spark/partials/device_en.ftl"): Not found
2023-09-13 17:39:48 DEBUG cache:45 – TemplateLoader.findTemplateSource("spark/partials/device.ftl"): Found
2023-09-13 17:39:48 DEBUG cache:45 – Loading template for "spark/partials/device.ftl"("en_IN", UTF-8, parsed) from "jar:file:/C:/Users/asingh73/.m2/repository/com/aventstack/extentreports/5.0.9/extentreports-5.0.9.jar!/com/aventstack/extentreports/templates/spark/partials/device.ftl"
2023-09-13 17:39:48 DEBUG cache:45 – Couldn't find template in cache for "spark/partials/author.ftl"("en_IN", UTF-8, parsed); will try to load it.
2023-09-13 17:39:48 DEBUG cache:45 – TemplateLoader.findTemplateSource("spark/partials/author_en_IN.ftl"): Not found
2023-09-13 17:39:48 DEBUG cache:45 – TemplateLoader.findTemplateSource("spark/partials/author_en.ftl"): Not found
2023-09-13 17:39:48 DEBUG cache:45 – TemplateLoader.findTemplateSource("spark/partials/author.ftl"): Found
2023-09-13 17:39:48 DEBUG cache:45 – Loading template for "spark/partials/author.ftl"("en_IN", UTF-8, parsed) from "jar:file:/C:/Users/asingh73/.m2/repository/com/aventstack/extentreports/5.0.9/extentreports-5.0.9.jar!/com/aventstack/extentreports/templates/spark/partials/author.ftl"
2023-09-13 17:39:48 DEBUG cache:45 – Couldn't find template in cache for "spark/partials/log.ftl"("en_IN", UTF-8, parsed); will try to load it.
2023-09-13 17:39:48 DEBUG cache:45 – TemplateLoader.findTemplateSource("spark/partials/log_en_IN.ftl"): Not found
2023-09-13 17:39:48 DEBUG cache:45 – TemplateLoader.findTemplateSource("spark/partials/log_en.ftl"): Not found
2023-09-13 17:39:48 DEBUG cache:45 – TemplateLoader.findTemplateSource("spark/partials/log.ftl"): Found
2023-09-13 17:39:48 DEBUG cache:45 – Loading template for "spark/partials/log.ftl"("en_IN", UTF-8, parsed) from "jar:file:/C:/Users/asingh73/.m2/repository/com/aventstack/extentreports/5.0.9/extentreports-5.0.9.jar!/com/aventstack/extentreports/templates/spark/partials/log.ftl"
2023-09-13 17:39:48 DEBUG cache:45 – Couldn't find template in cache for "spark/partials/dashboard.ftl"("en_IN", UTF-8, parsed); will try to load it.
2023-09-13 17:39:48 DEBUG cache:45 – TemplateLoader.findTemplateSource("spark/partials/dashboard_en_IN.ftl"): Not found
2023-09-13 17:39:48 DEBUG cache:45 – TemplateLoader.findTemplateSource("spark/partials/dashboard_en.ftl"): Not found
2023-09-13 17:39:48 DEBUG cache:45 – TemplateLoader.findTemplateSource("spark/partials/dashboard.ftl"): Found
2023-09-13 17:39:48 DEBUG cache:45 – Loading template for "spark/partials/dashboard.ftl"("en_IN", UTF-8, parsed) from "jar:file:/C:/Users/asingh73/.m2/repository/com/aventstack/extentreports/5.0.9/extentreports-5.0.9.jar!/com/aventstack/extentreports/templates/spark/partials/dashboard.ftl"
2023-09-13 17:39:48 DEBUG cache:45 – Couldn't find template in cache for "spark/partials/scripts.ftl"("en_IN", UTF-8, parsed); will try to load it.
2023-09-13 17:39:48 DEBUG cache:45 – TemplateLoader.findTemplateSource("spark/partials/scripts_en_IN.ftl"): Not found
2023-09-13 17:39:48 DEBUG cache:45 – TemplateLoader.findTemplateSource("spark/partials/scripts_en.ftl"): Not found
2023-09-13 17:39:48 DEBUG cache:45 – TemplateLoader.findTemplateSource("spark/partials/scripts.ftl"): Found
2023-09-13 17:39:48 DEBUG cache:45 – Loading template for "spark/partials/scripts.ftl"("en_IN", UTF-8, parsed) from "jar:file:/C:/Users/asingh73/.m2/repository/com/aventstack/extentreports/5.0.9/extentreports-5.0.9.jar!/com/aventstack/extentreports/templates/spark/partials/scripts.ftl"
2023-09-13 17:39:48 DEBUG cache:45 – Couldn't find template in cache for "commons/commons-inject-js.ftl"("en_IN", UTF-8, parsed); will try to load it.
2023-09-13 17:39:48 DEBUG cache:45 – TemplateLoader.findTemplateSource("commons/commons-inject-js_en_IN.ftl"): Not found
2023-09-13 17:39:48 DEBUG cache:45 – TemplateLoader.findTemplateSource("commons/commons-inject-js_en.ftl"): Not found
2023-09-13 17:39:48 DEBUG cache:45 – TemplateLoader.findTemplateSource("commons/commons-inject-js.ftl"): Found
2023-09-13 17:39:48 DEBUG cache:45 – Loading template for "commons/commons-inject-js.ftl"("en_IN", UTF-8, parsed) from "jar:file:/C:/Users/asingh73/.m2/repository/com/aventstack/extentreports/5.0.9/extentreports-5.0.9.jar!/com/aventstack/extentreports/templates/commons/commons-inject-js.ftl"
2023-09-13 17:58:21 INFO  Demo:18 – User name provided
2023-09-13 17:58:21 INFO  Demo:20 – Password name provided
2023-09-13 17:58:26 INFO  Demo:18 – User name provided
2023-09-13 17:58:26 INFO  Demo:20 – Password name provided
2023-09-13 17:58:31 INFO  Demo:18 – User name provided
2023-09-13 17:58:31 INFO  Demo:20 – Password name provided
2023-09-13 17:58:35 INFO  Demo:34 – Login Passed
2023-09-13 17:58:39 DEBUG cache:45 – Couldn't find template in cache for "spark/spark.spa.ftl"("en_IN", UTF-8, parsed); will try to load it.
2023-09-13 17:58:39 DEBUG cache:45 – TemplateLoader.findTemplateSource("spark/spark.spa_en_IN.ftl"): Not found
2023-09-13 17:58:39 DEBUG cache:45 – TemplateLoader.findTemplateSource("spark/spark.spa_en.ftl"): Not found
2023-09-13 17:58:39 DEBUG cache:45 – TemplateLoader.findTemplateSource("spark/spark.spa.ftl"): Found
2023-09-13 17:58:39 DEBUG cache:45 – Loading template for "spark/spark.spa.ftl"("en_IN", UTF-8, parsed) from "jar:file:/C:/Users/asingh73/.m2/repository/com/aventstack/extentreports/5.0.9/extentreports-5.0.9.jar!/com/aventstack/extentreports/templates/spark/spark.spa.ftl"
2023-09-13 17:58:39 DEBUG cache:45 – Couldn't find template in cache for "commons/commons-variables.ftl"("en_IN", UTF-8, parsed); will try to load it.
2023-09-13 17:58:39 DEBUG cache:45 – TemplateLoader.findTemplateSource("commons/commons-variables_en_IN.ftl"): Not found
2023-09-13 17:58:39 DEBUG cache:45 – TemplateLoader.findTemplateSource("commons/commons-variables_en.ftl"): Not found
2023-09-13 17:58:39 DEBUG cache:45 – TemplateLoader.findTemplateSource("commons/commons-variables.ftl"): Found
2023-09-13 17:58:39 DEBUG cache:45 – Loading template for "commons/commons-variables.ftl"("en_IN", UTF-8, parsed) from "jar:file:/C:/Users/asingh73/.m2/repository/com/aventstack/extentreports/5.0.9/extentreports-5.0.9.jar!/com/aventstack/extentreports/templates/commons/commons-variables.ftl"
2023-09-13 17:58:39 DEBUG cache:45 – Couldn't find template in cache for "commons/commons-macros.ftl"("en_IN", UTF-8, parsed); will try to load it.
2023-09-13 17:58:39 DEBUG cache:45 – TemplateLoader.findTemplateSource("commons/commons-macros_en_IN.ftl"): Not found
2023-09-13 17:58:39 DEBUG cache:45 – TemplateLoader.findTemplateSource("commons/commons-macros_en.ftl"): Not found
2023-09-13 17:58:39 DEBUG cache:45 – TemplateLoader.findTemplateSource("commons/commons-macros.ftl"): Found
2023-09-13 17:58:39 DEBUG cache:45 – Loading template for "commons/commons-macros.ftl"("en_IN", UTF-8, parsed) from "jar:file:/C:/Users/asingh73/.m2/repository/com/aventstack/extentreports/5.0.9/extentreports-5.0.9.jar!/com/aventstack/extentreports/templates/commons/commons-macros.ftl"
2023-09-13 17:58:39 DEBUG cache:45 – Couldn't find template in cache for "spark/macros/attributes.ftl"("en_IN", UTF-8, parsed); will try to load it.
2023-09-13 17:58:39 DEBUG cache:45 – TemplateLoader.findTemplateSource("spark/macros/attributes_en_IN.ftl"): Not found
2023-09-13 17:58:39 DEBUG cache:45 – TemplateLoader.findTemplateSource("spark/macros/attributes_en.ftl"): Not found
2023-09-13 17:58:39 DEBUG cache:45 – TemplateLoader.findTemplateSource("spark/macros/attributes.ftl"): Found
2023-09-13 17:58:39 DEBUG cache:45 – Loading template for "spark/macros/attributes.ftl"("en_IN", UTF-8, parsed) from "jar:file:/C:/Users/asingh73/.m2/repository/com/aventstack/extentreports/5.0.9/extentreports-5.0.9.jar!/com/aventstack/extentreports/templates/spark/macros/attributes.ftl"
2023-09-13 17:58:39 DEBUG cache:45 – Couldn't find template in cache for "spark/macros/log.ftl"("en_IN", UTF-8, parsed); will try to load it.
2023-09-13 17:58:39 DEBUG cache:45 – TemplateLoader.findTemplateSource("spark/macros/log_en_IN.ftl"): Not found
2023-09-13 17:58:39 DEBUG cache:45 – TemplateLoader.findTemplateSource("spark/macros/log_en.ftl"): Not found
2023-09-13 17:58:39 DEBUG cache:45 – TemplateLoader.findTemplateSource("spark/macros/log.ftl"): Found
2023-09-13 17:58:39 DEBUG cache:45 – Loading template for "spark/macros/log.ftl"("en_IN", UTF-8, parsed) from "jar:file:/C:/Users/asingh73/.m2/repository/com/aventstack/extentreports/5.0.9/extentreports-5.0.9.jar!/com/aventstack/extentreports/templates/spark/macros/log.ftl"
2023-09-13 17:58:39 DEBUG cache:45 – Couldn't find template in cache for "spark/macros/recurse_nodes.ftl"("en_IN", UTF-8, parsed); will try to load it.
2023-09-13 17:58:39 DEBUG cache:45 – TemplateLoader.findTemplateSource("spark/macros/recurse_nodes_en_IN.ftl"): Not found
2023-09-13 17:58:39 DEBUG cache:45 – TemplateLoader.findTemplateSource("spark/macros/recurse_nodes_en.ftl"): Not found
2023-09-13 17:58:39 DEBUG cache:45 – TemplateLoader.findTemplateSource("spark/macros/recurse_nodes.ftl"): Found
2023-09-13 17:58:39 DEBUG cache:45 – Loading template for "spark/macros/recurse_nodes.ftl"("en_IN", UTF-8, parsed) from "jar:file:/C:/Users/asingh73/.m2/repository/com/aventstack/extentreports/5.0.9/extentreports-5.0.9.jar!/com/aventstack/extentreports/templates/spark/macros/recurse_nodes.ftl"
2023-09-13 17:58:39 DEBUG cache:45 – "spark/macros/log.ftl"("en_IN", UTF-8, parsed) cached copy not yet stale; using cached.
2023-09-13 17:58:39 DEBUG cache:45 – Couldn't find template in cache for "spark/macros/attr-common.ftl"("en_IN", UTF-8, parsed); will try to load it.
2023-09-13 17:58:39 DEBUG cache:45 – TemplateLoader.findTemplateSource("spark/macros/attr-common_en_IN.ftl"): Not found
2023-09-13 17:58:39 DEBUG cache:45 – TemplateLoader.findTemplateSource("spark/macros/attr-common_en.ftl"): Not found
2023-09-13 17:58:39 DEBUG cache:45 – TemplateLoader.findTemplateSource("spark/macros/attr-common.ftl"): Found
2023-09-13 17:58:39 DEBUG cache:45 – Loading template for "spark/macros/attr-common.ftl"("en_IN", UTF-8, parsed) from "jar:file:/C:/Users/asingh73/.m2/repository/com/aventstack/extentreports/5.0.9/extentreports-5.0.9.jar!/com/aventstack/extentreports/templates/spark/macros/attr-common.ftl"
2023-09-13 17:58:39 DEBUG cache:45 – Couldn't find template in cache for "spark/partials/head.ftl"("en_IN", UTF-8, parsed); will try to load it.
2023-09-13 17:58:39 DEBUG cache:45 – TemplateLoader.findTemplateSource("spark/partials/head_en_IN.ftl"): Not found
2023-09-13 17:58:39 DEBUG cache:45 – TemplateLoader.findTemplateSource("spark/partials/head_en.ftl"): Not found
2023-09-13 17:58:39 DEBUG cache:45 – TemplateLoader.findTemplateSource("spark/partials/head.ftl"): Found
2023-09-13 17:58:39 DEBUG cache:45 – Loading template for "spark/partials/head.ftl"("en_IN", UTF-8, parsed) from "jar:file:/C:/Users/asingh73/.m2/repository/com/aventstack/extentreports/5.0.9/extentreports-5.0.9.jar!/com/aventstack/extentreports/templates/spark/partials/head.ftl"
2023-09-13 17:58:39 DEBUG cache:45 – Couldn't find template in cache for "commons/commons-inject-css.ftl"("en_IN", UTF-8, parsed); will try to load it.
2023-09-13 17:58:39 DEBUG cache:45 – TemplateLoader.findTemplateSource("commons/commons-inject-css_en_IN.ftl"): Not found
2023-09-13 17:58:39 DEBUG cache:45 – TemplateLoader.findTemplateSource("commons/commons-inject-css_en.ftl"): Not found
2023-09-13 17:58:39 DEBUG cache:45 – TemplateLoader.findTemplateSource("commons/commons-inject-css.ftl"): Found
2023-09-13 17:58:39 DEBUG cache:45 – Loading template for "commons/commons-inject-css.ftl"("en_IN", UTF-8, parsed) from "jar:file:/C:/Users/asingh73/.m2/repository/com/aventstack/extentreports/5.0.9/extentreports-5.0.9.jar!/com/aventstack/extentreports/templates/commons/commons-inject-css.ftl"
2023-09-13 17:58:39 DEBUG cache:45 – Couldn't find template in cache for "spark/partials/navbar.ftl"("en_IN", UTF-8, parsed); will try to load it.
2023-09-13 17:58:39 DEBUG cache:45 – TemplateLoader.findTemplateSource("spark/partials/navbar_en_IN.ftl"): Not found
2023-09-13 17:58:39 DEBUG cache:45 – TemplateLoader.findTemplateSource("spark/partials/navbar_en.ftl"): Not found
2023-09-13 17:58:39 DEBUG cache:45 – TemplateLoader.findTemplateSource("spark/partials/navbar.ftl"): Found
2023-09-13 17:58:39 DEBUG cache:45 – Loading template for "spark/partials/navbar.ftl"("en_IN", UTF-8, parsed) from "jar:file:/C:/Users/asingh73/.m2/repository/com/aventstack/extentreports/5.0.9/extentreports-5.0.9.jar!/com/aventstack/extentreports/templates/spark/partials/navbar.ftl"
2023-09-13 17:58:39 DEBUG cache:45 – Couldn't find template in cache for "spark/partials/sidenav.ftl"("en_IN", UTF-8, parsed); will try to load it.
2023-09-13 17:58:39 DEBUG cache:45 – TemplateLoader.findTemplateSource("spark/partials/sidenav_en_IN.ftl"): Not found
2023-09-13 17:58:39 DEBUG cache:45 – TemplateLoader.findTemplateSource("spark/partials/sidenav_en.ftl"): Not found
2023-09-13 17:58:39 DEBUG cache:45 – TemplateLoader.findTemplateSource("spark/partials/sidenav.ftl"): Found
2023-09-13 17:58:39 DEBUG cache:45 – Loading template for "spark/partials/sidenav.ftl"("en_IN", UTF-8, parsed) from "jar:file:/C:/Users/asingh73/.m2/repository/com/aventstack/extentreports/5.0.9/extentreports-5.0.9.jar!/com/aventstack/extentreports/templates/spark/partials/sidenav.ftl"
2023-09-13 17:58:39 DEBUG cache:45 – Couldn't find template in cache for "spark/partials/test.ftl"("en_IN", UTF-8, parsed); will try to load it.
2023-09-13 17:58:39 DEBUG cache:45 – TemplateLoader.findTemplateSource("spark/partials/test_en_IN.ftl"): Not found
2023-09-13 17:58:39 DEBUG cache:45 – TemplateLoader.findTemplateSource("spark/partials/test_en.ftl"): Not found
2023-09-13 17:58:39 DEBUG cache:45 – TemplateLoader.findTemplateSource("spark/partials/test.ftl"): Found
2023-09-13 17:58:39 DEBUG cache:45 – Loading template for "spark/partials/test.ftl"("en_IN", UTF-8, parsed) from "jar:file:/C:/Users/asingh73/.m2/repository/com/aventstack/extentreports/5.0.9/extentreports-5.0.9.jar!/com/aventstack/extentreports/templates/spark/partials/test.ftl"
2023-09-13 17:58:39 DEBUG cache:45 – Couldn't find template in cache for "spark/partials/standard-content.ftl"("en_IN", UTF-8, parsed); will try to load it.
2023-09-13 17:58:39 DEBUG cache:45 – TemplateLoader.findTemplateSource("spark/partials/standard-content_en_IN.ftl"): Not found
2023-09-13 17:58:39 DEBUG cache:45 – TemplateLoader.findTemplateSource("spark/partials/standard-content_en.ftl"): Not found
2023-09-13 17:58:39 DEBUG cache:45 – TemplateLoader.findTemplateSource("spark/partials/standard-content.ftl"): Found
2023-09-13 17:58:39 DEBUG cache:45 – Loading template for "spark/partials/standard-content.ftl"("en_IN", UTF-8, parsed) from "jar:file:/C:/Users/asingh73/.m2/repository/com/aventstack/extentreports/5.0.9/extentreports-5.0.9.jar!/com/aventstack/extentreports/templates/spark/partials/standard-content.ftl"
2023-09-13 17:58:39 DEBUG cache:45 – "spark/partials/standard-content.ftl"("en_IN", UTF-8, parsed) cached copy not yet stale; using cached.
2023-09-13 17:58:39 DEBUG cache:45 – "spark/partials/standard-content.ftl"("en_IN", UTF-8, parsed) cached copy not yet stale; using cached.
2023-09-13 17:58:39 DEBUG cache:45 – "spark/partials/standard-content.ftl"("en_IN", UTF-8, parsed) cached copy not yet stale; using cached.
2023-09-13 17:58:39 DEBUG cache:45 – Couldn't find template in cache for "spark/partials/exception.ftl"("en_IN", UTF-8, parsed); will try to load it.
2023-09-13 17:58:39 DEBUG cache:45 – TemplateLoader.findTemplateSource("spark/partials/exception_en_IN.ftl"): Not found
2023-09-13 17:58:39 DEBUG cache:45 – TemplateLoader.findTemplateSource("spark/partials/exception_en.ftl"): Not found
2023-09-13 17:58:39 DEBUG cache:45 – TemplateLoader.findTemplateSource("spark/partials/exception.ftl"): Found
2023-09-13 17:58:39 DEBUG cache:45 – Loading template for "spark/partials/exception.ftl"("en_IN", UTF-8, parsed) from "jar:file:/C:/Users/asingh73/.m2/repository/com/aventstack/extentreports/5.0.9/extentreports-5.0.9.jar!/com/aventstack/extentreports/templates/spark/partials/exception.ftl"
2023-09-13 17:58:39 DEBUG cache:45 – Couldn't find template in cache for "spark/partials/category.ftl"("en_IN", UTF-8, parsed); will try to load it.
2023-09-13 17:58:39 DEBUG cache:45 – TemplateLoader.findTemplateSource("spark/partials/category_en_IN.ftl"): Not found
2023-09-13 17:58:39 DEBUG cache:45 – TemplateLoader.findTemplateSource("spark/partials/category_en.ftl"): Not found
2023-09-13 17:58:39 DEBUG cache:45 – TemplateLoader.findTemplateSource("spark/partials/category.ftl"): Found
2023-09-13 17:58:39 DEBUG cache:45 – Loading template for "spark/partials/category.ftl"("en_IN", UTF-8, parsed) from "jar:file:/C:/Users/asingh73/.m2/repository/com/aventstack/extentreports/5.0.9/extentreports-5.0.9.jar!/com/aventstack/extentreports/templates/spark/partials/category.ftl"
2023-09-13 17:58:39 DEBUG cache:45 – Couldn't find template in cache for "spark/partials/device.ftl"("en_IN", UTF-8, parsed); will try to load it.
2023-09-13 17:58:39 DEBUG cache:45 – TemplateLoader.findTemplateSource("spark/partials/device_en_IN.ftl"): Not found
2023-09-13 17:58:39 DEBUG cache:45 – TemplateLoader.findTemplateSource("spark/partials/device_en.ftl"): Not found
2023-09-13 17:58:39 DEBUG cache:45 – TemplateLoader.findTemplateSource("spark/partials/device.ftl"): Found
2023-09-13 17:58:39 DEBUG cache:45 – Loading template for "spark/partials/device.ftl"("en_IN", UTF-8, parsed) from "jar:file:/C:/Users/asingh73/.m2/repository/com/aventstack/extentreports/5.0.9/extentreports-5.0.9.jar!/com/aventstack/extentreports/templates/spark/partials/device.ftl"
2023-09-13 17:58:39 DEBUG cache:45 – Couldn't find template in cache for "spark/partials/author.ftl"("en_IN", UTF-8, parsed); will try to load it.
2023-09-13 17:58:39 DEBUG cache:45 – TemplateLoader.findTemplateSource("spark/partials/author_en_IN.ftl"): Not found
2023-09-13 17:58:39 DEBUG cache:45 – TemplateLoader.findTemplateSource("spark/partials/author_en.ftl"): Not found
2023-09-13 17:58:39 DEBUG cache:45 – TemplateLoader.findTemplateSource("spark/partials/author.ftl"): Found
2023-09-13 17:58:39 DEBUG cache:45 – Loading template for "spark/partials/author.ftl"("en_IN", UTF-8, parsed) from "jar:file:/C:/Users/asingh73/.m2/repository/com/aventstack/extentreports/5.0.9/extentreports-5.0.9.jar!/com/aventstack/extentreports/templates/spark/partials/author.ftl"
2023-09-13 17:58:39 DEBUG cache:45 – Couldn't find template in cache for "spark/partials/log.ftl"("en_IN", UTF-8, parsed); will try to load it.
2023-09-13 17:58:39 DEBUG cache:45 – TemplateLoader.findTemplateSource("spark/partials/log_en_IN.ftl"): Not found
2023-09-13 17:58:39 DEBUG cache:45 – TemplateLoader.findTemplateSource("spark/partials/log_en.ftl"): Not found
2023-09-13 17:58:39 DEBUG cache:45 – TemplateLoader.findTemplateSource("spark/partials/log.ftl"): Found
2023-09-13 17:58:39 DEBUG cache:45 – Loading template for "spark/partials/log.ftl"("en_IN", UTF-8, parsed) from "jar:file:/C:/Users/asingh73/.m2/repository/com/aventstack/extentreports/5.0.9/extentreports-5.0.9.jar!/com/aventstack/extentreports/templates/spark/partials/log.ftl"
2023-09-13 17:58:39 DEBUG cache:45 – Couldn't find template in cache for "spark/partials/dashboard.ftl"("en_IN", UTF-8, parsed); will try to load it.
2023-09-13 17:58:39 DEBUG cache:45 – TemplateLoader.findTemplateSource("spark/partials/dashboard_en_IN.ftl"): Not found
2023-09-13 17:58:39 DEBUG cache:45 – TemplateLoader.findTemplateSource("spark/partials/dashboard_en.ftl"): Not found
2023-09-13 17:58:39 DEBUG cache:45 – TemplateLoader.findTemplateSource("spark/partials/dashboard.ftl"): Found
2023-09-13 17:58:39 DEBUG cache:45 – Loading template for "spark/partials/dashboard.ftl"("en_IN", UTF-8, parsed) from "jar:file:/C:/Users/asingh73/.m2/repository/com/aventstack/extentreports/5.0.9/extentreports-5.0.9.jar!/com/aventstack/extentreports/templates/spark/partials/dashboard.ftl"
2023-09-13 17:58:39 DEBUG cache:45 – Couldn't find template in cache for "spark/partials/scripts.ftl"("en_IN", UTF-8, parsed); will try to load it.
2023-09-13 17:58:39 DEBUG cache:45 – TemplateLoader.findTemplateSource("spark/partials/scripts_en_IN.ftl"): Not found
2023-09-13 17:58:39 DEBUG cache:45 – TemplateLoader.findTemplateSource("spark/partials/scripts_en.ftl"): Not found
2023-09-13 17:58:39 DEBUG cache:45 – TemplateLoader.findTemplateSource("spark/partials/scripts.ftl"): Found
2023-09-13 17:58:39 DEBUG cache:45 – Loading template for "spark/partials/scripts.ftl"("en_IN", UTF-8, parsed) from "jar:file:/C:/Users/asingh73/.m2/repository/com/aventstack/extentreports/5.0.9/extentreports-5.0.9.jar!/com/aventstack/extentreports/templates/spark/partials/scripts.ftl"
2023-09-13 17:58:39 DEBUG cache:45 – Couldn't find template in cache for "commons/commons-inject-js.ftl"("en_IN", UTF-8, parsed); will try to load it.
2023-09-13 17:58:39 DEBUG cache:45 – TemplateLoader.findTemplateSource("commons/commons-inject-js_en_IN.ftl"): Not found
2023-09-13 17:58:39 DEBUG cache:45 – TemplateLoader.findTemplateSource("commons/commons-inject-js_en.ftl"): Not found
2023-09-13 17:58:39 DEBUG cache:45 – TemplateLoader.findTemplateSource("commons/commons-inject-js.ftl"): Found
2023-09-13 17:58:39 DEBUG cache:45 – Loading template for "commons/commons-inject-js.ftl"("en_IN", UTF-8, parsed) from "jar:file:/C:/Users/asingh73/.m2/repository/com/aventstack/extentreports/5.0.9/extentreports-5.0.9.jar!/com/aventstack/extentreports/templates/commons/commons-inject-js.ftl"
2023-09-13 18:02:13 INFO  Demo:20 – User name provided
2023-09-13 18:02:13 INFO  Demo:22 – Password name provided
2023-09-13 18:02:17 INFO  Demo:20 – User name provided
2023-09-13 18:02:17 INFO  Demo:22 – Password name provided
2023-09-13 18:02:22 INFO  Demo:20 – User name provided
2023-09-13 18:02:22 INFO  Demo:22 – Password name provided
2023-09-13 18:02:26 INFO  Demo:37 – Login Passed
2023-09-13 18:02:31 DEBUG cache:45 – Couldn't find template in cache for "spark/spark.spa.ftl"("en_IN", UTF-8, parsed); will try to load it.
2023-09-13 18:02:31 DEBUG cache:45 – TemplateLoader.findTemplateSource("spark/spark.spa_en_IN.ftl"): Not found
2023-09-13 18:02:31 DEBUG cache:45 – TemplateLoader.findTemplateSource("spark/spark.spa_en.ftl"): Not found
2023-09-13 18:02:31 DEBUG cache:45 – TemplateLoader.findTemplateSource("spark/spark.spa.ftl"): Found
2023-09-13 18:02:31 DEBUG cache:45 – Loading template for "spark/spark.spa.ftl"("en_IN", UTF-8, parsed) from "jar:file:/C:/Users/asingh73/.m2/repository/com/aventstack/extentreports/5.0.9/extentreports-5.0.9.jar!/com/aventstack/extentreports/templates/spark/spark.spa.ftl"
2023-09-13 18:02:31 DEBUG cache:45 – Couldn't find template in cache for "commons/commons-variables.ftl"("en_IN", UTF-8, parsed); will try to load it.
2023-09-13 18:02:31 DEBUG cache:45 – TemplateLoader.findTemplateSource("commons/commons-variables_en_IN.ftl"): Not found
2023-09-13 18:02:31 DEBUG cache:45 – TemplateLoader.findTemplateSource("commons/commons-variables_en.ftl"): Not found
2023-09-13 18:02:31 DEBUG cache:45 – TemplateLoader.findTemplateSource("commons/commons-variables.ftl"): Found
2023-09-13 18:02:31 DEBUG cache:45 – Loading template for "commons/commons-variables.ftl"("en_IN", UTF-8, parsed) from "jar:file:/C:/Users/asingh73/.m2/repository/com/aventstack/extentreports/5.0.9/extentreports-5.0.9.jar!/com/aventstack/extentreports/templates/commons/commons-variables.ftl"
2023-09-13 18:02:31 DEBUG cache:45 – Couldn't find template in cache for "commons/commons-macros.ftl"("en_IN", UTF-8, parsed); will try to load it.
2023-09-13 18:02:31 DEBUG cache:45 – TemplateLoader.findTemplateSource("commons/commons-macros_en_IN.ftl"): Not found
2023-09-13 18:02:31 DEBUG cache:45 – TemplateLoader.findTemplateSource("commons/commons-macros_en.ftl"): Not found
2023-09-13 18:02:31 DEBUG cache:45 – TemplateLoader.findTemplateSource("commons/commons-macros.ftl"): Found
2023-09-13 18:02:31 DEBUG cache:45 – Loading template for "commons/commons-macros.ftl"("en_IN", UTF-8, parsed) from "jar:file:/C:/Users/asingh73/.m2/repository/com/aventstack/extentreports/5.0.9/extentreports-5.0.9.jar!/com/aventstack/extentreports/templates/commons/commons-macros.ftl"
2023-09-13 18:02:31 DEBUG cache:45 – Couldn't find template in cache for "spark/macros/attributes.ftl"("en_IN", UTF-8, parsed); will try to load it.
2023-09-13 18:02:31 DEBUG cache:45 – TemplateLoader.findTemplateSource("spark/macros/attributes_en_IN.ftl"): Not found
2023-09-13 18:02:31 DEBUG cache:45 – TemplateLoader.findTemplateSource("spark/macros/attributes_en.ftl"): Not found
2023-09-13 18:02:31 DEBUG cache:45 – TemplateLoader.findTemplateSource("spark/macros/attributes.ftl"): Found
2023-09-13 18:02:31 DEBUG cache:45 – Loading template for "spark/macros/attributes.ftl"("en_IN", UTF-8, parsed) from "jar:file:/C:/Users/asingh73/.m2/repository/com/aventstack/extentreports/5.0.9/extentreports-5.0.9.jar!/com/aventstack/extentreports/templates/spark/macros/attributes.ftl"
2023-09-13 18:02:31 DEBUG cache:45 – Couldn't find template in cache for "spark/macros/log.ftl"("en_IN", UTF-8, parsed); will try to load it.
2023-09-13 18:02:31 DEBUG cache:45 – TemplateLoader.findTemplateSource("spark/macros/log_en_IN.ftl"): Not found
2023-09-13 18:02:31 DEBUG cache:45 – TemplateLoader.findTemplateSource("spark/macros/log_en.ftl"): Not found
2023-09-13 18:02:31 DEBUG cache:45 – TemplateLoader.findTemplateSource("spark/macros/log.ftl"): Found
2023-09-13 18:02:31 DEBUG cache:45 – Loading template for "spark/macros/log.ftl"("en_IN", UTF-8, parsed) from "jar:file:/C:/Users/asingh73/.m2/repository/com/aventstack/extentreports/5.0.9/extentreports-5.0.9.jar!/com/aventstack/extentreports/templates/spark/macros/log.ftl"
2023-09-13 18:02:31 DEBUG cache:45 – Couldn't find template in cache for "spark/macros/recurse_nodes.ftl"("en_IN", UTF-8, parsed); will try to load it.
2023-09-13 18:02:31 DEBUG cache:45 – TemplateLoader.findTemplateSource("spark/macros/recurse_nodes_en_IN.ftl"): Not found
2023-09-13 18:02:31 DEBUG cache:45 – TemplateLoader.findTemplateSource("spark/macros/recurse_nodes_en.ftl"): Not found
2023-09-13 18:02:31 DEBUG cache:45 – TemplateLoader.findTemplateSource("spark/macros/recurse_nodes.ftl"): Found
2023-09-13 18:02:31 DEBUG cache:45 – Loading template for "spark/macros/recurse_nodes.ftl"("en_IN", UTF-8, parsed) from "jar:file:/C:/Users/asingh73/.m2/repository/com/aventstack/extentreports/5.0.9/extentreports-5.0.9.jar!/com/aventstack/extentreports/templates/spark/macros/recurse_nodes.ftl"
2023-09-13 18:02:31 DEBUG cache:45 – "spark/macros/log.ftl"("en_IN", UTF-8, parsed) cached copy not yet stale; using cached.
2023-09-13 18:02:31 DEBUG cache:45 – Couldn't find template in cache for "spark/macros/attr-common.ftl"("en_IN", UTF-8, parsed); will try to load it.
2023-09-13 18:02:31 DEBUG cache:45 – TemplateLoader.findTemplateSource("spark/macros/attr-common_en_IN.ftl"): Not found
2023-09-13 18:02:31 DEBUG cache:45 – TemplateLoader.findTemplateSource("spark/macros/attr-common_en.ftl"): Not found
2023-09-13 18:02:31 DEBUG cache:45 – TemplateLoader.findTemplateSource("spark/macros/attr-common.ftl"): Found
2023-09-13 18:02:31 DEBUG cache:45 – Loading template for "spark/macros/attr-common.ftl"("en_IN", UTF-8, parsed) from "jar:file:/C:/Users/asingh73/.m2/repository/com/aventstack/extentreports/5.0.9/extentreports-5.0.9.jar!/com/aventstack/extentreports/templates/spark/macros/attr-common.ftl"
2023-09-13 18:02:31 DEBUG cache:45 – Couldn't find template in cache for "spark/partials/head.ftl"("en_IN", UTF-8, parsed); will try to load it.
2023-09-13 18:02:31 DEBUG cache:45 – TemplateLoader.findTemplateSource("spark/partials/head_en_IN.ftl"): Not found
2023-09-13 18:02:31 DEBUG cache:45 – TemplateLoader.findTemplateSource("spark/partials/head_en.ftl"): Not found
2023-09-13 18:02:31 DEBUG cache:45 – TemplateLoader.findTemplateSource("spark/partials/head.ftl"): Found
2023-09-13 18:02:31 DEBUG cache:45 – Loading template for "spark/partials/head.ftl"("en_IN", UTF-8, parsed) from "jar:file:/C:/Users/asingh73/.m2/repository/com/aventstack/extentreports/5.0.9/extentreports-5.0.9.jar!/com/aventstack/extentreports/templates/spark/partials/head.ftl"
2023-09-13 18:02:31 DEBUG cache:45 – Couldn't find template in cache for "commons/commons-inject-css.ftl"("en_IN", UTF-8, parsed); will try to load it.
2023-09-13 18:02:31 DEBUG cache:45 – TemplateLoader.findTemplateSource("commons/commons-inject-css_en_IN.ftl"): Not found
2023-09-13 18:02:31 DEBUG cache:45 – TemplateLoader.findTemplateSource("commons/commons-inject-css_en.ftl"): Not found
2023-09-13 18:02:31 DEBUG cache:45 – TemplateLoader.findTemplateSource("commons/commons-inject-css.ftl"): Found
2023-09-13 18:02:31 DEBUG cache:45 – Loading template for "commons/commons-inject-css.ftl"("en_IN", UTF-8, parsed) from "jar:file:/C:/Users/asingh73/.m2/repository/com/aventstack/extentreports/5.0.9/extentreports-5.0.9.jar!/com/aventstack/extentreports/templates/commons/commons-inject-css.ftl"
2023-09-13 18:02:31 DEBUG cache:45 – Couldn't find template in cache for "spark/partials/navbar.ftl"("en_IN", UTF-8, parsed); will try to load it.
2023-09-13 18:02:31 DEBUG cache:45 – TemplateLoader.findTemplateSource("spark/partials/navbar_en_IN.ftl"): Not found
2023-09-13 18:02:31 DEBUG cache:45 – TemplateLoader.findTemplateSource("spark/partials/navbar_en.ftl"): Not found
2023-09-13 18:02:31 DEBUG cache:45 – TemplateLoader.findTemplateSource("spark/partials/navbar.ftl"): Found
2023-09-13 18:02:31 DEBUG cache:45 – Loading template for "spark/partials/navbar.ftl"("en_IN", UTF-8, parsed) from "jar:file:/C:/Users/asingh73/.m2/repository/com/aventstack/extentreports/5.0.9/extentreports-5.0.9.jar!/com/aventstack/extentreports/templates/spark/partials/navbar.ftl"
2023-09-13 18:02:31 DEBUG cache:45 – Couldn't find template in cache for "spark/partials/sidenav.ftl"("en_IN", UTF-8, parsed); will try to load it.
2023-09-13 18:02:31 DEBUG cache:45 – TemplateLoader.findTemplateSource("spark/partials/sidenav_en_IN.ftl"): Not found
2023-09-13 18:02:31 DEBUG cache:45 – TemplateLoader.findTemplateSource("spark/partials/sidenav_en.ftl"): Not found
2023-09-13 18:02:31 DEBUG cache:45 – TemplateLoader.findTemplateSource("spark/partials/sidenav.ftl"): Found
2023-09-13 18:02:31 DEBUG cache:45 – Loading template for "spark/partials/sidenav.ftl"("en_IN", UTF-8, parsed) from "jar:file:/C:/Users/asingh73/.m2/repository/com/aventstack/extentreports/5.0.9/extentreports-5.0.9.jar!/com/aventstack/extentreports/templates/spark/partials/sidenav.ftl"
2023-09-13 18:02:31 DEBUG cache:45 – Couldn't find template in cache for "spark/partials/test.ftl"("en_IN", UTF-8, parsed); will try to load it.
2023-09-13 18:02:31 DEBUG cache:45 – TemplateLoader.findTemplateSource("spark/partials/test_en_IN.ftl"): Not found
2023-09-13 18:02:31 DEBUG cache:45 – TemplateLoader.findTemplateSource("spark/partials/test_en.ftl"): Not found
2023-09-13 18:02:31 DEBUG cache:45 – TemplateLoader.findTemplateSource("spark/partials/test.ftl"): Found
2023-09-13 18:02:31 DEBUG cache:45 – Loading template for "spark/partials/test.ftl"("en_IN", UTF-8, parsed) from "jar:file:/C:/Users/asingh73/.m2/repository/com/aventstack/extentreports/5.0.9/extentreports-5.0.9.jar!/com/aventstack/extentreports/templates/spark/partials/test.ftl"
2023-09-13 18:02:31 DEBUG cache:45 – Couldn't find template in cache for "spark/partials/standard-content.ftl"("en_IN", UTF-8, parsed); will try to load it.
2023-09-13 18:02:31 DEBUG cache:45 – TemplateLoader.findTemplateSource("spark/partials/standard-content_en_IN.ftl"): Not found
2023-09-13 18:02:31 DEBUG cache:45 – TemplateLoader.findTemplateSource("spark/partials/standard-content_en.ftl"): Not found
2023-09-13 18:02:31 DEBUG cache:45 – TemplateLoader.findTemplateSource("spark/partials/standard-content.ftl"): Found
2023-09-13 18:02:31 DEBUG cache:45 – Loading template for "spark/partials/standard-content.ftl"("en_IN", UTF-8, parsed) from "jar:file:/C:/Users/asingh73/.m2/repository/com/aventstack/extentreports/5.0.9/extentreports-5.0.9.jar!/com/aventstack/extentreports/templates/spark/partials/standard-content.ftl"
2023-09-13 18:02:31 DEBUG cache:45 – "spark/partials/standard-content.ftl"("en_IN", UTF-8, parsed) cached copy not yet stale; using cached.
2023-09-13 18:02:31 DEBUG cache:45 – "spark/partials/standard-content.ftl"("en_IN", UTF-8, parsed) cached copy not yet stale; using cached.
2023-09-13 18:02:31 DEBUG cache:45 – Couldn't find template in cache for "spark/partials/exception.ftl"("en_IN", UTF-8, parsed); will try to load it.
2023-09-13 18:02:31 DEBUG cache:45 – TemplateLoader.findTemplateSource("spark/partials/exception_en_IN.ftl"): Not found
2023-09-13 18:02:31 DEBUG cache:45 – TemplateLoader.findTemplateSource("spark/partials/exception_en.ftl"): Not found
2023-09-13 18:02:31 DEBUG cache:45 – TemplateLoader.findTemplateSource("spark/partials/exception.ftl"): Found
2023-09-13 18:02:31 DEBUG cache:45 – Loading template for "spark/partials/exception.ftl"("en_IN", UTF-8, parsed) from "jar:file:/C:/Users/asingh73/.m2/repository/com/aventstack/extentreports/5.0.9/extentreports-5.0.9.jar!/com/aventstack/extentreports/templates/spark/partials/exception.ftl"
2023-09-13 18:02:31 DEBUG cache:45 – Couldn't find template in cache for "spark/partials/category.ftl"("en_IN", UTF-8, parsed); will try to load it.
2023-09-13 18:02:31 DEBUG cache:45 – TemplateLoader.findTemplateSource("spark/partials/category_en_IN.ftl"): Not found
2023-09-13 18:02:31 DEBUG cache:45 – TemplateLoader.findTemplateSource("spark/partials/category_en.ftl"): Not found
2023-09-13 18:02:31 DEBUG cache:45 – TemplateLoader.findTemplateSource("spark/partials/category.ftl"): Found
2023-09-13 18:02:31 DEBUG cache:45 – Loading template for "spark/partials/category.ftl"("en_IN", UTF-8, parsed) from "jar:file:/C:/Users/asingh73/.m2/repository/com/aventstack/extentreports/5.0.9/extentreports-5.0.9.jar!/com/aventstack/extentreports/templates/spark/partials/category.ftl"
2023-09-13 18:02:31 DEBUG cache:45 – Couldn't find template in cache for "spark/partials/device.ftl"("en_IN", UTF-8, parsed); will try to load it.
2023-09-13 18:02:31 DEBUG cache:45 – TemplateLoader.findTemplateSource("spark/partials/device_en_IN.ftl"): Not found
2023-09-13 18:02:31 DEBUG cache:45 – TemplateLoader.findTemplateSource("spark/partials/device_en.ftl"): Not found
2023-09-13 18:02:31 DEBUG cache:45 – TemplateLoader.findTemplateSource("spark/partials/device.ftl"): Found
2023-09-13 18:02:31 DEBUG cache:45 – Loading template for "spark/partials/device.ftl"("en_IN", UTF-8, parsed) from "jar:file:/C:/Users/asingh73/.m2/repository/com/aventstack/extentreports/5.0.9/extentreports-5.0.9.jar!/com/aventstack/extentreports/templates/spark/partials/device.ftl"
2023-09-13 18:02:31 DEBUG cache:45 – Couldn't find template in cache for "spark/partials/author.ftl"("en_IN", UTF-8, parsed); will try to load it.
2023-09-13 18:02:31 DEBUG cache:45 – TemplateLoader.findTemplateSource("spark/partials/author_en_IN.ftl"): Not found
2023-09-13 18:02:31 DEBUG cache:45 – TemplateLoader.findTemplateSource("spark/partials/author_en.ftl"): Not found
2023-09-13 18:02:31 DEBUG cache:45 – TemplateLoader.findTemplateSource("spark/partials/author.ftl"): Found
2023-09-13 18:02:31 DEBUG cache:45 – Loading template for "spark/partials/author.ftl"("en_IN", UTF-8, parsed) from "jar:file:/C:/Users/asingh73/.m2/repository/com/aventstack/extentreports/5.0.9/extentreports-5.0.9.jar!/com/aventstack/extentreports/templates/spark/partials/author.ftl"
2023-09-13 18:02:31 DEBUG cache:45 – Couldn't find template in cache for "spark/partials/log.ftl"("en_IN", UTF-8, parsed); will try to load it.
2023-09-13 18:02:31 DEBUG cache:45 – TemplateLoader.findTemplateSource("spark/partials/log_en_IN.ftl"): Not found
2023-09-13 18:02:31 DEBUG cache:45 – TemplateLoader.findTemplateSource("spark/partials/log_en.ftl"): Not found
2023-09-13 18:02:31 DEBUG cache:45 – TemplateLoader.findTemplateSource("spark/partials/log.ftl"): Found
2023-09-13 18:02:31 DEBUG cache:45 – Loading template for "spark/partials/log.ftl"("en_IN", UTF-8, parsed) from "jar:file:/C:/Users/asingh73/.m2/repository/com/aventstack/extentreports/5.0.9/extentreports-5.0.9.jar!/com/aventstack/extentreports/templates/spark/partials/log.ftl"
2023-09-13 18:02:31 DEBUG cache:45 – Couldn't find template in cache for "spark/partials/dashboard.ftl"("en_IN", UTF-8, parsed); will try to load it.
2023-09-13 18:02:31 DEBUG cache:45 – TemplateLoader.findTemplateSource("spark/partials/dashboard_en_IN.ftl"): Not found
2023-09-13 18:02:31 DEBUG cache:45 – TemplateLoader.findTemplateSource("spark/partials/dashboard_en.ftl"): Not found
2023-09-13 18:02:31 DEBUG cache:45 – TemplateLoader.findTemplateSource("spark/partials/dashboard.ftl"): Found
2023-09-13 18:02:31 DEBUG cache:45 – Loading template for "spark/partials/dashboard.ftl"("en_IN", UTF-8, parsed) from "jar:file:/C:/Users/asingh73/.m2/repository/com/aventstack/extentreports/5.0.9/extentreports-5.0.9.jar!/com/aventstack/extentreports/templates/spark/partials/dashboard.ftl"
2023-09-13 18:02:31 DEBUG cache:45 – Couldn't find template in cache for "spark/partials/scripts.ftl"("en_IN", UTF-8, parsed); will try to load it.
2023-09-13 18:02:31 DEBUG cache:45 – TemplateLoader.findTemplateSource("spark/partials/scripts_en_IN.ftl"): Not found
2023-09-13 18:02:31 DEBUG cache:45 – TemplateLoader.findTemplateSource("spark/partials/scripts_en.ftl"): Not found
2023-09-13 18:02:31 DEBUG cache:45 – TemplateLoader.findTemplateSource("spark/partials/scripts.ftl"): Found
2023-09-13 18:02:31 DEBUG cache:45 – Loading template for "spark/partials/scripts.ftl"("en_IN", UTF-8, parsed) from "jar:file:/C:/Users/asingh73/.m2/repository/com/aventstack/extentreports/5.0.9/extentreports-5.0.9.jar!/com/aventstack/extentreports/templates/spark/partials/scripts.ftl"
2023-09-13 18:02:31 DEBUG cache:45 – Couldn't find template in cache for "commons/commons-inject-js.ftl"("en_IN", UTF-8, parsed); will try to load it.
2023-09-13 18:02:31 DEBUG cache:45 – TemplateLoader.findTemplateSource("commons/commons-inject-js_en_IN.ftl"): Not found
2023-09-13 18:02:31 DEBUG cache:45 – TemplateLoader.findTemplateSource("commons/commons-inject-js_en.ftl"): Not found
2023-09-13 18:02:31 DEBUG cache:45 – TemplateLoader.findTemplateSource("commons/commons-inject-js.ftl"): Found
2023-09-13 18:02:31 DEBUG cache:45 – Loading template for "commons/commons-inject-js.ftl"("en_IN", UTF-8, parsed) from "jar:file:/C:/Users/asingh73/.m2/repository/com/aventstack/extentreports/5.0.9/extentreports-5.0.9.jar!/com/aventstack/extentreports/templates/commons/commons-inject-js.ftl"
2023-09-13 18:04:38 INFO  Demo:20 – User name provided
2023-09-13 18:04:38 INFO  Demo:22 – Password name provided
2023-09-13 18:04:42 INFO  Demo:20 – User name provided
2023-09-13 18:04:42 INFO  Demo:22 – Password name provided
2023-09-13 18:04:47 INFO  Demo:20 – User name provided
2023-09-13 18:04:47 INFO  Demo:22 – Password name provided
2023-09-13 18:04:51 INFO  Demo:37 – Login Passed
2023-09-13 18:04:56 DEBUG cache:45 – Couldn't find template in cache for "spark/spark.spa.ftl"("en_IN", UTF-8, parsed); will try to load it.
2023-09-13 18:04:56 DEBUG cache:45 – TemplateLoader.findTemplateSource("spark/spark.spa_en_IN.ftl"): Not found
2023-09-13 18:04:56 DEBUG cache:45 – TemplateLoader.findTemplateSource("spark/spark.spa_en.ftl"): Not found
2023-09-13 18:04:56 DEBUG cache:45 – TemplateLoader.findTemplateSource("spark/spark.spa.ftl"): Found
2023-09-13 18:04:56 DEBUG cache:45 – Loading template for "spark/spark.spa.ftl"("en_IN", UTF-8, parsed) from "jar:file:/C:/Users/asingh73/.m2/repository/com/aventstack/extentreports/5.0.9/extentreports-5.0.9.jar!/com/aventstack/extentreports/templates/spark/spark.spa.ftl"
2023-09-13 18:04:56 DEBUG cache:45 – Couldn't find template in cache for "commons/commons-variables.ftl"("en_IN", UTF-8, parsed); will try to load it.
2023-09-13 18:04:56 DEBUG cache:45 – TemplateLoader.findTemplateSource("commons/commons-variables_en_IN.ftl"): Not found
2023-09-13 18:04:56 DEBUG cache:45 – TemplateLoader.findTemplateSource("commons/commons-variables_en.ftl"): Not found
2023-09-13 18:04:56 DEBUG cache:45 – TemplateLoader.findTemplateSource("commons/commons-variables.ftl"): Found
2023-09-13 18:04:56 DEBUG cache:45 – Loading template for "commons/commons-variables.ftl"("en_IN", UTF-8, parsed) from "jar:file:/C:/Users/asingh73/.m2/repository/com/aventstack/extentreports/5.0.9/extentreports-5.0.9.jar!/com/aventstack/extentreports/templates/commons/commons-variables.ftl"
2023-09-13 18:04:56 DEBUG cache:45 – Couldn't find template in cache for "commons/commons-macros.ftl"("en_IN", UTF-8, parsed); will try to load it.
2023-09-13 18:04:56 DEBUG cache:45 – TemplateLoader.findTemplateSource("commons/commons-macros_en_IN.ftl"): Not found
2023-09-13 18:04:56 DEBUG cache:45 – TemplateLoader.findTemplateSource("commons/commons-macros_en.ftl"): Not found
2023-09-13 18:04:56 DEBUG cache:45 – TemplateLoader.findTemplateSource("commons/commons-macros.ftl"): Found
2023-09-13 18:04:56 DEBUG cache:45 – Loading template for "commons/commons-macros.ftl"("en_IN", UTF-8, parsed) from "jar:file:/C:/Users/asingh73/.m2/repository/com/aventstack/extentreports/5.0.9/extentreports-5.0.9.jar!/com/aventstack/extentreports/templates/commons/commons-macros.ftl"
2023-09-13 18:04:56 DEBUG cache:45 – Couldn't find template in cache for "spark/macros/attributes.ftl"("en_IN", UTF-8, parsed); will try to load it.
2023-09-13 18:04:56 DEBUG cache:45 – TemplateLoader.findTemplateSource("spark/macros/attributes_en_IN.ftl"): Not found
2023-09-13 18:04:56 DEBUG cache:45 – TemplateLoader.findTemplateSource("spark/macros/attributes_en.ftl"): Not found
2023-09-13 18:04:56 DEBUG cache:45 – TemplateLoader.findTemplateSource("spark/macros/attributes.ftl"): Found
2023-09-13 18:04:56 DEBUG cache:45 – Loading template for "spark/macros/attributes.ftl"("en_IN", UTF-8, parsed) from "jar:file:/C:/Users/asingh73/.m2/repository/com/aventstack/extentreports/5.0.9/extentreports-5.0.9.jar!/com/aventstack/extentreports/templates/spark/macros/attributes.ftl"
2023-09-13 18:04:56 DEBUG cache:45 – Couldn't find template in cache for "spark/macros/log.ftl"("en_IN", UTF-8, parsed); will try to load it.
2023-09-13 18:04:56 DEBUG cache:45 – TemplateLoader.findTemplateSource("spark/macros/log_en_IN.ftl"): Not found
2023-09-13 18:04:56 DEBUG cache:45 – TemplateLoader.findTemplateSource("spark/macros/log_en.ftl"): Not found
2023-09-13 18:04:56 DEBUG cache:45 – TemplateLoader.findTemplateSource("spark/macros/log.ftl"): Found
2023-09-13 18:04:56 DEBUG cache:45 – Loading template for "spark/macros/log.ftl"("en_IN", UTF-8, parsed) from "jar:file:/C:/Users/asingh73/.m2/repository/com/aventstack/extentreports/5.0.9/extentreports-5.0.9.jar!/com/aventstack/extentreports/templates/spark/macros/log.ftl"
2023-09-13 18:04:56 DEBUG cache:45 – Couldn't find template in cache for "spark/macros/recurse_nodes.ftl"("en_IN", UTF-8, parsed); will try to load it.
2023-09-13 18:04:56 DEBUG cache:45 – TemplateLoader.findTemplateSource("spark/macros/recurse_nodes_en_IN.ftl"): Not found
2023-09-13 18:04:56 DEBUG cache:45 – TemplateLoader.findTemplateSource("spark/macros/recurse_nodes_en.ftl"): Not found
2023-09-13 18:04:56 DEBUG cache:45 – TemplateLoader.findTemplateSource("spark/macros/recurse_nodes.ftl"): Found
2023-09-13 18:04:56 DEBUG cache:45 – Loading template for "spark/macros/recurse_nodes.ftl"("en_IN", UTF-8, parsed) from "jar:file:/C:/Users/asingh73/.m2/repository/com/aventstack/extentreports/5.0.9/extentreports-5.0.9.jar!/com/aventstack/extentreports/templates/spark/macros/recurse_nodes.ftl"
2023-09-13 18:04:56 DEBUG cache:45 – "spark/macros/log.ftl"("en_IN", UTF-8, parsed) cached copy not yet stale; using cached.
2023-09-13 18:04:56 DEBUG cache:45 – Couldn't find template in cache for "spark/macros/attr-common.ftl"("en_IN", UTF-8, parsed); will try to load it.
2023-09-13 18:04:56 DEBUG cache:45 – TemplateLoader.findTemplateSource("spark/macros/attr-common_en_IN.ftl"): Not found
2023-09-13 18:04:56 DEBUG cache:45 – TemplateLoader.findTemplateSource("spark/macros/attr-common_en.ftl"): Not found
2023-09-13 18:04:56 DEBUG cache:45 – TemplateLoader.findTemplateSource("spark/macros/attr-common.ftl"): Found
2023-09-13 18:04:56 DEBUG cache:45 – Loading template for "spark/macros/attr-common.ftl"("en_IN", UTF-8, parsed) from "jar:file:/C:/Users/asingh73/.m2/repository/com/aventstack/extentreports/5.0.9/extentreports-5.0.9.jar!/com/aventstack/extentreports/templates/spark/macros/attr-common.ftl"
2023-09-13 18:04:56 DEBUG cache:45 – Couldn't find template in cache for "spark/partials/head.ftl"("en_IN", UTF-8, parsed); will try to load it.
2023-09-13 18:04:56 DEBUG cache:45 – TemplateLoader.findTemplateSource("spark/partials/head_en_IN.ftl"): Not found
2023-09-13 18:04:56 DEBUG cache:45 – TemplateLoader.findTemplateSource("spark/partials/head_en.ftl"): Not found
2023-09-13 18:04:56 DEBUG cache:45 – TemplateLoader.findTemplateSource("spark/partials/head.ftl"): Found
2023-09-13 18:04:56 DEBUG cache:45 – Loading template for "spark/partials/head.ftl"("en_IN", UTF-8, parsed) from "jar:file:/C:/Users/asingh73/.m2/repository/com/aventstack/extentreports/5.0.9/extentreports-5.0.9.jar!/com/aventstack/extentreports/templates/spark/partials/head.ftl"
2023-09-13 18:04:56 DEBUG cache:45 – Couldn't find template in cache for "commons/commons-inject-css.ftl"("en_IN", UTF-8, parsed); will try to load it.
2023-09-13 18:04:56 DEBUG cache:45 – TemplateLoader.findTemplateSource("commons/commons-inject-css_en_IN.ftl"): Not found
2023-09-13 18:04:56 DEBUG cache:45 – TemplateLoader.findTemplateSource("commons/commons-inject-css_en.ftl"): Not found
2023-09-13 18:04:56 DEBUG cache:45 – TemplateLoader.findTemplateSource("commons/commons-inject-css.ftl"): Found
2023-09-13 18:04:56 DEBUG cache:45 – Loading template for "commons/commons-inject-css.ftl"("en_IN", UTF-8, parsed) from "jar:file:/C:/Users/asingh73/.m2/repository/com/aventstack/extentreports/5.0.9/extentreports-5.0.9.jar!/com/aventstack/extentreports/templates/commons/commons-inject-css.ftl"
2023-09-13 18:04:56 DEBUG cache:45 – Couldn't find template in cache for "spark/partials/navbar.ftl"("en_IN", UTF-8, parsed); will try to load it.
2023-09-13 18:04:56 DEBUG cache:45 – TemplateLoader.findTemplateSource("spark/partials/navbar_en_IN.ftl"): Not found
2023-09-13 18:04:56 DEBUG cache:45 – TemplateLoader.findTemplateSource("spark/partials/navbar_en.ftl"): Not found
2023-09-13 18:04:56 DEBUG cache:45 – TemplateLoader.findTemplateSource("spark/partials/navbar.ftl"): Found
2023-09-13 18:04:56 DEBUG cache:45 – Loading template for "spark/partials/navbar.ftl"("en_IN", UTF-8, parsed) from "jar:file:/C:/Users/asingh73/.m2/repository/com/aventstack/extentreports/5.0.9/extentreports-5.0.9.jar!/com/aventstack/extentreports/templates/spark/partials/navbar.ftl"
2023-09-13 18:04:56 DEBUG cache:45 – Couldn't find template in cache for "spark/partials/sidenav.ftl"("en_IN", UTF-8, parsed); will try to load it.
2023-09-13 18:04:56 DEBUG cache:45 – TemplateLoader.findTemplateSource("spark/partials/sidenav_en_IN.ftl"): Not found
2023-09-13 18:04:56 DEBUG cache:45 – TemplateLoader.findTemplateSource("spark/partials/sidenav_en.ftl"): Not found
2023-09-13 18:04:56 DEBUG cache:45 – TemplateLoader.findTemplateSource("spark/partials/sidenav.ftl"): Found
2023-09-13 18:04:56 DEBUG cache:45 – Loading template for "spark/partials/sidenav.ftl"("en_IN", UTF-8, parsed) from "jar:file:/C:/Users/asingh73/.m2/repository/com/aventstack/extentreports/5.0.9/extentreports-5.0.9.jar!/com/aventstack/extentreports/templates/spark/partials/sidenav.ftl"
2023-09-13 18:04:56 DEBUG cache:45 – Couldn't find template in cache for "spark/partials/test.ftl"("en_IN", UTF-8, parsed); will try to load it.
2023-09-13 18:04:56 DEBUG cache:45 – TemplateLoader.findTemplateSource("spark/partials/test_en_IN.ftl"): Not found
2023-09-13 18:04:56 DEBUG cache:45 – TemplateLoader.findTemplateSource("spark/partials/test_en.ftl"): Not found
2023-09-13 18:04:56 DEBUG cache:45 – TemplateLoader.findTemplateSource("spark/partials/test.ftl"): Found
2023-09-13 18:04:56 DEBUG cache:45 – Loading template for "spark/partials/test.ftl"("en_IN", UTF-8, parsed) from "jar:file:/C:/Users/asingh73/.m2/repository/com/aventstack/extentreports/5.0.9/extentreports-5.0.9.jar!/com/aventstack/extentreports/templates/spark/partials/test.ftl"
2023-09-13 18:04:56 DEBUG cache:45 – Couldn't find template in cache for "spark/partials/standard-content.ftl"("en_IN", UTF-8, parsed); will try to load it.
2023-09-13 18:04:56 DEBUG cache:45 – TemplateLoader.findTemplateSource("spark/partials/standard-content_en_IN.ftl"): Not found
2023-09-13 18:04:56 DEBUG cache:45 – TemplateLoader.findTemplateSource("spark/partials/standard-content_en.ftl"): Not found
2023-09-13 18:04:56 DEBUG cache:45 – TemplateLoader.findTemplateSource("spark/partials/standard-content.ftl"): Found
2023-09-13 18:04:56 DEBUG cache:45 – Loading template for "spark/partials/standard-content.ftl"("en_IN", UTF-8, parsed) from "jar:file:/C:/Users/asingh73/.m2/repository/com/aventstack/extentreports/5.0.9/extentreports-5.0.9.jar!/com/aventstack/extentreports/templates/spark/partials/standard-content.ftl"
2023-09-13 18:04:56 DEBUG cache:45 – "spark/partials/standard-content.ftl"("en_IN", UTF-8, parsed) cached copy not yet stale; using cached.
2023-09-13 18:04:56 DEBUG cache:45 – "spark/partials/standard-content.ftl"("en_IN", UTF-8, parsed) cached copy not yet stale; using cached.
2023-09-13 18:04:56 DEBUG cache:45 – Couldn't find template in cache for "spark/partials/exception.ftl"("en_IN", UTF-8, parsed); will try to load it.
2023-09-13 18:04:56 DEBUG cache:45 – TemplateLoader.findTemplateSource("spark/partials/exception_en_IN.ftl"): Not found
2023-09-13 18:04:56 DEBUG cache:45 – TemplateLoader.findTemplateSource("spark/partials/exception_en.ftl"): Not found
2023-09-13 18:04:56 DEBUG cache:45 – TemplateLoader.findTemplateSource("spark/partials/exception.ftl"): Found
2023-09-13 18:04:56 DEBUG cache:45 – Loading template for "spark/partials/exception.ftl"("en_IN", UTF-8, parsed) from "jar:file:/C:/Users/asingh73/.m2/repository/com/aventstack/extentreports/5.0.9/extentreports-5.0.9.jar!/com/aventstack/extentreports/templates/spark/partials/exception.ftl"
2023-09-13 18:04:56 DEBUG cache:45 – Couldn't find template in cache for "spark/partials/category.ftl"("en_IN", UTF-8, parsed); will try to load it.
2023-09-13 18:04:56 DEBUG cache:45 – TemplateLoader.findTemplateSource("spark/partials/category_en_IN.ftl"): Not found
2023-09-13 18:04:56 DEBUG cache:45 – TemplateLoader.findTemplateSource("spark/partials/category_en.ftl"): Not found
2023-09-13 18:04:56 DEBUG cache:45 – TemplateLoader.findTemplateSource("spark/partials/category.ftl"): Found
2023-09-13 18:04:56 DEBUG cache:45 – Loading template for "spark/partials/category.ftl"("en_IN", UTF-8, parsed) from "jar:file:/C:/Users/asingh73/.m2/repository/com/aventstack/extentreports/5.0.9/extentreports-5.0.9.jar!/com/aventstack/extentreports/templates/spark/partials/category.ftl"
2023-09-13 18:04:56 DEBUG cache:45 – Couldn't find template in cache for "spark/partials/device.ftl"("en_IN", UTF-8, parsed); will try to load it.
2023-09-13 18:04:56 DEBUG cache:45 – TemplateLoader.findTemplateSource("spark/partials/device_en_IN.ftl"): Not found
2023-09-13 18:04:56 DEBUG cache:45 – TemplateLoader.findTemplateSource("spark/partials/device_en.ftl"): Not found
2023-09-13 18:04:56 DEBUG cache:45 – TemplateLoader.findTemplateSource("spark/partials/device.ftl"): Found
2023-09-13 18:04:56 DEBUG cache:45 – Loading template for "spark/partials/device.ftl"("en_IN", UTF-8, parsed) from "jar:file:/C:/Users/asingh73/.m2/repository/com/aventstack/extentreports/5.0.9/extentreports-5.0.9.jar!/com/aventstack/extentreports/templates/spark/partials/device.ftl"
2023-09-13 18:04:56 DEBUG cache:45 – Couldn't find template in cache for "spark/partials/author.ftl"("en_IN", UTF-8, parsed); will try to load it.
2023-09-13 18:04:56 DEBUG cache:45 – TemplateLoader.findTemplateSource("spark/partials/author_en_IN.ftl"): Not found
2023-09-13 18:04:56 DEBUG cache:45 – TemplateLoader.findTemplateSource("spark/partials/author_en.ftl"): Not found
2023-09-13 18:04:56 DEBUG cache:45 – TemplateLoader.findTemplateSource("spark/partials/author.ftl"): Found
2023-09-13 18:04:56 DEBUG cache:45 – Loading template for "spark/partials/author.ftl"("en_IN", UTF-8, parsed) from "jar:file:/C:/Users/asingh73/.m2/repository/com/aventstack/extentreports/5.0.9/extentreports-5.0.9.jar!/com/aventstack/extentreports/templates/spark/partials/author.ftl"
2023-09-13 18:04:56 DEBUG cache:45 – Couldn't find template in cache for "spark/partials/log.ftl"("en_IN", UTF-8, parsed); will try to load it.
2023-09-13 18:04:56 DEBUG cache:45 – TemplateLoader.findTemplateSource("spark/partials/log_en_IN.ftl"): Not found
2023-09-13 18:04:56 DEBUG cache:45 – TemplateLoader.findTemplateSource("spark/partials/log_en.ftl"): Not found
2023-09-13 18:04:56 DEBUG cache:45 – TemplateLoader.findTemplateSource("spark/partials/log.ftl"): Found
2023-09-13 18:04:56 DEBUG cache:45 – Loading template for "spark/partials/log.ftl"("en_IN", UTF-8, parsed) from "jar:file:/C:/Users/asingh73/.m2/repository/com/aventstack/extentreports/5.0.9/extentreports-5.0.9.jar!/com/aventstack/extentreports/templates/spark/partials/log.ftl"
2023-09-13 18:04:56 DEBUG cache:45 – Couldn't find template in cache for "spark/partials/dashboard.ftl"("en_IN", UTF-8, parsed); will try to load it.
2023-09-13 18:04:56 DEBUG cache:45 – TemplateLoader.findTemplateSource("spark/partials/dashboard_en_IN.ftl"): Not found
2023-09-13 18:04:56 DEBUG cache:45 – TemplateLoader.findTemplateSource("spark/partials/dashboard_en.ftl"): Not found
2023-09-13 18:04:56 DEBUG cache:45 – TemplateLoader.findTemplateSource("spark/partials/dashboard.ftl"): Found
2023-09-13 18:04:56 DEBUG cache:45 – Loading template for "spark/partials/dashboard.ftl"("en_IN", UTF-8, parsed) from "jar:file:/C:/Users/asingh73/.m2/repository/com/aventstack/extentreports/5.0.9/extentreports-5.0.9.jar!/com/aventstack/extentreports/templates/spark/partials/dashboard.ftl"
2023-09-13 18:04:56 DEBUG cache:45 – Couldn't find template in cache for "spark/partials/scripts.ftl"("en_IN", UTF-8, parsed); will try to load it.
2023-09-13 18:04:56 DEBUG cache:45 – TemplateLoader.findTemplateSource("spark/partials/scripts_en_IN.ftl"): Not found
2023-09-13 18:04:56 DEBUG cache:45 – TemplateLoader.findTemplateSource("spark/partials/scripts_en.ftl"): Not found
2023-09-13 18:04:56 DEBUG cache:45 – TemplateLoader.findTemplateSource("spark/partials/scripts.ftl"): Found
2023-09-13 18:04:56 DEBUG cache:45 – Loading template for "spark/partials/scripts.ftl"("en_IN", UTF-8, parsed) from "jar:file:/C:/Users/asingh73/.m2/repository/com/aventstack/extentreports/5.0.9/extentreports-5.0.9.jar!/com/aventstack/extentreports/templates/spark/partials/scripts.ftl"
2023-09-13 18:04:56 DEBUG cache:45 – Couldn't find template in cache for "commons/commons-inject-js.ftl"("en_IN", UTF-8, parsed); will try to load it.
2023-09-13 18:04:56 DEBUG cache:45 – TemplateLoader.findTemplateSource("commons/commons-inject-js_en_IN.ftl"): Not found
2023-09-13 18:04:56 DEBUG cache:45 – TemplateLoader.findTemplateSource("commons/commons-inject-js_en.ftl"): Not found
2023-09-13 18:04:56 DEBUG cache:45 – TemplateLoader.findTemplateSource("commons/commons-inject-js.ftl"): Found
2023-09-13 18:04:56 DEBUG cache:45 – Loading template for "commons/commons-inject-js.ftl"("en_IN", UTF-8, parsed) from "jar:file:/C:/Users/asingh73/.m2/repository/com/aventstack/extentreports/5.0.9/extentreports-5.0.9.jar!/com/aventstack/extentreports/templates/commons/commons-inject-js.ftl"
2023-09-13 18:08:00 INFO  Demo:20 – User name provided
2023-09-13 18:08:00 INFO  Demo:22 – Password name provided
2023-09-13 18:08:05 INFO  Demo:20 – User name provided
2023-09-13 18:08:06 INFO  Demo:22 – Password name provided
2023-09-13 18:08:11 INFO  Demo:20 – User name provided
2023-09-13 18:08:11 INFO  Demo:22 – Password name provided
2023-09-13 18:08:15 INFO  Demo:37 – Login Passed
2023-09-13 18:08:20 DEBUG cache:45 – Couldn't find template in cache for "spark/spark.spa.ftl"("en_IN", UTF-8, parsed); will try to load it.
2023-09-13 18:08:20 DEBUG cache:45 – TemplateLoader.findTemplateSource("spark/spark.spa_en_IN.ftl"): Not found
2023-09-13 18:08:20 DEBUG cache:45 – TemplateLoader.findTemplateSource("spark/spark.spa_en.ftl"): Not found
2023-09-13 18:08:20 DEBUG cache:45 – TemplateLoader.findTemplateSource("spark/spark.spa.ftl"): Found
2023-09-13 18:08:20 DEBUG cache:45 – Loading template for "spark/spark.spa.ftl"("en_IN", UTF-8, parsed) from "jar:file:/C:/Users/asingh73/.m2/repository/com/aventstack/extentreports/5.0.9/extentreports-5.0.9.jar!/com/aventstack/extentreports/templates/spark/spark.spa.ftl"
2023-09-13 18:08:20 DEBUG cache:45 – Couldn't find template in cache for "commons/commons-variables.ftl"("en_IN", UTF-8, parsed); will try to load it.
2023-09-13 18:08:20 DEBUG cache:45 – TemplateLoader.findTemplateSource("commons/commons-variables_en_IN.ftl"): Not found
2023-09-13 18:08:20 DEBUG cache:45 – TemplateLoader.findTemplateSource("commons/commons-variables_en.ftl"): Not found
2023-09-13 18:08:20 DEBUG cache:45 – TemplateLoader.findTemplateSource("commons/commons-variables.ftl"): Found
2023-09-13 18:08:20 DEBUG cache:45 – Loading template for "commons/commons-variables.ftl"("en_IN", UTF-8, parsed) from "jar:file:/C:/Users/asingh73/.m2/repository/com/aventstack/extentreports/5.0.9/extentreports-5.0.9.jar!/com/aventstack/extentreports/templates/commons/commons-variables.ftl"
2023-09-13 18:08:20 DEBUG cache:45 – Couldn't find template in cache for "commons/commons-macros.ftl"("en_IN", UTF-8, parsed); will try to load it.
2023-09-13 18:08:20 DEBUG cache:45 – TemplateLoader.findTemplateSource("commons/commons-macros_en_IN.ftl"): Not found
2023-09-13 18:08:20 DEBUG cache:45 – TemplateLoader.findTemplateSource("commons/commons-macros_en.ftl"): Not found
2023-09-13 18:08:20 DEBUG cache:45 – TemplateLoader.findTemplateSource("commons/commons-macros.ftl"): Found
2023-09-13 18:08:20 DEBUG cache:45 – Loading template for "commons/commons-macros.ftl"("en_IN", UTF-8, parsed) from "jar:file:/C:/Users/asingh73/.m2/repository/com/aventstack/extentreports/5.0.9/extentreports-5.0.9.jar!/com/aventstack/extentreports/templates/commons/commons-macros.ftl"
2023-09-13 18:08:20 DEBUG cache:45 – Couldn't find template in cache for "spark/macros/attributes.ftl"("en_IN", UTF-8, parsed); will try to load it.
2023-09-13 18:08:20 DEBUG cache:45 – TemplateLoader.findTemplateSource("spark/macros/attributes_en_IN.ftl"): Not found
2023-09-13 18:08:20 DEBUG cache:45 – TemplateLoader.findTemplateSource("spark/macros/attributes_en.ftl"): Not found
2023-09-13 18:08:20 DEBUG cache:45 – TemplateLoader.findTemplateSource("spark/macros/attributes.ftl"): Found
2023-09-13 18:08:20 DEBUG cache:45 – Loading template for "spark/macros/attributes.ftl"("en_IN", UTF-8, parsed) from "jar:file:/C:/Users/asingh73/.m2/repository/com/aventstack/extentreports/5.0.9/extentreports-5.0.9.jar!/com/aventstack/extentreports/templates/spark/macros/attributes.ftl"
2023-09-13 18:08:20 DEBUG cache:45 – Couldn't find template in cache for "spark/macros/log.ftl"("en_IN", UTF-8, parsed); will try to load it.
2023-09-13 18:08:20 DEBUG cache:45 – TemplateLoader.findTemplateSource("spark/macros/log_en_IN.ftl"): Not found
2023-09-13 18:08:20 DEBUG cache:45 – TemplateLoader.findTemplateSource("spark/macros/log_en.ftl"): Not found
2023-09-13 18:08:20 DEBUG cache:45 – TemplateLoader.findTemplateSource("spark/macros/log.ftl"): Found
2023-09-13 18:08:20 DEBUG cache:45 – Loading template for "spark/macros/log.ftl"("en_IN", UTF-8, parsed) from "jar:file:/C:/Users/asingh73/.m2/repository/com/aventstack/extentreports/5.0.9/extentreports-5.0.9.jar!/com/aventstack/extentreports/templates/spark/macros/log.ftl"
2023-09-13 18:08:20 DEBUG cache:45 – Couldn't find template in cache for "spark/macros/recurse_nodes.ftl"("en_IN", UTF-8, parsed); will try to load it.
2023-09-13 18:08:20 DEBUG cache:45 – TemplateLoader.findTemplateSource("spark/macros/recurse_nodes_en_IN.ftl"): Not found
2023-09-13 18:08:20 DEBUG cache:45 – TemplateLoader.findTemplateSource("spark/macros/recurse_nodes_en.ftl"): Not found
2023-09-13 18:08:20 DEBUG cache:45 – TemplateLoader.findTemplateSource("spark/macros/recurse_nodes.ftl"): Found
2023-09-13 18:08:20 DEBUG cache:45 – Loading template for "spark/macros/recurse_nodes.ftl"("en_IN", UTF-8, parsed) from "jar:file:/C:/Users/asingh73/.m2/repository/com/aventstack/extentreports/5.0.9/extentreports-5.0.9.jar!/com/aventstack/extentreports/templates/spark/macros/recurse_nodes.ftl"
2023-09-13 18:08:20 DEBUG cache:45 – "spark/macros/log.ftl"("en_IN", UTF-8, parsed) cached copy not yet stale; using cached.
2023-09-13 18:08:20 DEBUG cache:45 – Couldn't find template in cache for "spark/macros/attr-common.ftl"("en_IN", UTF-8, parsed); will try to load it.
2023-09-13 18:08:20 DEBUG cache:45 – TemplateLoader.findTemplateSource("spark/macros/attr-common_en_IN.ftl"): Not found
2023-09-13 18:08:20 DEBUG cache:45 – TemplateLoader.findTemplateSource("spark/macros/attr-common_en.ftl"): Not found
2023-09-13 18:08:20 DEBUG cache:45 – TemplateLoader.findTemplateSource("spark/macros/attr-common.ftl"): Found
2023-09-13 18:08:20 DEBUG cache:45 – Loading template for "spark/macros/attr-common.ftl"("en_IN", UTF-8, parsed) from "jar:file:/C:/Users/asingh73/.m2/repository/com/aventstack/extentreports/5.0.9/extentreports-5.0.9.jar!/com/aventstack/extentreports/templates/spark/macros/attr-common.ftl"
2023-09-13 18:08:20 DEBUG cache:45 – Couldn't find template in cache for "spark/partials/head.ftl"("en_IN", UTF-8, parsed); will try to load it.
2023-09-13 18:08:20 DEBUG cache:45 – TemplateLoader.findTemplateSource("spark/partials/head_en_IN.ftl"): Not found
2023-09-13 18:08:20 DEBUG cache:45 – TemplateLoader.findTemplateSource("spark/partials/head_en.ftl"): Not found
2023-09-13 18:08:20 DEBUG cache:45 – TemplateLoader.findTemplateSource("spark/partials/head.ftl"): Found
2023-09-13 18:08:20 DEBUG cache:45 – Loading template for "spark/partials/head.ftl"("en_IN", UTF-8, parsed) from "jar:file:/C:/Users/asingh73/.m2/repository/com/aventstack/extentreports/5.0.9/extentreports-5.0.9.jar!/com/aventstack/extentreports/templates/spark/partials/head.ftl"
2023-09-13 18:08:20 DEBUG cache:45 – Couldn't find template in cache for "commons/commons-inject-css.ftl"("en_IN", UTF-8, parsed); will try to load it.
2023-09-13 18:08:20 DEBUG cache:45 – TemplateLoader.findTemplateSource("commons/commons-inject-css_en_IN.ftl"): Not found
2023-09-13 18:08:20 DEBUG cache:45 – TemplateLoader.findTemplateSource("commons/commons-inject-css_en.ftl"): Not found
2023-09-13 18:08:20 DEBUG cache:45 – TemplateLoader.findTemplateSource("commons/commons-inject-css.ftl"): Found
2023-09-13 18:08:20 DEBUG cache:45 – Loading template for "commons/commons-inject-css.ftl"("en_IN", UTF-8, parsed) from "jar:file:/C:/Users/asingh73/.m2/repository/com/aventstack/extentreports/5.0.9/extentreports-5.0.9.jar!/com/aventstack/extentreports/templates/commons/commons-inject-css.ftl"
2023-09-13 18:08:20 DEBUG cache:45 – Couldn't find template in cache for "spark/partials/navbar.ftl"("en_IN", UTF-8, parsed); will try to load it.
2023-09-13 18:08:20 DEBUG cache:45 – TemplateLoader.findTemplateSource("spark/partials/navbar_en_IN.ftl"): Not found
2023-09-13 18:08:20 DEBUG cache:45 – TemplateLoader.findTemplateSource("spark/partials/navbar_en.ftl"): Not found
2023-09-13 18:08:20 DEBUG cache:45 – TemplateLoader.findTemplateSource("spark/partials/navbar.ftl"): Found
2023-09-13 18:08:20 DEBUG cache:45 – Loading template for "spark/partials/navbar.ftl"("en_IN", UTF-8, parsed) from "jar:file:/C:/Users/asingh73/.m2/repository/com/aventstack/extentreports/5.0.9/extentreports-5.0.9.jar!/com/aventstack/extentreports/templates/spark/partials/navbar.ftl"
2023-09-13 18:08:20 DEBUG cache:45 – Couldn't find template in cache for "spark/partials/sidenav.ftl"("en_IN", UTF-8, parsed); will try to load it.
2023-09-13 18:08:20 DEBUG cache:45 – TemplateLoader.findTemplateSource("spark/partials/sidenav_en_IN.ftl"): Not found
2023-09-13 18:08:20 DEBUG cache:45 – TemplateLoader.findTemplateSource("spark/partials/sidenav_en.ftl"): Not found
2023-09-13 18:08:20 DEBUG cache:45 – TemplateLoader.findTemplateSource("spark/partials/sidenav.ftl"): Found
2023-09-13 18:08:20 DEBUG cache:45 – Loading template for "spark/partials/sidenav.ftl"("en_IN", UTF-8, parsed) from "jar:file:/C:/Users/asingh73/.m2/repository/com/aventstack/extentreports/5.0.9/extentreports-5.0.9.jar!/com/aventstack/extentreports/templates/spark/partials/sidenav.ftl"
2023-09-13 18:08:20 DEBUG cache:45 – Couldn't find template in cache for "spark/partials/test.ftl"("en_IN", UTF-8, parsed); will try to load it.
2023-09-13 18:08:20 DEBUG cache:45 – TemplateLoader.findTemplateSource("spark/partials/test_en_IN.ftl"): Not found
2023-09-13 18:08:20 DEBUG cache:45 – TemplateLoader.findTemplateSource("spark/partials/test_en.ftl"): Not found
2023-09-13 18:08:20 DEBUG cache:45 – TemplateLoader.findTemplateSource("spark/partials/test.ftl"): Found
2023-09-13 18:08:20 DEBUG cache:45 – Loading template for "spark/partials/test.ftl"("en_IN", UTF-8, parsed) from "jar:file:/C:/Users/asingh73/.m2/repository/com/aventstack/extentreports/5.0.9/extentreports-5.0.9.jar!/com/aventstack/extentreports/templates/spark/partials/test.ftl"
2023-09-13 18:08:20 DEBUG cache:45 – Couldn't find template in cache for "spark/partials/standard-content.ftl"("en_IN", UTF-8, parsed); will try to load it.
2023-09-13 18:08:20 DEBUG cache:45 – TemplateLoader.findTemplateSource("spark/partials/standard-content_en_IN.ftl"): Not found
2023-09-13 18:08:20 DEBUG cache:45 – TemplateLoader.findTemplateSource("spark/partials/standard-content_en.ftl"): Not found
2023-09-13 18:08:20 DEBUG cache:45 – TemplateLoader.findTemplateSource("spark/partials/standard-content.ftl"): Found
2023-09-13 18:08:20 DEBUG cache:45 – Loading template for "spark/partials/standard-content.ftl"("en_IN", UTF-8, parsed) from "jar:file:/C:/Users/asingh73/.m2/repository/com/aventstack/extentreports/5.0.9/extentreports-5.0.9.jar!/com/aventstack/extentreports/templates/spark/partials/standard-content.ftl"
2023-09-13 18:08:20 DEBUG cache:45 – "spark/partials/standard-content.ftl"("en_IN", UTF-8, parsed) cached copy not yet stale; using cached.
2023-09-13 18:08:20 DEBUG cache:45 – "spark/partials/standard-content.ftl"("en_IN", UTF-8, parsed) cached copy not yet stale; using cached.
2023-09-13 18:08:20 DEBUG cache:45 – Couldn't find template in cache for "spark/partials/exception.ftl"("en_IN", UTF-8, parsed); will try to load it.
2023-09-13 18:08:20 DEBUG cache:45 – TemplateLoader.findTemplateSource("spark/partials/exception_en_IN.ftl"): Not found
2023-09-13 18:08:20 DEBUG cache:45 – TemplateLoader.findTemplateSource("spark/partials/exception_en.ftl"): Not found
2023-09-13 18:08:20 DEBUG cache:45 – TemplateLoader.findTemplateSource("spark/partials/exception.ftl"): Found
2023-09-13 18:08:20 DEBUG cache:45 – Loading template for "spark/partials/exception.ftl"("en_IN", UTF-8, parsed) from "jar:file:/C:/Users/asingh73/.m2/repository/com/aventstack/extentreports/5.0.9/extentreports-5.0.9.jar!/com/aventstack/extentreports/templates/spark/partials/exception.ftl"
2023-09-13 18:08:20 DEBUG cache:45 – Couldn't find template in cache for "spark/partials/category.ftl"("en_IN", UTF-8, parsed); will try to load it.
2023-09-13 18:08:20 DEBUG cache:45 – TemplateLoader.findTemplateSource("spark/partials/category_en_IN.ftl"): Not found
2023-09-13 18:08:20 DEBUG cache:45 – TemplateLoader.findTemplateSource("spark/partials/category_en.ftl"): Not found
2023-09-13 18:08:20 DEBUG cache:45 – TemplateLoader.findTemplateSource("spark/partials/category.ftl"): Found
2023-09-13 18:08:20 DEBUG cache:45 – Loading template for "spark/partials/category.ftl"("en_IN", UTF-8, parsed) from "jar:file:/C:/Users/asingh73/.m2/repository/com/aventstack/extentreports/5.0.9/extentreports-5.0.9.jar!/com/aventstack/extentreports/templates/spark/partials/category.ftl"
2023-09-13 18:08:20 DEBUG cache:45 – Couldn't find template in cache for "spark/partials/device.ftl"("en_IN", UTF-8, parsed); will try to load it.
2023-09-13 18:08:20 DEBUG cache:45 – TemplateLoader.findTemplateSource("spark/partials/device_en_IN.ftl"): Not found
2023-09-13 18:08:20 DEBUG cache:45 – TemplateLoader.findTemplateSource("spark/partials/device_en.ftl"): Not found
2023-09-13 18:08:20 DEBUG cache:45 – TemplateLoader.findTemplateSource("spark/partials/device.ftl"): Found
2023-09-13 18:08:20 DEBUG cache:45 – Loading template for "spark/partials/device.ftl"("en_IN", UTF-8, parsed) from "jar:file:/C:/Users/asingh73/.m2/repository/com/aventstack/extentreports/5.0.9/extentreports-5.0.9.jar!/com/aventstack/extentreports/templates/spark/partials/device.ftl"
2023-09-13 18:08:20 DEBUG cache:45 – Couldn't find template in cache for "spark/partials/author.ftl"("en_IN", UTF-8, parsed); will try to load it.
2023-09-13 18:08:20 DEBUG cache:45 – TemplateLoader.findTemplateSource("spark/partials/author_en_IN.ftl"): Not found
2023-09-13 18:08:20 DEBUG cache:45 – TemplateLoader.findTemplateSource("spark/partials/author_en.ftl"): Not found
2023-09-13 18:08:20 DEBUG cache:45 – TemplateLoader.findTemplateSource("spark/partials/author.ftl"): Found
2023-09-13 18:08:20 DEBUG cache:45 – Loading template for "spark/partials/author.ftl"("en_IN", UTF-8, parsed) from "jar:file:/C:/Users/asingh73/.m2/repository/com/aventstack/extentreports/5.0.9/extentreports-5.0.9.jar!/com/aventstack/extentreports/templates/spark/partials/author.ftl"
2023-09-13 18:08:20 DEBUG cache:45 – Couldn't find template in cache for "spark/partials/log.ftl"("en_IN", UTF-8, parsed); will try to load it.
2023-09-13 18:08:20 DEBUG cache:45 – TemplateLoader.findTemplateSource("spark/partials/log_en_IN.ftl"): Not found
2023-09-13 18:08:20 DEBUG cache:45 – TemplateLoader.findTemplateSource("spark/partials/log_en.ftl"): Not found
2023-09-13 18:08:20 DEBUG cache:45 – TemplateLoader.findTemplateSource("spark/partials/log.ftl"): Found
2023-09-13 18:08:20 DEBUG cache:45 – Loading template for "spark/partials/log.ftl"("en_IN", UTF-8, parsed) from "jar:file:/C:/Users/asingh73/.m2/repository/com/aventstack/extentreports/5.0.9/extentreports-5.0.9.jar!/com/aventstack/extentreports/templates/spark/partials/log.ftl"
2023-09-13 18:08:20 DEBUG cache:45 – Couldn't find template in cache for "spark/partials/dashboard.ftl"("en_IN", UTF-8, parsed); will try to load it.
2023-09-13 18:08:20 DEBUG cache:45 – TemplateLoader.findTemplateSource("spark/partials/dashboard_en_IN.ftl"): Not found
2023-09-13 18:08:20 DEBUG cache:45 – TemplateLoader.findTemplateSource("spark/partials/dashboard_en.ftl"): Not found
2023-09-13 18:08:20 DEBUG cache:45 – TemplateLoader.findTemplateSource("spark/partials/dashboard.ftl"): Found
2023-09-13 18:08:20 DEBUG cache:45 – Loading template for "spark/partials/dashboard.ftl"("en_IN", UTF-8, parsed) from "jar:file:/C:/Users/asingh73/.m2/repository/com/aventstack/extentreports/5.0.9/extentreports-5.0.9.jar!/com/aventstack/extentreports/templates/spark/partials/dashboard.ftl"
2023-09-13 18:08:20 DEBUG cache:45 – Couldn't find template in cache for "spark/partials/scripts.ftl"("en_IN", UTF-8, parsed); will try to load it.
2023-09-13 18:08:20 DEBUG cache:45 – TemplateLoader.findTemplateSource("spark/partials/scripts_en_IN.ftl"): Not found
2023-09-13 18:08:20 DEBUG cache:45 – TemplateLoader.findTemplateSource("spark/partials/scripts_en.ftl"): Not found
2023-09-13 18:08:20 DEBUG cache:45 – TemplateLoader.findTemplateSource("spark/partials/scripts.ftl"): Found
2023-09-13 18:08:20 DEBUG cache:45 – Loading template for "spark/partials/scripts.ftl"("en_IN", UTF-8, parsed) from "jar:file:/C:/Users/asingh73/.m2/repository/com/aventstack/extentreports/5.0.9/extentreports-5.0.9.jar!/com/aventstack/extentreports/templates/spark/partials/scripts.ftl"
2023-09-13 18:08:20 DEBUG cache:45 – Couldn't find template in cache for "commons/commons-inject-js.ftl"("en_IN", UTF-8, parsed); will try to load it.
2023-09-13 18:08:20 DEBUG cache:45 – TemplateLoader.findTemplateSource("commons/commons-inject-js_en_IN.ftl"): Not found
2023-09-13 18:08:20 DEBUG cache:45 – TemplateLoader.findTemplateSource("commons/commons-inject-js_en.ftl"): Not found
2023-09-13 18:08:20 DEBUG cache:45 – TemplateLoader.findTemplateSource("commons/commons-inject-js.ftl"): Found
2023-09-13 18:08:20 DEBUG cache:45 – Loading template for "commons/commons-inject-js.ftl"("en_IN", UTF-8, parsed) from "jar:file:/C:/Users/asingh73/.m2/repository/com/aventstack/extentreports/5.0.9/extentreports-5.0.9.jar!/com/aventstack/extentreports/templates/commons/commons-inject-js.ftl"
2023-09-13 18:10:31 INFO  Demo:20 – User name provided
2023-09-13 18:10:31 INFO  Demo:22 – Password name provided
2023-09-13 18:10:35 INFO  Demo:20 – User name provided
2023-09-13 18:10:35 INFO  Demo:22 – Password name provided
2023-09-13 18:10:41 INFO  Demo:20 – User name provided
2023-09-13 18:10:41 INFO  Demo:22 – Password name provided
2023-09-13 18:10:45 INFO  Demo:37 – Login Passed
2023-09-13 18:11:29 INFO  Demo:20 – User name provided
2023-09-13 18:11:29 INFO  Demo:22 – Password name provided
2023-09-13 18:11:34 INFO  Demo:20 – User name provided
2023-09-13 18:11:34 INFO  Demo:22 – Password name provided
2023-09-13 18:11:39 INFO  Demo:20 – User name provided
2023-09-13 18:11:39 INFO  Demo:22 – Password name provided
2023-09-13 18:11:43 INFO  Demo:37 – Login Passed
2023-09-13 18:11:47 DEBUG cache:45 – Couldn't find template in cache for "spark/spark.spa.ftl"("en_IN", UTF-8, parsed); will try to load it.
2023-09-13 18:11:47 DEBUG cache:45 – TemplateLoader.findTemplateSource("spark/spark.spa_en_IN.ftl"): Not found
2023-09-13 18:11:47 DEBUG cache:45 – TemplateLoader.findTemplateSource("spark/spark.spa_en.ftl"): Not found
2023-09-13 18:11:47 DEBUG cache:45 – TemplateLoader.findTemplateSource("spark/spark.spa.ftl"): Found
2023-09-13 18:11:47 DEBUG cache:45 – Loading template for "spark/spark.spa.ftl"("en_IN", UTF-8, parsed) from "jar:file:/C:/Users/asingh73/.m2/repository/com/aventstack/extentreports/5.0.9/extentreports-5.0.9.jar!/com/aventstack/extentreports/templates/spark/spark.spa.ftl"
2023-09-13 18:11:47 DEBUG cache:45 – Couldn't find template in cache for "commons/commons-variables.ftl"("en_IN", UTF-8, parsed); will try to load it.
2023-09-13 18:11:47 DEBUG cache:45 – TemplateLoader.findTemplateSource("commons/commons-variables_en_IN.ftl"): Not found
2023-09-13 18:11:47 DEBUG cache:45 – TemplateLoader.findTemplateSource("commons/commons-variables_en.ftl"): Not found
2023-09-13 18:11:47 DEBUG cache:45 – TemplateLoader.findTemplateSource("commons/commons-variables.ftl"): Found
2023-09-13 18:11:47 DEBUG cache:45 – Loading template for "commons/commons-variables.ftl"("en_IN", UTF-8, parsed) from "jar:file:/C:/Users/asingh73/.m2/repository/com/aventstack/extentreports/5.0.9/extentreports-5.0.9.jar!/com/aventstack/extentreports/templates/commons/commons-variables.ftl"
2023-09-13 18:11:47 DEBUG cache:45 – Couldn't find template in cache for "commons/commons-macros.ftl"("en_IN", UTF-8, parsed); will try to load it.
2023-09-13 18:11:47 DEBUG cache:45 – TemplateLoader.findTemplateSource("commons/commons-macros_en_IN.ftl"): Not found
2023-09-13 18:11:47 DEBUG cache:45 – TemplateLoader.findTemplateSource("commons/commons-macros_en.ftl"): Not found
2023-09-13 18:11:47 DEBUG cache:45 – TemplateLoader.findTemplateSource("commons/commons-macros.ftl"): Found
2023-09-13 18:11:47 DEBUG cache:45 – Loading template for "commons/commons-macros.ftl"("en_IN", UTF-8, parsed) from "jar:file:/C:/Users/asingh73/.m2/repository/com/aventstack/extentreports/5.0.9/extentreports-5.0.9.jar!/com/aventstack/extentreports/templates/commons/commons-macros.ftl"
2023-09-13 18:11:47 DEBUG cache:45 – Couldn't find template in cache for "spark/macros/attributes.ftl"("en_IN", UTF-8, parsed); will try to load it.
2023-09-13 18:11:47 DEBUG cache:45 – TemplateLoader.findTemplateSource("spark/macros/attributes_en_IN.ftl"): Not found
2023-09-13 18:11:47 DEBUG cache:45 – TemplateLoader.findTemplateSource("spark/macros/attributes_en.ftl"): Not found
2023-09-13 18:11:47 DEBUG cache:45 – TemplateLoader.findTemplateSource("spark/macros/attributes.ftl"): Found
2023-09-13 18:11:47 DEBUG cache:45 – Loading template for "spark/macros/attributes.ftl"("en_IN", UTF-8, parsed) from "jar:file:/C:/Users/asingh73/.m2/repository/com/aventstack/extentreports/5.0.9/extentreports-5.0.9.jar!/com/aventstack/extentreports/templates/spark/macros/attributes.ftl"
2023-09-13 18:11:47 DEBUG cache:45 – Couldn't find template in cache for "spark/macros/log.ftl"("en_IN", UTF-8, parsed); will try to load it.
2023-09-13 18:11:47 DEBUG cache:45 – TemplateLoader.findTemplateSource("spark/macros/log_en_IN.ftl"): Not found
2023-09-13 18:11:47 DEBUG cache:45 – TemplateLoader.findTemplateSource("spark/macros/log_en.ftl"): Not found
2023-09-13 18:11:47 DEBUG cache:45 – TemplateLoader.findTemplateSource("spark/macros/log.ftl"): Found
2023-09-13 18:11:47 DEBUG cache:45 – Loading template for "spark/macros/log.ftl"("en_IN", UTF-8, parsed) from "jar:file:/C:/Users/asingh73/.m2/repository/com/aventstack/extentreports/5.0.9/extentreports-5.0.9.jar!/com/aventstack/extentreports/templates/spark/macros/log.ftl"
2023-09-13 18:11:47 DEBUG cache:45 – Couldn't find template in cache for "spark/macros/recurse_nodes.ftl"("en_IN", UTF-8, parsed); will try to load it.
2023-09-13 18:11:47 DEBUG cache:45 – TemplateLoader.findTemplateSource("spark/macros/recurse_nodes_en_IN.ftl"): Not found
2023-09-13 18:11:47 DEBUG cache:45 – TemplateLoader.findTemplateSource("spark/macros/recurse_nodes_en.ftl"): Not found
2023-09-13 18:11:47 DEBUG cache:45 – TemplateLoader.findTemplateSource("spark/macros/recurse_nodes.ftl"): Found
2023-09-13 18:11:47 DEBUG cache:45 – Loading template for "spark/macros/recurse_nodes.ftl"("en_IN", UTF-8, parsed) from "jar:file:/C:/Users/asingh73/.m2/repository/com/aventstack/extentreports/5.0.9/extentreports-5.0.9.jar!/com/aventstack/extentreports/templates/spark/macros/recurse_nodes.ftl"
2023-09-13 18:11:47 DEBUG cache:45 – "spark/macros/log.ftl"("en_IN", UTF-8, parsed) cached copy not yet stale; using cached.
2023-09-13 18:11:47 DEBUG cache:45 – Couldn't find template in cache for "spark/macros/attr-common.ftl"("en_IN", UTF-8, parsed); will try to load it.
2023-09-13 18:11:47 DEBUG cache:45 – TemplateLoader.findTemplateSource("spark/macros/attr-common_en_IN.ftl"): Not found
2023-09-13 18:11:47 DEBUG cache:45 – TemplateLoader.findTemplateSource("spark/macros/attr-common_en.ftl"): Not found
2023-09-13 18:11:47 DEBUG cache:45 – TemplateLoader.findTemplateSource("spark/macros/attr-common.ftl"): Found
2023-09-13 18:11:47 DEBUG cache:45 – Loading template for "spark/macros/attr-common.ftl"("en_IN", UTF-8, parsed) from "jar:file:/C:/Users/asingh73/.m2/repository/com/aventstack/extentreports/5.0.9/extentreports-5.0.9.jar!/com/aventstack/extentreports/templates/spark/macros/attr-common.ftl"
2023-09-13 18:11:47 DEBUG cache:45 – Couldn't find template in cache for "spark/partials/head.ftl"("en_IN", UTF-8, parsed); will try to load it.
2023-09-13 18:11:47 DEBUG cache:45 – TemplateLoader.findTemplateSource("spark/partials/head_en_IN.ftl"): Not found
2023-09-13 18:11:47 DEBUG cache:45 – TemplateLoader.findTemplateSource("spark/partials/head_en.ftl"): Not found
2023-09-13 18:11:47 DEBUG cache:45 – TemplateLoader.findTemplateSource("spark/partials/head.ftl"): Found
2023-09-13 18:11:47 DEBUG cache:45 – Loading template for "spark/partials/head.ftl"("en_IN", UTF-8, parsed) from "jar:file:/C:/Users/asingh73/.m2/repository/com/aventstack/extentreports/5.0.9/extentreports-5.0.9.jar!/com/aventstack/extentreports/templates/spark/partials/head.ftl"
2023-09-13 18:11:47 DEBUG cache:45 – Couldn't find template in cache for "commons/commons-inject-css.ftl"("en_IN", UTF-8, parsed); will try to load it.
2023-09-13 18:11:47 DEBUG cache:45 – TemplateLoader.findTemplateSource("commons/commons-inject-css_en_IN.ftl"): Not found
2023-09-13 18:11:47 DEBUG cache:45 – TemplateLoader.findTemplateSource("commons/commons-inject-css_en.ftl"): Not found
2023-09-13 18:11:47 DEBUG cache:45 – TemplateLoader.findTemplateSource("commons/commons-inject-css.ftl"): Found
2023-09-13 18:11:47 DEBUG cache:45 – Loading template for "commons/commons-inject-css.ftl"("en_IN", UTF-8, parsed) from "jar:file:/C:/Users/asingh73/.m2/repository/com/aventstack/extentreports/5.0.9/extentreports-5.0.9.jar!/com/aventstack/extentreports/templates/commons/commons-inject-css.ftl"
2023-09-13 18:11:47 DEBUG cache:45 – Couldn't find template in cache for "spark/partials/navbar.ftl"("en_IN", UTF-8, parsed); will try to load it.
2023-09-13 18:11:47 DEBUG cache:45 – TemplateLoader.findTemplateSource("spark/partials/navbar_en_IN.ftl"): Not found
2023-09-13 18:11:47 DEBUG cache:45 – TemplateLoader.findTemplateSource("spark/partials/navbar_en.ftl"): Not found
2023-09-13 18:11:47 DEBUG cache:45 – TemplateLoader.findTemplateSource("spark/partials/navbar.ftl"): Found
2023-09-13 18:11:47 DEBUG cache:45 – Loading template for "spark/partials/navbar.ftl"("en_IN", UTF-8, parsed) from "jar:file:/C:/Users/asingh73/.m2/repository/com/aventstack/extentreports/5.0.9/extentreports-5.0.9.jar!/com/aventstack/extentreports/templates/spark/partials/navbar.ftl"
2023-09-13 18:11:47 DEBUG cache:45 – Couldn't find template in cache for "spark/partials/sidenav.ftl"("en_IN", UTF-8, parsed); will try to load it.
2023-09-13 18:11:47 DEBUG cache:45 – TemplateLoader.findTemplateSource("spark/partials/sidenav_en_IN.ftl"): Not found
2023-09-13 18:11:47 DEBUG cache:45 – TemplateLoader.findTemplateSource("spark/partials/sidenav_en.ftl"): Not found
2023-09-13 18:11:47 DEBUG cache:45 – TemplateLoader.findTemplateSource("spark/partials/sidenav.ftl"): Found
2023-09-13 18:11:47 DEBUG cache:45 – Loading template for "spark/partials/sidenav.ftl"("en_IN", UTF-8, parsed) from "jar:file:/C:/Users/asingh73/.m2/repository/com/aventstack/extentreports/5.0.9/extentreports-5.0.9.jar!/com/aventstack/extentreports/templates/spark/partials/sidenav.ftl"
2023-09-13 18:11:47 DEBUG cache:45 – Couldn't find template in cache for "spark/partials/test.ftl"("en_IN", UTF-8, parsed); will try to load it.
2023-09-13 18:11:47 DEBUG cache:45 – TemplateLoader.findTemplateSource("spark/partials/test_en_IN.ftl"): Not found
2023-09-13 18:11:47 DEBUG cache:45 – TemplateLoader.findTemplateSource("spark/partials/test_en.ftl"): Not found
2023-09-13 18:11:47 DEBUG cache:45 – TemplateLoader.findTemplateSource("spark/partials/test.ftl"): Found
2023-09-13 18:11:47 DEBUG cache:45 – Loading template for "spark/partials/test.ftl"("en_IN", UTF-8, parsed) from "jar:file:/C:/Users/asingh73/.m2/repository/com/aventstack/extentreports/5.0.9/extentreports-5.0.9.jar!/com/aventstack/extentreports/templates/spark/partials/test.ftl"
2023-09-13 18:11:47 DEBUG cache:45 – Couldn't find template in cache for "spark/partials/standard-content.ftl"("en_IN", UTF-8, parsed); will try to load it.
2023-09-13 18:11:47 DEBUG cache:45 – TemplateLoader.findTemplateSource("spark/partials/standard-content_en_IN.ftl"): Not found
2023-09-13 18:11:47 DEBUG cache:45 – TemplateLoader.findTemplateSource("spark/partials/standard-content_en.ftl"): Not found
2023-09-13 18:11:47 DEBUG cache:45 – TemplateLoader.findTemplateSource("spark/partials/standard-content.ftl"): Found
2023-09-13 18:11:47 DEBUG cache:45 – Loading template for "spark/partials/standard-content.ftl"("en_IN", UTF-8, parsed) from "jar:file:/C:/Users/asingh73/.m2/repository/com/aventstack/extentreports/5.0.9/extentreports-5.0.9.jar!/com/aventstack/extentreports/templates/spark/partials/standard-content.ftl"
2023-09-13 18:11:47 DEBUG cache:45 – "spark/partials/standard-content.ftl"("en_IN", UTF-8, parsed) cached copy not yet stale; using cached.
2023-09-13 18:11:47 DEBUG cache:45 – "spark/partials/standard-content.ftl"("en_IN", UTF-8, parsed) cached copy not yet stale; using cached.
2023-09-13 18:11:47 DEBUG cache:45 – Couldn't find template in cache for "spark/partials/exception.ftl"("en_IN", UTF-8, parsed); will try to load it.
2023-09-13 18:11:47 DEBUG cache:45 – TemplateLoader.findTemplateSource("spark/partials/exception_en_IN.ftl"): Not found
2023-09-13 18:11:47 DEBUG cache:45 – TemplateLoader.findTemplateSource("spark/partials/exception_en.ftl"): Not found
2023-09-13 18:11:47 DEBUG cache:45 – TemplateLoader.findTemplateSource("spark/partials/exception.ftl"): Found
2023-09-13 18:11:47 DEBUG cache:45 – Loading template for "spark/partials/exception.ftl"("en_IN", UTF-8, parsed) from "jar:file:/C:/Users/asingh73/.m2/repository/com/aventstack/extentreports/5.0.9/extentreports-5.0.9.jar!/com/aventstack/extentreports/templates/spark/partials/exception.ftl"
2023-09-13 18:11:47 DEBUG cache:45 – Couldn't find template in cache for "spark/partials/category.ftl"("en_IN", UTF-8, parsed); will try to load it.
2023-09-13 18:11:47 DEBUG cache:45 – TemplateLoader.findTemplateSource("spark/partials/category_en_IN.ftl"): Not found
2023-09-13 18:11:47 DEBUG cache:45 – TemplateLoader.findTemplateSource("spark/partials/category_en.ftl"): Not found
2023-09-13 18:11:47 DEBUG cache:45 – TemplateLoader.findTemplateSource("spark/partials/category.ftl"): Found
2023-09-13 18:11:47 DEBUG cache:45 – Loading template for "spark/partials/category.ftl"("en_IN", UTF-8, parsed) from "jar:file:/C:/Users/asingh73/.m2/repository/com/aventstack/extentreports/5.0.9/extentreports-5.0.9.jar!/com/aventstack/extentreports/templates/spark/partials/category.ftl"
2023-09-13 18:11:47 DEBUG cache:45 – Couldn't find template in cache for "spark/partials/device.ftl"("en_IN", UTF-8, parsed); will try to load it.
2023-09-13 18:11:47 DEBUG cache:45 – TemplateLoader.findTemplateSource("spark/partials/device_en_IN.ftl"): Not found
2023-09-13 18:11:47 DEBUG cache:45 – TemplateLoader.findTemplateSource("spark/partials/device_en.ftl"): Not found
2023-09-13 18:11:47 DEBUG cache:45 – TemplateLoader.findTemplateSource("spark/partials/device.ftl"): Found
2023-09-13 18:11:47 DEBUG cache:45 – Loading template for "spark/partials/device.ftl"("en_IN", UTF-8, parsed) from "jar:file:/C:/Users/asingh73/.m2/repository/com/aventstack/extentreports/5.0.9/extentreports-5.0.9.jar!/com/aventstack/extentreports/templates/spark/partials/device.ftl"
2023-09-13 18:11:47 DEBUG cache:45 – Couldn't find template in cache for "spark/partials/author.ftl"("en_IN", UTF-8, parsed); will try to load it.
2023-09-13 18:11:47 DEBUG cache:45 – TemplateLoader.findTemplateSource("spark/partials/author_en_IN.ftl"): Not found
2023-09-13 18:11:47 DEBUG cache:45 – TemplateLoader.findTemplateSource("spark/partials/author_en.ftl"): Not found
2023-09-13 18:11:47 DEBUG cache:45 – TemplateLoader.findTemplateSource("spark/partials/author.ftl"): Found
2023-09-13 18:11:47 DEBUG cache:45 – Loading template for "spark/partials/author.ftl"("en_IN", UTF-8, parsed) from "jar:file:/C:/Users/asingh73/.m2/repository/com/aventstack/extentreports/5.0.9/extentreports-5.0.9.jar!/com/aventstack/extentreports/templates/spark/partials/author.ftl"
2023-09-13 18:11:47 DEBUG cache:45 – Couldn't find template in cache for "spark/partials/log.ftl"("en_IN", UTF-8, parsed); will try to load it.
2023-09-13 18:11:47 DEBUG cache:45 – TemplateLoader.findTemplateSource("spark/partials/log_en_IN.ftl"): Not found
2023-09-13 18:11:47 DEBUG cache:45 – TemplateLoader.findTemplateSource("spark/partials/log_en.ftl"): Not found
2023-09-13 18:11:47 DEBUG cache:45 – TemplateLoader.findTemplateSource("spark/partials/log.ftl"): Found
2023-09-13 18:11:47 DEBUG cache:45 – Loading template for "spark/partials/log.ftl"("en_IN", UTF-8, parsed) from "jar:file:/C:/Users/asingh73/.m2/repository/com/aventstack/extentreports/5.0.9/extentreports-5.0.9.jar!/com/aventstack/extentreports/templates/spark/partials/log.ftl"
2023-09-13 18:11:47 DEBUG cache:45 – Couldn't find template in cache for "spark/partials/dashboard.ftl"("en_IN", UTF-8, parsed); will try to load it.
2023-09-13 18:11:47 DEBUG cache:45 – TemplateLoader.findTemplateSource("spark/partials/dashboard_en_IN.ftl"): Not found
2023-09-13 18:11:47 DEBUG cache:45 – TemplateLoader.findTemplateSource("spark/partials/dashboard_en.ftl"): Not found
2023-09-13 18:11:47 DEBUG cache:45 – TemplateLoader.findTemplateSource("spark/partials/dashboard.ftl"): Found
2023-09-13 18:11:47 DEBUG cache:45 – Loading template for "spark/partials/dashboard.ftl"("en_IN", UTF-8, parsed) from "jar:file:/C:/Users/asingh73/.m2/repository/com/aventstack/extentreports/5.0.9/extentreports-5.0.9.jar!/com/aventstack/extentreports/templates/spark/partials/dashboard.ftl"
2023-09-13 18:11:47 DEBUG cache:45 – Couldn't find template in cache for "spark/partials/scripts.ftl"("en_IN", UTF-8, parsed); will try to load it.
2023-09-13 18:11:47 DEBUG cache:45 – TemplateLoader.findTemplateSource("spark/partials/scripts_en_IN.ftl"): Not found
2023-09-13 18:11:47 DEBUG cache:45 – TemplateLoader.findTemplateSource("spark/partials/scripts_en.ftl"): Not found
2023-09-13 18:11:47 DEBUG cache:45 – TemplateLoader.findTemplateSource("spark/partials/scripts.ftl"): Found
2023-09-13 18:11:47 DEBUG cache:45 – Loading template for "spark/partials/scripts.ftl"("en_IN", UTF-8, parsed) from "jar:file:/C:/Users/asingh73/.m2/repository/com/aventstack/extentreports/5.0.9/extentreports-5.0.9.jar!/com/aventstack/extentreports/templates/spark/partials/scripts.ftl"
2023-09-13 18:11:47 DEBUG cache:45 – Couldn't find template in cache for "commons/commons-inject-js.ftl"("en_IN", UTF-8, parsed); will try to load it.
2023-09-13 18:11:47 DEBUG cache:45 – TemplateLoader.findTemplateSource("commons/commons-inject-js_en_IN.ftl"): Not found
2023-09-13 18:11:47 DEBUG cache:45 – TemplateLoader.findTemplateSource("commons/commons-inject-js_en.ftl"): Not found
2023-09-13 18:11:47 DEBUG cache:45 – TemplateLoader.findTemplateSource("commons/commons-inject-js.ftl"): Found
2023-09-13 18:11:47 DEBUG cache:45 – Loading template for "commons/commons-inject-js.ftl"("en_IN", UTF-8, parsed) from "jar:file:/C:/Users/asingh73/.m2/repository/com/aventstack/extentreports/5.0.9/extentreports-5.0.9.jar!/com/aventstack/extentreports/templates/commons/commons-inject-js.ftl"
2023-09-13 18:13:41 INFO  Demo:20 – User name provided
2023-09-13 18:13:41 INFO  Demo:22 – Password name provided
2023-09-13 18:13:46 INFO  Demo:20 – User name provided
2023-09-13 18:13:46 INFO  Demo:22 – Password name provided
2023-09-13 18:13:51 INFO  Demo:20 – User name provided
2023-09-13 18:13:52 INFO  Demo:22 – Password name provided
2023-09-13 18:13:56 INFO  Demo:38 – Login Passed
2023-09-13 18:14:00 DEBUG cache:45 – Couldn't find template in cache for "spark/spark.spa.ftl"("en_IN", UTF-8, parsed); will try to load it.
2023-09-13 18:14:00 DEBUG cache:45 – TemplateLoader.findTemplateSource("spark/spark.spa_en_IN.ftl"): Not found
2023-09-13 18:14:00 DEBUG cache:45 – TemplateLoader.findTemplateSource("spark/spark.spa_en.ftl"): Not found
2023-09-13 18:14:00 DEBUG cache:45 – TemplateLoader.findTemplateSource("spark/spark.spa.ftl"): Found
2023-09-13 18:14:00 DEBUG cache:45 – Loading template for "spark/spark.spa.ftl"("en_IN", UTF-8, parsed) from "jar:file:/C:/Users/asingh73/.m2/repository/com/aventstack/extentreports/5.0.9/extentreports-5.0.9.jar!/com/aventstack/extentreports/templates/spark/spark.spa.ftl"
2023-09-13 18:14:00 DEBUG cache:45 – Couldn't find template in cache for "commons/commons-variables.ftl"("en_IN", UTF-8, parsed); will try to load it.
2023-09-13 18:14:00 DEBUG cache:45 – TemplateLoader.findTemplateSource("commons/commons-variables_en_IN.ftl"): Not found
2023-09-13 18:14:00 DEBUG cache:45 – TemplateLoader.findTemplateSource("commons/commons-variables_en.ftl"): Not found
2023-09-13 18:14:00 DEBUG cache:45 – TemplateLoader.findTemplateSource("commons/commons-variables.ftl"): Found
2023-09-13 18:14:00 DEBUG cache:45 – Loading template for "commons/commons-variables.ftl"("en_IN", UTF-8, parsed) from "jar:file:/C:/Users/asingh73/.m2/repository/com/aventstack/extentreports/5.0.9/extentreports-5.0.9.jar!/com/aventstack/extentreports/templates/commons/commons-variables.ftl"
2023-09-13 18:14:00 DEBUG cache:45 – Couldn't find template in cache for "commons/commons-macros.ftl"("en_IN", UTF-8, parsed); will try to load it.
2023-09-13 18:14:00 DEBUG cache:45 – TemplateLoader.findTemplateSource("commons/commons-macros_en_IN.ftl"): Not found
2023-09-13 18:14:00 DEBUG cache:45 – TemplateLoader.findTemplateSource("commons/commons-macros_en.ftl"): Not found
2023-09-13 18:14:00 DEBUG cache:45 – TemplateLoader.findTemplateSource("commons/commons-macros.ftl"): Found
2023-09-13 18:14:00 DEBUG cache:45 – Loading template for "commons/commons-macros.ftl"("en_IN", UTF-8, parsed) from "jar:file:/C:/Users/asingh73/.m2/repository/com/aventstack/extentreports/5.0.9/extentreports-5.0.9.jar!/com/aventstack/extentreports/templates/commons/commons-macros.ftl"
2023-09-13 18:14:00 DEBUG cache:45 – Couldn't find template in cache for "spark/macros/attributes.ftl"("en_IN", UTF-8, parsed); will try to load it.
2023-09-13 18:14:00 DEBUG cache:45 – TemplateLoader.findTemplateSource("spark/macros/attributes_en_IN.ftl"): Not found
2023-09-13 18:14:00 DEBUG cache:45 – TemplateLoader.findTemplateSource("spark/macros/attributes_en.ftl"): Not found
2023-09-13 18:14:00 DEBUG cache:45 – TemplateLoader.findTemplateSource("spark/macros/attributes.ftl"): Found
2023-09-13 18:14:00 DEBUG cache:45 – Loading template for "spark/macros/attributes.ftl"("en_IN", UTF-8, parsed) from "jar:file:/C:/Users/asingh73/.m2/repository/com/aventstack/extentreports/5.0.9/extentreports-5.0.9.jar!/com/aventstack/extentreports/templates/spark/macros/attributes.ftl"
2023-09-13 18:14:00 DEBUG cache:45 – Couldn't find template in cache for "spark/macros/log.ftl"("en_IN", UTF-8, parsed); will try to load it.
2023-09-13 18:14:00 DEBUG cache:45 – TemplateLoader.findTemplateSource("spark/macros/log_en_IN.ftl"): Not found
2023-09-13 18:14:00 DEBUG cache:45 – TemplateLoader.findTemplateSource("spark/macros/log_en.ftl"): Not found
2023-09-13 18:14:00 DEBUG cache:45 – TemplateLoader.findTemplateSource("spark/macros/log.ftl"): Found
2023-09-13 18:14:00 DEBUG cache:45 – Loading template for "spark/macros/log.ftl"("en_IN", UTF-8, parsed) from "jar:file:/C:/Users/asingh73/.m2/repository/com/aventstack/extentreports/5.0.9/extentreports-5.0.9.jar!/com/aventstack/extentreports/templates/spark/macros/log.ftl"
2023-09-13 18:14:00 DEBUG cache:45 – Couldn't find template in cache for "spark/macros/recurse_nodes.ftl"("en_IN", UTF-8, parsed); will try to load it.
2023-09-13 18:14:00 DEBUG cache:45 – TemplateLoader.findTemplateSource("spark/macros/recurse_nodes_en_IN.ftl"): Not found
2023-09-13 18:14:00 DEBUG cache:45 – TemplateLoader.findTemplateSource("spark/macros/recurse_nodes_en.ftl"): Not found
2023-09-13 18:14:00 DEBUG cache:45 – TemplateLoader.findTemplateSource("spark/macros/recurse_nodes.ftl"): Found
2023-09-13 18:14:00 DEBUG cache:45 – Loading template for "spark/macros/recurse_nodes.ftl"("en_IN", UTF-8, parsed) from "jar:file:/C:/Users/asingh73/.m2/repository/com/aventstack/extentreports/5.0.9/extentreports-5.0.9.jar!/com/aventstack/extentreports/templates/spark/macros/recurse_nodes.ftl"
2023-09-13 18:14:00 DEBUG cache:45 – "spark/macros/log.ftl"("en_IN", UTF-8, parsed) cached copy not yet stale; using cached.
2023-09-13 18:14:00 DEBUG cache:45 – Couldn't find template in cache for "spark/macros/attr-common.ftl"("en_IN", UTF-8, parsed); will try to load it.
2023-09-13 18:14:00 DEBUG cache:45 – TemplateLoader.findTemplateSource("spark/macros/attr-common_en_IN.ftl"): Not found
2023-09-13 18:14:00 DEBUG cache:45 – TemplateLoader.findTemplateSource("spark/macros/attr-common_en.ftl"): Not found
2023-09-13 18:14:00 DEBUG cache:45 – TemplateLoader.findTemplateSource("spark/macros/attr-common.ftl"): Found
2023-09-13 18:14:00 DEBUG cache:45 – Loading template for "spark/macros/attr-common.ftl"("en_IN", UTF-8, parsed) from "jar:file:/C:/Users/asingh73/.m2/repository/com/aventstack/extentreports/5.0.9/extentreports-5.0.9.jar!/com/aventstack/extentreports/templates/spark/macros/attr-common.ftl"
2023-09-13 18:14:00 DEBUG cache:45 – Couldn't find template in cache for "spark/partials/head.ftl"("en_IN", UTF-8, parsed); will try to load it.
2023-09-13 18:14:00 DEBUG cache:45 – TemplateLoader.findTemplateSource("spark/partials/head_en_IN.ftl"): Not found
2023-09-13 18:14:00 DEBUG cache:45 – TemplateLoader.findTemplateSource("spark/partials/head_en.ftl"): Not found
2023-09-13 18:14:00 DEBUG cache:45 – TemplateLoader.findTemplateSource("spark/partials/head.ftl"): Found
2023-09-13 18:14:00 DEBUG cache:45 – Loading template for "spark/partials/head.ftl"("en_IN", UTF-8, parsed) from "jar:file:/C:/Users/asingh73/.m2/repository/com/aventstack/extentreports/5.0.9/extentreports-5.0.9.jar!/com/aventstack/extentreports/templates/spark/partials/head.ftl"
2023-09-13 18:14:00 DEBUG cache:45 – Couldn't find template in cache for "commons/commons-inject-css.ftl"("en_IN", UTF-8, parsed); will try to load it.
2023-09-13 18:14:00 DEBUG cache:45 – TemplateLoader.findTemplateSource("commons/commons-inject-css_en_IN.ftl"): Not found
2023-09-13 18:14:00 DEBUG cache:45 – TemplateLoader.findTemplateSource("commons/commons-inject-css_en.ftl"): Not found
2023-09-13 18:14:00 DEBUG cache:45 – TemplateLoader.findTemplateSource("commons/commons-inject-css.ftl"): Found
2023-09-13 18:14:00 DEBUG cache:45 – Loading template for "commons/commons-inject-css.ftl"("en_IN", UTF-8, parsed) from "jar:file:/C:/Users/asingh73/.m2/repository/com/aventstack/extentreports/5.0.9/extentreports-5.0.9.jar!/com/aventstack/extentreports/templates/commons/commons-inject-css.ftl"
2023-09-13 18:14:00 DEBUG cache:45 – Couldn't find template in cache for "spark/partials/navbar.ftl"("en_IN", UTF-8, parsed); will try to load it.
2023-09-13 18:14:00 DEBUG cache:45 – TemplateLoader.findTemplateSource("spark/partials/navbar_en_IN.ftl"): Not found
2023-09-13 18:14:00 DEBUG cache:45 – TemplateLoader.findTemplateSource("spark/partials/navbar_en.ftl"): Not found
2023-09-13 18:14:00 DEBUG cache:45 – TemplateLoader.findTemplateSource("spark/partials/navbar.ftl"): Found
2023-09-13 18:14:00 DEBUG cache:45 – Loading template for "spark/partials/navbar.ftl"("en_IN", UTF-8, parsed) from "jar:file:/C:/Users/asingh73/.m2/repository/com/aventstack/extentreports/5.0.9/extentreports-5.0.9.jar!/com/aventstack/extentreports/templates/spark/partials/navbar.ftl"
2023-09-13 18:14:00 DEBUG cache:45 – Couldn't find template in cache for "spark/partials/sidenav.ftl"("en_IN", UTF-8, parsed); will try to load it.
2023-09-13 18:14:00 DEBUG cache:45 – TemplateLoader.findTemplateSource("spark/partials/sidenav_en_IN.ftl"): Not found
2023-09-13 18:14:00 DEBUG cache:45 – TemplateLoader.findTemplateSource("spark/partials/sidenav_en.ftl"): Not found
2023-09-13 18:14:00 DEBUG cache:45 – TemplateLoader.findTemplateSource("spark/partials/sidenav.ftl"): Found
2023-09-13 18:14:00 DEBUG cache:45 – Loading template for "spark/partials/sidenav.ftl"("en_IN", UTF-8, parsed) from "jar:file:/C:/Users/asingh73/.m2/repository/com/aventstack/extentreports/5.0.9/extentreports-5.0.9.jar!/com/aventstack/extentreports/templates/spark/partials/sidenav.ftl"
2023-09-13 18:14:00 DEBUG cache:45 – Couldn't find template in cache for "spark/partials/test.ftl"("en_IN", UTF-8, parsed); will try to load it.
2023-09-13 18:14:00 DEBUG cache:45 – TemplateLoader.findTemplateSource("spark/partials/test_en_IN.ftl"): Not found
2023-09-13 18:14:00 DEBUG cache:45 – TemplateLoader.findTemplateSource("spark/partials/test_en.ftl"): Not found
2023-09-13 18:14:00 DEBUG cache:45 – TemplateLoader.findTemplateSource("spark/partials/test.ftl"): Found
2023-09-13 18:14:00 DEBUG cache:45 – Loading template for "spark/partials/test.ftl"("en_IN", UTF-8, parsed) from "jar:file:/C:/Users/asingh73/.m2/repository/com/aventstack/extentreports/5.0.9/extentreports-5.0.9.jar!/com/aventstack/extentreports/templates/spark/partials/test.ftl"
2023-09-13 18:14:00 DEBUG cache:45 – Couldn't find template in cache for "spark/partials/standard-content.ftl"("en_IN", UTF-8, parsed); will try to load it.
2023-09-13 18:14:00 DEBUG cache:45 – TemplateLoader.findTemplateSource("spark/partials/standard-content_en_IN.ftl"): Not found
2023-09-13 18:14:00 DEBUG cache:45 – TemplateLoader.findTemplateSource("spark/partials/standard-content_en.ftl"): Not found
2023-09-13 18:14:00 DEBUG cache:45 – TemplateLoader.findTemplateSource("spark/partials/standard-content.ftl"): Found
2023-09-13 18:14:00 DEBUG cache:45 – Loading template for "spark/partials/standard-content.ftl"("en_IN", UTF-8, parsed) from "jar:file:/C:/Users/asingh73/.m2/repository/com/aventstack/extentreports/5.0.9/extentreports-5.0.9.jar!/com/aventstack/extentreports/templates/spark/partials/standard-content.ftl"
2023-09-13 18:14:00 DEBUG cache:45 – "spark/partials/standard-content.ftl"("en_IN", UTF-8, parsed) cached copy not yet stale; using cached.
2023-09-13 18:14:00 DEBUG cache:45 – "spark/partials/standard-content.ftl"("en_IN", UTF-8, parsed) cached copy not yet stale; using cached.
2023-09-13 18:14:00 DEBUG cache:45 – Couldn't find template in cache for "spark/partials/exception.ftl"("en_IN", UTF-8, parsed); will try to load it.
2023-09-13 18:14:00 DEBUG cache:45 – TemplateLoader.findTemplateSource("spark/partials/exception_en_IN.ftl"): Not found
2023-09-13 18:14:00 DEBUG cache:45 – TemplateLoader.findTemplateSource("spark/partials/exception_en.ftl"): Not found
2023-09-13 18:14:00 DEBUG cache:45 – TemplateLoader.findTemplateSource("spark/partials/exception.ftl"): Found
2023-09-13 18:14:00 DEBUG cache:45 – Loading template for "spark/partials/exception.ftl"("en_IN", UTF-8, parsed) from "jar:file:/C:/Users/asingh73/.m2/repository/com/aventstack/extentreports/5.0.9/extentreports-5.0.9.jar!/com/aventstack/extentreports/templates/spark/partials/exception.ftl"
2023-09-13 18:14:00 DEBUG cache:45 – Couldn't find template in cache for "spark/partials/category.ftl"("en_IN", UTF-8, parsed); will try to load it.
2023-09-13 18:14:00 DEBUG cache:45 – TemplateLoader.findTemplateSource("spark/partials/category_en_IN.ftl"): Not found
2023-09-13 18:14:00 DEBUG cache:45 – TemplateLoader.findTemplateSource("spark/partials/category_en.ftl"): Not found
2023-09-13 18:14:00 DEBUG cache:45 – TemplateLoader.findTemplateSource("spark/partials/category.ftl"): Found
2023-09-13 18:14:00 DEBUG cache:45 – Loading template for "spark/partials/category.ftl"("en_IN", UTF-8, parsed) from "jar:file:/C:/Users/asingh73/.m2/repository/com/aventstack/extentreports/5.0.9/extentreports-5.0.9.jar!/com/aventstack/extentreports/templates/spark/partials/category.ftl"
2023-09-13 18:14:00 DEBUG cache:45 – Couldn't find template in cache for "spark/partials/device.ftl"("en_IN", UTF-8, parsed); will try to load it.
2023-09-13 18:14:00 DEBUG cache:45 – TemplateLoader.findTemplateSource("spark/partials/device_en_IN.ftl"): Not found
2023-09-13 18:14:00 DEBUG cache:45 – TemplateLoader.findTemplateSource("spark/partials/device_en.ftl"): Not found
2023-09-13 18:14:00 DEBUG cache:45 – TemplateLoader.findTemplateSource("spark/partials/device.ftl"): Found
2023-09-13 18:14:00 DEBUG cache:45 – Loading template for "spark/partials/device.ftl"("en_IN", UTF-8, parsed) from "jar:file:/C:/Users/asingh73/.m2/repository/com/aventstack/extentreports/5.0.9/extentreports-5.0.9.jar!/com/aventstack/extentreports/templates/spark/partials/device.ftl"
2023-09-13 18:14:00 DEBUG cache:45 – Couldn't find template in cache for "spark/partials/author.ftl"("en_IN", UTF-8, parsed); will try to load it.
2023-09-13 18:14:00 DEBUG cache:45 – TemplateLoader.findTemplateSource("spark/partials/author_en_IN.ftl"): Not found
2023-09-13 18:14:00 DEBUG cache:45 – TemplateLoader.findTemplateSource("spark/partials/author_en.ftl"): Not found
2023-09-13 18:14:00 DEBUG cache:45 – TemplateLoader.findTemplateSource("spark/partials/author.ftl"): Found
2023-09-13 18:14:00 DEBUG cache:45 – Loading template for "spark/partials/author.ftl"("en_IN", UTF-8, parsed) from "jar:file:/C:/Users/asingh73/.m2/repository/com/aventstack/extentreports/5.0.9/extentreports-5.0.9.jar!/com/aventstack/extentreports/templates/spark/partials/author.ftl"
2023-09-13 18:14:00 DEBUG cache:45 – Couldn't find template in cache for "spark/partials/log.ftl"("en_IN", UTF-8, parsed); will try to load it.
2023-09-13 18:14:00 DEBUG cache:45 – TemplateLoader.findTemplateSource("spark/partials/log_en_IN.ftl"): Not found
2023-09-13 18:14:00 DEBUG cache:45 – TemplateLoader.findTemplateSource("spark/partials/log_en.ftl"): Not found
2023-09-13 18:14:00 DEBUG cache:45 – TemplateLoader.findTemplateSource("spark/partials/log.ftl"): Found
2023-09-13 18:14:00 DEBUG cache:45 – Loading template for "spark/partials/log.ftl"("en_IN", UTF-8, parsed) from "jar:file:/C:/Users/asingh73/.m2/repository/com/aventstack/extentreports/5.0.9/extentreports-5.0.9.jar!/com/aventstack/extentreports/templates/spark/partials/log.ftl"
2023-09-13 18:14:00 DEBUG cache:45 – Couldn't find template in cache for "spark/partials/dashboard.ftl"("en_IN", UTF-8, parsed); will try to load it.
2023-09-13 18:14:00 DEBUG cache:45 – TemplateLoader.findTemplateSource("spark/partials/dashboard_en_IN.ftl"): Not found
2023-09-13 18:14:00 DEBUG cache:45 – TemplateLoader.findTemplateSource("spark/partials/dashboard_en.ftl"): Not found
2023-09-13 18:14:00 DEBUG cache:45 – TemplateLoader.findTemplateSource("spark/partials/dashboard.ftl"): Found
2023-09-13 18:14:00 DEBUG cache:45 – Loading template for "spark/partials/dashboard.ftl"("en_IN", UTF-8, parsed) from "jar:file:/C:/Users/asingh73/.m2/repository/com/aventstack/extentreports/5.0.9/extentreports-5.0.9.jar!/com/aventstack/extentreports/templates/spark/partials/dashboard.ftl"
2023-09-13 18:14:00 DEBUG cache:45 – Couldn't find template in cache for "spark/partials/scripts.ftl"("en_IN", UTF-8, parsed); will try to load it.
2023-09-13 18:14:00 DEBUG cache:45 – TemplateLoader.findTemplateSource("spark/partials/scripts_en_IN.ftl"): Not found
2023-09-13 18:14:00 DEBUG cache:45 – TemplateLoader.findTemplateSource("spark/partials/scripts_en.ftl"): Not found
2023-09-13 18:14:00 DEBUG cache:45 – TemplateLoader.findTemplateSource("spark/partials/scripts.ftl"): Found
2023-09-13 18:14:00 DEBUG cache:45 – Loading template for "spark/partials/scripts.ftl"("en_IN", UTF-8, parsed) from "jar:file:/C:/Users/asingh73/.m2/repository/com/aventstack/extentreports/5.0.9/extentreports-5.0.9.jar!/com/aventstack/extentreports/templates/spark/partials/scripts.ftl"
2023-09-13 18:14:00 DEBUG cache:45 – Couldn't find template in cache for "commons/commons-inject-js.ftl"("en_IN", UTF-8, parsed); will try to load it.
2023-09-13 18:14:00 DEBUG cache:45 – TemplateLoader.findTemplateSource("commons/commons-inject-js_en_IN.ftl"): Not found
2023-09-13 18:14:00 DEBUG cache:45 – TemplateLoader.findTemplateSource("commons/commons-inject-js_en.ftl"): Not found
2023-09-13 18:14:00 DEBUG cache:45 – TemplateLoader.findTemplateSource("commons/commons-inject-js.ftl"): Found
2023-09-13 18:14:00 DEBUG cache:45 – Loading template for "commons/commons-inject-js.ftl"("en_IN", UTF-8, parsed) from "jar:file:/C:/Users/asingh73/.m2/repository/com/aventstack/extentreports/5.0.9/extentreports-5.0.9.jar!/com/aventstack/extentreports/templates/commons/commons-inject-js.ftl"
2023-09-13 18:16:05 INFO  Demo:16 – Url is Openened
2023-09-13 18:16:05 INFO  Demo:23 – UserName Passed
2023-09-13 18:16:05 INFO  Demo:27 – Password Passed
2023-09-13 18:16:06 INFO  Demo:33 – Test Passed
2023-09-13 18:18:16 INFO  Demo:16 – Url is Openened
2023-09-13 18:18:16 INFO  Demo:23 – UserName Passed
2023-09-13 18:18:16 INFO  Demo:27 – Password Passed
2023-09-13 18:18:17 INFO  Demo:33 – Test Passed
2023-09-13 18:19:55 INFO  Demo:20 – User name provided
2023-09-13 18:19:55 INFO  Demo:22 – Password name provided
2023-09-13 18:19:59 INFO  Demo:20 – User name provided
2023-09-13 18:19:59 INFO  Demo:22 – Password name provided
2023-09-13 18:20:04 INFO  Demo:20 – User name provided
2023-09-13 18:20:04 INFO  Demo:22 – Password name provided
2023-09-13 18:20:09 INFO  Demo:38 – Login Passed
2023-09-13 18:20:13 DEBUG cache:45 – Couldn't find template in cache for "spark/spark.spa.ftl"("en_IN", UTF-8, parsed); will try to load it.
2023-09-13 18:20:13 DEBUG cache:45 – TemplateLoader.findTemplateSource("spark/spark.spa_en_IN.ftl"): Not found
2023-09-13 18:20:13 DEBUG cache:45 – TemplateLoader.findTemplateSource("spark/spark.spa_en.ftl"): Not found
2023-09-13 18:20:13 DEBUG cache:45 – TemplateLoader.findTemplateSource("spark/spark.spa.ftl"): Found
2023-09-13 18:20:13 DEBUG cache:45 – Loading template for "spark/spark.spa.ftl"("en_IN", UTF-8, parsed) from "jar:file:/C:/Users/asingh73/.m2/repository/com/aventstack/extentreports/5.0.9/extentreports-5.0.9.jar!/com/aventstack/extentreports/templates/spark/spark.spa.ftl"
2023-09-13 18:20:13 DEBUG cache:45 – Couldn't find template in cache for "commons/commons-variables.ftl"("en_IN", UTF-8, parsed); will try to load it.
2023-09-13 18:20:13 DEBUG cache:45 – TemplateLoader.findTemplateSource("commons/commons-variables_en_IN.ftl"): Not found
2023-09-13 18:20:13 DEBUG cache:45 – TemplateLoader.findTemplateSource("commons/commons-variables_en.ftl"): Not found
2023-09-13 18:20:13 DEBUG cache:45 – TemplateLoader.findTemplateSource("commons/commons-variables.ftl"): Found
2023-09-13 18:20:13 DEBUG cache:45 – Loading template for "commons/commons-variables.ftl"("en_IN", UTF-8, parsed) from "jar:file:/C:/Users/asingh73/.m2/repository/com/aventstack/extentreports/5.0.9/extentreports-5.0.9.jar!/com/aventstack/extentreports/templates/commons/commons-variables.ftl"
2023-09-13 18:20:13 DEBUG cache:45 – Couldn't find template in cache for "commons/commons-macros.ftl"("en_IN", UTF-8, parsed); will try to load it.
2023-09-13 18:20:13 DEBUG cache:45 – TemplateLoader.findTemplateSource("commons/commons-macros_en_IN.ftl"): Not found
2023-09-13 18:20:13 DEBUG cache:45 – TemplateLoader.findTemplateSource("commons/commons-macros_en.ftl"): Not found
2023-09-13 18:20:13 DEBUG cache:45 – TemplateLoader.findTemplateSource("commons/commons-macros.ftl"): Found
2023-09-13 18:20:13 DEBUG cache:45 – Loading template for "commons/commons-macros.ftl"("en_IN", UTF-8, parsed) from "jar:file:/C:/Users/asingh73/.m2/repository/com/aventstack/extentreports/5.0.9/extentreports-5.0.9.jar!/com/aventstack/extentreports/templates/commons/commons-macros.ftl"
2023-09-13 18:20:13 DEBUG cache:45 – Couldn't find template in cache for "spark/macros/attributes.ftl"("en_IN", UTF-8, parsed); will try to load it.
2023-09-13 18:20:13 DEBUG cache:45 – TemplateLoader.findTemplateSource("spark/macros/attributes_en_IN.ftl"): Not found
2023-09-13 18:20:13 DEBUG cache:45 – TemplateLoader.findTemplateSource("spark/macros/attributes_en.ftl"): Not found
2023-09-13 18:20:13 DEBUG cache:45 – TemplateLoader.findTemplateSource("spark/macros/attributes.ftl"): Found
2023-09-13 18:20:13 DEBUG cache:45 – Loading template for "spark/macros/attributes.ftl"("en_IN", UTF-8, parsed) from "jar:file:/C:/Users/asingh73/.m2/repository/com/aventstack/extentreports/5.0.9/extentreports-5.0.9.jar!/com/aventstack/extentreports/templates/spark/macros/attributes.ftl"
2023-09-13 18:20:13 DEBUG cache:45 – Couldn't find template in cache for "spark/macros/log.ftl"("en_IN", UTF-8, parsed); will try to load it.
2023-09-13 18:20:13 DEBUG cache:45 – TemplateLoader.findTemplateSource("spark/macros/log_en_IN.ftl"): Not found
2023-09-13 18:20:13 DEBUG cache:45 – TemplateLoader.findTemplateSource("spark/macros/log_en.ftl"): Not found
2023-09-13 18:20:13 DEBUG cache:45 – TemplateLoader.findTemplateSource("spark/macros/log.ftl"): Found
2023-09-13 18:20:13 DEBUG cache:45 – Loading template for "spark/macros/log.ftl"("en_IN", UTF-8, parsed) from "jar:file:/C:/Users/asingh73/.m2/repository/com/aventstack/extentreports/5.0.9/extentreports-5.0.9.jar!/com/aventstack/extentreports/templates/spark/macros/log.ftl"
2023-09-13 18:20:13 DEBUG cache:45 – Couldn't find template in cache for "spark/macros/recurse_nodes.ftl"("en_IN", UTF-8, parsed); will try to load it.
2023-09-13 18:20:13 DEBUG cache:45 – TemplateLoader.findTemplateSource("spark/macros/recurse_nodes_en_IN.ftl"): Not found
2023-09-13 18:20:13 DEBUG cache:45 – TemplateLoader.findTemplateSource("spark/macros/recurse_nodes_en.ftl"): Not found
2023-09-13 18:20:13 DEBUG cache:45 – TemplateLoader.findTemplateSource("spark/macros/recurse_nodes.ftl"): Found
2023-09-13 18:20:13 DEBUG cache:45 – Loading template for "spark/macros/recurse_nodes.ftl"("en_IN", UTF-8, parsed) from "jar:file:/C:/Users/asingh73/.m2/repository/com/aventstack/extentreports/5.0.9/extentreports-5.0.9.jar!/com/aventstack/extentreports/templates/spark/macros/recurse_nodes.ftl"
2023-09-13 18:20:13 DEBUG cache:45 – "spark/macros/log.ftl"("en_IN", UTF-8, parsed) cached copy not yet stale; using cached.
2023-09-13 18:20:13 DEBUG cache:45 – Couldn't find template in cache for "spark/macros/attr-common.ftl"("en_IN", UTF-8, parsed); will try to load it.
2023-09-13 18:20:13 DEBUG cache:45 – TemplateLoader.findTemplateSource("spark/macros/attr-common_en_IN.ftl"): Not found
2023-09-13 18:20:13 DEBUG cache:45 – TemplateLoader.findTemplateSource("spark/macros/attr-common_en.ftl"): Not found
2023-09-13 18:20:13 DEBUG cache:45 – TemplateLoader.findTemplateSource("spark/macros/attr-common.ftl"): Found
2023-09-13 18:20:13 DEBUG cache:45 – Loading template for "spark/macros/attr-common.ftl"("en_IN", UTF-8, parsed) from "jar:file:/C:/Users/asingh73/.m2/repository/com/aventstack/extentreports/5.0.9/extentreports-5.0.9.jar!/com/aventstack/extentreports/templates/spark/macros/attr-common.ftl"
2023-09-13 18:20:13 DEBUG cache:45 – Couldn't find template in cache for "spark/partials/head.ftl"("en_IN", UTF-8, parsed); will try to load it.
2023-09-13 18:20:13 DEBUG cache:45 – TemplateLoader.findTemplateSource("spark/partials/head_en_IN.ftl"): Not found
2023-09-13 18:20:13 DEBUG cache:45 – TemplateLoader.findTemplateSource("spark/partials/head_en.ftl"): Not found
2023-09-13 18:20:13 DEBUG cache:45 – TemplateLoader.findTemplateSource("spark/partials/head.ftl"): Found
2023-09-13 18:20:13 DEBUG cache:45 – Loading template for "spark/partials/head.ftl"("en_IN", UTF-8, parsed) from "jar:file:/C:/Users/asingh73/.m2/repository/com/aventstack/extentreports/5.0.9/extentreports-5.0.9.jar!/com/aventstack/extentreports/templates/spark/partials/head.ftl"
2023-09-13 18:20:13 DEBUG cache:45 – Couldn't find template in cache for "commons/commons-inject-css.ftl"("en_IN", UTF-8, parsed); will try to load it.
2023-09-13 18:20:13 DEBUG cache:45 – TemplateLoader.findTemplateSource("commons/commons-inject-css_en_IN.ftl"): Not found
2023-09-13 18:20:13 DEBUG cache:45 – TemplateLoader.findTemplateSource("commons/commons-inject-css_en.ftl"): Not found
2023-09-13 18:20:13 DEBUG cache:45 – TemplateLoader.findTemplateSource("commons/commons-inject-css.ftl"): Found
2023-09-13 18:20:13 DEBUG cache:45 – Loading template for "commons/commons-inject-css.ftl"("en_IN", UTF-8, parsed) from "jar:file:/C:/Users/asingh73/.m2/repository/com/aventstack/extentreports/5.0.9/extentreports-5.0.9.jar!/com/aventstack/extentreports/templates/commons/commons-inject-css.ftl"
2023-09-13 18:20:13 DEBUG cache:45 – Couldn't find template in cache for "spark/partials/navbar.ftl"("en_IN", UTF-8, parsed); will try to load it.
2023-09-13 18:20:13 DEBUG cache:45 – TemplateLoader.findTemplateSource("spark/partials/navbar_en_IN.ftl"): Not found
2023-09-13 18:20:13 DEBUG cache:45 – TemplateLoader.findTemplateSource("spark/partials/navbar_en.ftl"): Not found
2023-09-13 18:20:13 DEBUG cache:45 – TemplateLoader.findTemplateSource("spark/partials/navbar.ftl"): Found
2023-09-13 18:20:13 DEBUG cache:45 – Loading template for "spark/partials/navbar.ftl"("en_IN", UTF-8, parsed) from "jar:file:/C:/Users/asingh73/.m2/repository/com/aventstack/extentreports/5.0.9/extentreports-5.0.9.jar!/com/aventstack/extentreports/templates/spark/partials/navbar.ftl"
2023-09-13 18:20:13 DEBUG cache:45 – Couldn't find template in cache for "spark/partials/sidenav.ftl"("en_IN", UTF-8, parsed); will try to load it.
2023-09-13 18:20:13 DEBUG cache:45 – TemplateLoader.findTemplateSource("spark/partials/sidenav_en_IN.ftl"): Not found
2023-09-13 18:20:13 DEBUG cache:45 – TemplateLoader.findTemplateSource("spark/partials/sidenav_en.ftl"): Not found
2023-09-13 18:20:13 DEBUG cache:45 – TemplateLoader.findTemplateSource("spark/partials/sidenav.ftl"): Found
2023-09-13 18:20:13 DEBUG cache:45 – Loading template for "spark/partials/sidenav.ftl"("en_IN", UTF-8, parsed) from "jar:file:/C:/Users/asingh73/.m2/repository/com/aventstack/extentreports/5.0.9/extentreports-5.0.9.jar!/com/aventstack/extentreports/templates/spark/partials/sidenav.ftl"
2023-09-13 18:20:13 DEBUG cache:45 – Couldn't find template in cache for "spark/partials/test.ftl"("en_IN", UTF-8, parsed); will try to load it.
2023-09-13 18:20:13 DEBUG cache:45 – TemplateLoader.findTemplateSource("spark/partials/test_en_IN.ftl"): Not found
2023-09-13 18:20:13 DEBUG cache:45 – TemplateLoader.findTemplateSource("spark/partials/test_en.ftl"): Not found
2023-09-13 18:20:13 DEBUG cache:45 – TemplateLoader.findTemplateSource("spark/partials/test.ftl"): Found
2023-09-13 18:20:13 DEBUG cache:45 – Loading template for "spark/partials/test.ftl"("en_IN", UTF-8, parsed) from "jar:file:/C:/Users/asingh73/.m2/repository/com/aventstack/extentreports/5.0.9/extentreports-5.0.9.jar!/com/aventstack/extentreports/templates/spark/partials/test.ftl"
2023-09-13 18:20:13 DEBUG cache:45 – Couldn't find template in cache for "spark/partials/standard-content.ftl"("en_IN", UTF-8, parsed); will try to load it.
2023-09-13 18:20:13 DEBUG cache:45 – TemplateLoader.findTemplateSource("spark/partials/standard-content_en_IN.ftl"): Not found
2023-09-13 18:20:13 DEBUG cache:45 – TemplateLoader.findTemplateSource("spark/partials/standard-content_en.ftl"): Not found
2023-09-13 18:20:13 DEBUG cache:45 – TemplateLoader.findTemplateSource("spark/partials/standard-content.ftl"): Found
2023-09-13 18:20:13 DEBUG cache:45 – Loading template for "spark/partials/standard-content.ftl"("en_IN", UTF-8, parsed) from "jar:file:/C:/Users/asingh73/.m2/repository/com/aventstack/extentreports/5.0.9/extentreports-5.0.9.jar!/com/aventstack/extentreports/templates/spark/partials/standard-content.ftl"
2023-09-13 18:20:13 DEBUG cache:45 – "spark/partials/standard-content.ftl"("en_IN", UTF-8, parsed) cached copy not yet stale; using cached.
2023-09-13 18:20:13 DEBUG cache:45 – "spark/partials/standard-content.ftl"("en_IN", UTF-8, parsed) cached copy not yet stale; using cached.
2023-09-13 18:20:13 DEBUG cache:45 – Couldn't find template in cache for "spark/partials/exception.ftl"("en_IN", UTF-8, parsed); will try to load it.
2023-09-13 18:20:13 DEBUG cache:45 – TemplateLoader.findTemplateSource("spark/partials/exception_en_IN.ftl"): Not found
2023-09-13 18:20:13 DEBUG cache:45 – TemplateLoader.findTemplateSource("spark/partials/exception_en.ftl"): Not found
2023-09-13 18:20:13 DEBUG cache:45 – TemplateLoader.findTemplateSource("spark/partials/exception.ftl"): Found
2023-09-13 18:20:13 DEBUG cache:45 – Loading template for "spark/partials/exception.ftl"("en_IN", UTF-8, parsed) from "jar:file:/C:/Users/asingh73/.m2/repository/com/aventstack/extentreports/5.0.9/extentreports-5.0.9.jar!/com/aventstack/extentreports/templates/spark/partials/exception.ftl"
2023-09-13 18:20:13 DEBUG cache:45 – Couldn't find template in cache for "spark/partials/category.ftl"("en_IN", UTF-8, parsed); will try to load it.
2023-09-13 18:20:13 DEBUG cache:45 – TemplateLoader.findTemplateSource("spark/partials/category_en_IN.ftl"): Not found
2023-09-13 18:20:13 DEBUG cache:45 – TemplateLoader.findTemplateSource("spark/partials/category_en.ftl"): Not found
2023-09-13 18:20:13 DEBUG cache:45 – TemplateLoader.findTemplateSource("spark/partials/category.ftl"): Found
2023-09-13 18:20:13 DEBUG cache:45 – Loading template for "spark/partials/category.ftl"("en_IN", UTF-8, parsed) from "jar:file:/C:/Users/asingh73/.m2/repository/com/aventstack/extentreports/5.0.9/extentreports-5.0.9.jar!/com/aventstack/extentreports/templates/spark/partials/category.ftl"
2023-09-13 18:20:13 DEBUG cache:45 – Couldn't find template in cache for "spark/partials/device.ftl"("en_IN", UTF-8, parsed); will try to load it.
2023-09-13 18:20:13 DEBUG cache:45 – TemplateLoader.findTemplateSource("spark/partials/device_en_IN.ftl"): Not found
2023-09-13 18:20:13 DEBUG cache:45 – TemplateLoader.findTemplateSource("spark/partials/device_en.ftl"): Not found
2023-09-13 18:20:13 DEBUG cache:45 – TemplateLoader.findTemplateSource("spark/partials/device.ftl"): Found
2023-09-13 18:20:13 DEBUG cache:45 – Loading template for "spark/partials/device.ftl"("en_IN", UTF-8, parsed) from "jar:file:/C:/Users/asingh73/.m2/repository/com/aventstack/extentreports/5.0.9/extentreports-5.0.9.jar!/com/aventstack/extentreports/templates/spark/partials/device.ftl"
2023-09-13 18:20:13 DEBUG cache:45 – Couldn't find template in cache for "spark/partials/author.ftl"("en_IN", UTF-8, parsed); will try to load it.
2023-09-13 18:20:13 DEBUG cache:45 – TemplateLoader.findTemplateSource("spark/partials/author_en_IN.ftl"): Not found
2023-09-13 18:20:13 DEBUG cache:45 – TemplateLoader.findTemplateSource("spark/partials/author_en.ftl"): Not found
2023-09-13 18:20:13 DEBUG cache:45 – TemplateLoader.findTemplateSource("spark/partials/author.ftl"): Found
2023-09-13 18:20:13 DEBUG cache:45 – Loading template for "spark/partials/author.ftl"("en_IN", UTF-8, parsed) from "jar:file:/C:/Users/asingh73/.m2/repository/com/aventstack/extentreports/5.0.9/extentreports-5.0.9.jar!/com/aventstack/extentreports/templates/spark/partials/author.ftl"
2023-09-13 18:20:13 DEBUG cache:45 – Couldn't find template in cache for "spark/partials/log.ftl"("en_IN", UTF-8, parsed); will try to load it.
2023-09-13 18:20:13 DEBUG cache:45 – TemplateLoader.findTemplateSource("spark/partials/log_en_IN.ftl"): Not found
2023-09-13 18:20:13 DEBUG cache:45 – TemplateLoader.findTemplateSource("spark/partials/log_en.ftl"): Not found
2023-09-13 18:20:13 DEBUG cache:45 – TemplateLoader.findTemplateSource("spark/partials/log.ftl"): Found
2023-09-13 18:20:13 DEBUG cache:45 – Loading template for "spark/partials/log.ftl"("en_IN", UTF-8, parsed) from "jar:file:/C:/Users/asingh73/.m2/repository/com/aventstack/extentreports/5.0.9/extentreports-5.0.9.jar!/com/aventstack/extentreports/templates/spark/partials/log.ftl"
2023-09-13 18:20:13 DEBUG cache:45 – Couldn't find template in cache for "spark/partials/dashboard.ftl"("en_IN", UTF-8, parsed); will try to load it.
2023-09-13 18:20:13 DEBUG cache:45 – TemplateLoader.findTemplateSource("spark/partials/dashboard_en_IN.ftl"): Not found
2023-09-13 18:20:13 DEBUG cache:45 – TemplateLoader.findTemplateSource("spark/partials/dashboard_en.ftl"): Not found
2023-09-13 18:20:13 DEBUG cache:45 – TemplateLoader.findTemplateSource("spark/partials/dashboard.ftl"): Found
2023-09-13 18:20:13 DEBUG cache:45 – Loading template for "spark/partials/dashboard.ftl"("en_IN", UTF-8, parsed) from "jar:file:/C:/Users/asingh73/.m2/repository/com/aventstack/extentreports/5.0.9/extentreports-5.0.9.jar!/com/aventstack/extentreports/templates/spark/partials/dashboard.ftl"
2023-09-13 18:20:13 DEBUG cache:45 – Couldn't find template in cache for "spark/partials/scripts.ftl"("en_IN", UTF-8, parsed); will try to load it.
2023-09-13 18:20:13 DEBUG cache:45 – TemplateLoader.findTemplateSource("spark/partials/scripts_en_IN.ftl"): Not found
2023-09-13 18:20:13 DEBUG cache:45 – TemplateLoader.findTemplateSource("spark/partials/scripts_en.ftl"): Not found
2023-09-13 18:20:13 DEBUG cache:45 – TemplateLoader.findTemplateSource("spark/partials/scripts.ftl"): Found
2023-09-13 18:20:13 DEBUG cache:45 – Loading template for "spark/partials/scripts.ftl"("en_IN", UTF-8, parsed) from "jar:file:/C:/Users/asingh73/.m2/repository/com/aventstack/extentreports/5.0.9/extentreports-5.0.9.jar!/com/aventstack/extentreports/templates/spark/partials/scripts.ftl"
2023-09-13 18:20:13 DEBUG cache:45 – Couldn't find template in cache for "commons/commons-inject-js.ftl"("en_IN", UTF-8, parsed); will try to load it.
2023-09-13 18:20:13 DEBUG cache:45 – TemplateLoader.findTemplateSource("commons/commons-inject-js_en_IN.ftl"): Not found
2023-09-13 18:20:13 DEBUG cache:45 – TemplateLoader.findTemplateSource("commons/commons-inject-js_en.ftl"): Not found
2023-09-13 18:20:13 DEBUG cache:45 – TemplateLoader.findTemplateSource("commons/commons-inject-js.ftl"): Found
2023-09-13 18:20:13 DEBUG cache:45 – Loading template for "commons/commons-inject-js.ftl"("en_IN", UTF-8, parsed) from "jar:file:/C:/Users/asingh73/.m2/repository/com/aventstack/extentreports/5.0.9/extentreports-5.0.9.jar!/com/aventstack/extentreports/templates/commons/commons-inject-js.ftl"
2023-09-13 18:22:03 INFO  Demo:20 – User name provided
2023-09-13 18:22:03 INFO  Demo:22 – Password name provided
2023-09-13 18:22:08 INFO  Demo:20 – User name provided
2023-09-13 18:22:08 INFO  Demo:22 – Password name provided
2023-09-13 18:22:13 INFO  Demo:20 – User name provided
2023-09-13 18:22:13 INFO  Demo:22 – Password name provided
2023-09-13 18:22:17 INFO  Demo:39 – Login Passed
2023-09-13 18:22:21 DEBUG cache:45 – Couldn't find template in cache for "spark/spark.spa.ftl"("en_IN", UTF-8, parsed); will try to load it.
2023-09-13 18:22:21 DEBUG cache:45 – TemplateLoader.findTemplateSource("spark/spark.spa_en_IN.ftl"): Not found
2023-09-13 18:22:21 DEBUG cache:45 – TemplateLoader.findTemplateSource("spark/spark.spa_en.ftl"): Not found
2023-09-13 18:22:21 DEBUG cache:45 – TemplateLoader.findTemplateSource("spark/spark.spa.ftl"): Found
2023-09-13 18:22:21 DEBUG cache:45 – Loading template for "spark/spark.spa.ftl"("en_IN", UTF-8, parsed) from "jar:file:/C:/Users/asingh73/.m2/repository/com/aventstack/extentreports/5.0.9/extentreports-5.0.9.jar!/com/aventstack/extentreports/templates/spark/spark.spa.ftl"
2023-09-13 18:22:21 DEBUG cache:45 – Couldn't find template in cache for "commons/commons-variables.ftl"("en_IN", UTF-8, parsed); will try to load it.
2023-09-13 18:22:21 DEBUG cache:45 – TemplateLoader.findTemplateSource("commons/commons-variables_en_IN.ftl"): Not found
2023-09-13 18:22:21 DEBUG cache:45 – TemplateLoader.findTemplateSource("commons/commons-variables_en.ftl"): Not found
2023-09-13 18:22:21 DEBUG cache:45 – TemplateLoader.findTemplateSource("commons/commons-variables.ftl"): Found
2023-09-13 18:22:21 DEBUG cache:45 – Loading template for "commons/commons-variables.ftl"("en_IN", UTF-8, parsed) from "jar:file:/C:/Users/asingh73/.m2/repository/com/aventstack/extentreports/5.0.9/extentreports-5.0.9.jar!/com/aventstack/extentreports/templates/commons/commons-variables.ftl"
2023-09-13 18:22:21 DEBUG cache:45 – Couldn't find template in cache for "commons/commons-macros.ftl"("en_IN", UTF-8, parsed); will try to load it.
2023-09-13 18:22:21 DEBUG cache:45 – TemplateLoader.findTemplateSource("commons/commons-macros_en_IN.ftl"): Not found
2023-09-13 18:22:21 DEBUG cache:45 – TemplateLoader.findTemplateSource("commons/commons-macros_en.ftl"): Not found
2023-09-13 18:22:21 DEBUG cache:45 – TemplateLoader.findTemplateSource("commons/commons-macros.ftl"): Found
2023-09-13 18:22:21 DEBUG cache:45 – Loading template for "commons/commons-macros.ftl"("en_IN", UTF-8, parsed) from "jar:file:/C:/Users/asingh73/.m2/repository/com/aventstack/extentreports/5.0.9/extentreports-5.0.9.jar!/com/aventstack/extentreports/templates/commons/commons-macros.ftl"
2023-09-13 18:22:22 DEBUG cache:45 – Couldn't find template in cache for "spark/macros/attributes.ftl"("en_IN", UTF-8, parsed); will try to load it.
2023-09-13 18:22:22 DEBUG cache:45 – TemplateLoader.findTemplateSource("spark/macros/attributes_en_IN.ftl"): Not found
2023-09-13 18:22:22 DEBUG cache:45 – TemplateLoader.findTemplateSource("spark/macros/attributes_en.ftl"): Not found
2023-09-13 18:22:22 DEBUG cache:45 – TemplateLoader.findTemplateSource("spark/macros/attributes.ftl"): Found
2023-09-13 18:22:22 DEBUG cache:45 – Loading template for "spark/macros/attributes.ftl"("en_IN", UTF-8, parsed) from "jar:file:/C:/Users/asingh73/.m2/repository/com/aventstack/extentreports/5.0.9/extentreports-5.0.9.jar!/com/aventstack/extentreports/templates/spark/macros/attributes.ftl"
2023-09-13 18:22:22 DEBUG cache:45 – Couldn't find template in cache for "spark/macros/log.ftl"("en_IN", UTF-8, parsed); will try to load it.
2023-09-13 18:22:22 DEBUG cache:45 – TemplateLoader.findTemplateSource("spark/macros/log_en_IN.ftl"): Not found
2023-09-13 18:22:22 DEBUG cache:45 – TemplateLoader.findTemplateSource("spark/macros/log_en.ftl"): Not found
2023-09-13 18:22:22 DEBUG cache:45 – TemplateLoader.findTemplateSource("spark/macros/log.ftl"): Found
2023-09-13 18:22:22 DEBUG cache:45 – Loading template for "spark/macros/log.ftl"("en_IN", UTF-8, parsed) from "jar:file:/C:/Users/asingh73/.m2/repository/com/aventstack/extentreports/5.0.9/extentreports-5.0.9.jar!/com/aventstack/extentreports/templates/spark/macros/log.ftl"
2023-09-13 18:22:22 DEBUG cache:45 – Couldn't find template in cache for "spark/macros/recurse_nodes.ftl"("en_IN", UTF-8, parsed); will try to load it.
2023-09-13 18:22:22 DEBUG cache:45 – TemplateLoader.findTemplateSource("spark/macros/recurse_nodes_en_IN.ftl"): Not found
2023-09-13 18:22:22 DEBUG cache:45 – TemplateLoader.findTemplateSource("spark/macros/recurse_nodes_en.ftl"): Not found
2023-09-13 18:22:22 DEBUG cache:45 – TemplateLoader.findTemplateSource("spark/macros/recurse_nodes.ftl"): Found
2023-09-13 18:22:22 DEBUG cache:45 – Loading template for "spark/macros/recurse_nodes.ftl"("en_IN", UTF-8, parsed) from "jar:file:/C:/Users/asingh73/.m2/repository/com/aventstack/extentreports/5.0.9/extentreports-5.0.9.jar!/com/aventstack/extentreports/templates/spark/macros/recurse_nodes.ftl"
2023-09-13 18:22:22 DEBUG cache:45 – "spark/macros/log.ftl"("en_IN", UTF-8, parsed) cached copy not yet stale; using cached.
2023-09-13 18:22:22 DEBUG cache:45 – Couldn't find template in cache for "spark/macros/attr-common.ftl"("en_IN", UTF-8, parsed); will try to load it.
2023-09-13 18:22:22 DEBUG cache:45 – TemplateLoader.findTemplateSource("spark/macros/attr-common_en_IN.ftl"): Not found
2023-09-13 18:22:22 DEBUG cache:45 – TemplateLoader.findTemplateSource("spark/macros/attr-common_en.ftl"): Not found
2023-09-13 18:22:22 DEBUG cache:45 – TemplateLoader.findTemplateSource("spark/macros/attr-common.ftl"): Found
2023-09-13 18:22:22 DEBUG cache:45 – Loading template for "spark/macros/attr-common.ftl"("en_IN", UTF-8, parsed) from "jar:file:/C:/Users/asingh73/.m2/repository/com/aventstack/extentreports/5.0.9/extentreports-5.0.9.jar!/com/aventstack/extentreports/templates/spark/macros/attr-common.ftl"
2023-09-13 18:22:22 DEBUG cache:45 – Couldn't find template in cache for "spark/partials/head.ftl"("en_IN", UTF-8, parsed); will try to load it.
2023-09-13 18:22:22 DEBUG cache:45 – TemplateLoader.findTemplateSource("spark/partials/head_en_IN.ftl"): Not found
2023-09-13 18:22:22 DEBUG cache:45 – TemplateLoader.findTemplateSource("spark/partials/head_en.ftl"): Not found
2023-09-13 18:22:22 DEBUG cache:45 – TemplateLoader.findTemplateSource("spark/partials/head.ftl"): Found
2023-09-13 18:22:22 DEBUG cache:45 – Loading template for "spark/partials/head.ftl"("en_IN", UTF-8, parsed) from "jar:file:/C:/Users/asingh73/.m2/repository/com/aventstack/extentreports/5.0.9/extentreports-5.0.9.jar!/com/aventstack/extentreports/templates/spark/partials/head.ftl"
2023-09-13 18:22:22 DEBUG cache:45 – Couldn't find template in cache for "commons/commons-inject-css.ftl"("en_IN", UTF-8, parsed); will try to load it.
2023-09-13 18:22:22 DEBUG cache:45 – TemplateLoader.findTemplateSource("commons/commons-inject-css_en_IN.ftl"): Not found
2023-09-13 18:22:22 DEBUG cache:45 – TemplateLoader.findTemplateSource("commons/commons-inject-css_en.ftl"): Not found
2023-09-13 18:22:22 DEBUG cache:45 – TemplateLoader.findTemplateSource("commons/commons-inject-css.ftl"): Found
2023-09-13 18:22:22 DEBUG cache:45 – Loading template for "commons/commons-inject-css.ftl"("en_IN", UTF-8, parsed) from "jar:file:/C:/Users/asingh73/.m2/repository/com/aventstack/extentreports/5.0.9/extentreports-5.0.9.jar!/com/aventstack/extentreports/templates/commons/commons-inject-css.ftl"
2023-09-13 18:22:22 DEBUG cache:45 – Couldn't find template in cache for "spark/partials/navbar.ftl"("en_IN", UTF-8, parsed); will try to load it.
2023-09-13 18:22:22 DEBUG cache:45 – TemplateLoader.findTemplateSource("spark/partials/navbar_en_IN.ftl"): Not found
2023-09-13 18:22:22 DEBUG cache:45 – TemplateLoader.findTemplateSource("spark/partials/navbar_en.ftl"): Not found
2023-09-13 18:22:22 DEBUG cache:45 – TemplateLoader.findTemplateSource("spark/partials/navbar.ftl"): Found
2023-09-13 18:22:22 DEBUG cache:45 – Loading template for "spark/partials/navbar.ftl"("en_IN", UTF-8, parsed) from "jar:file:/C:/Users/asingh73/.m2/repository/com/aventstack/extentreports/5.0.9/extentreports-5.0.9.jar!/com/aventstack/extentreports/templates/spark/partials/navbar.ftl"
2023-09-13 18:22:22 DEBUG cache:45 – Couldn't find template in cache for "spark/partials/sidenav.ftl"("en_IN", UTF-8, parsed); will try to load it.
2023-09-13 18:22:22 DEBUG cache:45 – TemplateLoader.findTemplateSource("spark/partials/sidenav_en_IN.ftl"): Not found
2023-09-13 18:22:22 DEBUG cache:45 – TemplateLoader.findTemplateSource("spark/partials/sidenav_en.ftl"): Not found
2023-09-13 18:22:22 DEBUG cache:45 – TemplateLoader.findTemplateSource("spark/partials/sidenav.ftl"): Found
2023-09-13 18:22:22 DEBUG cache:45 – Loading template for "spark/partials/sidenav.ftl"("en_IN", UTF-8, parsed) from "jar:file:/C:/Users/asingh73/.m2/repository/com/aventstack/extentreports/5.0.9/extentreports-5.0.9.jar!/com/aventstack/extentreports/templates/spark/partials/sidenav.ftl"
2023-09-13 18:22:22 DEBUG cache:45 – Couldn't find template in cache for "spark/partials/test.ftl"("en_IN", UTF-8, parsed); will try to load it.
2023-09-13 18:22:22 DEBUG cache:45 – TemplateLoader.findTemplateSource("spark/partials/test_en_IN.ftl"): Not found
2023-09-13 18:22:22 DEBUG cache:45 – TemplateLoader.findTemplateSource("spark/partials/test_en.ftl"): Not found
2023-09-13 18:22:22 DEBUG cache:45 – TemplateLoader.findTemplateSource("spark/partials/test.ftl"): Found
2023-09-13 18:22:22 DEBUG cache:45 – Loading template for "spark/partials/test.ftl"("en_IN", UTF-8, parsed) from "jar:file:/C:/Users/asingh73/.m2/repository/com/aventstack/extentreports/5.0.9/extentreports-5.0.9.jar!/com/aventstack/extentreports/templates/spark/partials/test.ftl"
2023-09-13 18:22:22 DEBUG cache:45 – Couldn't find template in cache for "spark/partials/standard-content.ftl"("en_IN", UTF-8, parsed); will try to load it.
2023-09-13 18:22:22 DEBUG cache:45 – TemplateLoader.findTemplateSource("spark/partials/standard-content_en_IN.ftl"): Not found
2023-09-13 18:22:22 DEBUG cache:45 – TemplateLoader.findTemplateSource("spark/partials/standard-content_en.ftl"): Not found
2023-09-13 18:22:22 DEBUG cache:45 – TemplateLoader.findTemplateSource("spark/partials/standard-content.ftl"): Found
2023-09-13 18:22:22 DEBUG cache:45 – Loading template for "spark/partials/standard-content.ftl"("en_IN", UTF-8, parsed) from "jar:file:/C:/Users/asingh73/.m2/repository/com/aventstack/extentreports/5.0.9/extentreports-5.0.9.jar!/com/aventstack/extentreports/templates/spark/partials/standard-content.ftl"
2023-09-13 18:22:22 DEBUG cache:45 – "spark/partials/standard-content.ftl"("en_IN", UTF-8, parsed) cached copy not yet stale; using cached.
2023-09-13 18:22:22 DEBUG cache:45 – "spark/partials/standard-content.ftl"("en_IN", UTF-8, parsed) cached copy not yet stale; using cached.
2023-09-13 18:22:22 DEBUG cache:45 – Couldn't find template in cache for "spark/partials/exception.ftl"("en_IN", UTF-8, parsed); will try to load it.
2023-09-13 18:22:22 DEBUG cache:45 – TemplateLoader.findTemplateSource("spark/partials/exception_en_IN.ftl"): Not found
2023-09-13 18:22:22 DEBUG cache:45 – TemplateLoader.findTemplateSource("spark/partials/exception_en.ftl"): Not found
2023-09-13 18:22:22 DEBUG cache:45 – TemplateLoader.findTemplateSource("spark/partials/exception.ftl"): Found
2023-09-13 18:22:22 DEBUG cache:45 – Loading template for "spark/partials/exception.ftl"("en_IN", UTF-8, parsed) from "jar:file:/C:/Users/asingh73/.m2/repository/com/aventstack/extentreports/5.0.9/extentreports-5.0.9.jar!/com/aventstack/extentreports/templates/spark/partials/exception.ftl"
2023-09-13 18:22:22 DEBUG cache:45 – Couldn't find template in cache for "spark/partials/category.ftl"("en_IN", UTF-8, parsed); will try to load it.
2023-09-13 18:22:22 DEBUG cache:45 – TemplateLoader.findTemplateSource("spark/partials/category_en_IN.ftl"): Not found
2023-09-13 18:22:22 DEBUG cache:45 – TemplateLoader.findTemplateSource("spark/partials/category_en.ftl"): Not found
2023-09-13 18:22:22 DEBUG cache:45 – TemplateLoader.findTemplateSource("spark/partials/category.ftl"): Found
2023-09-13 18:22:22 DEBUG cache:45 – Loading template for "spark/partials/category.ftl"("en_IN", UTF-8, parsed) from "jar:file:/C:/Users/asingh73/.m2/repository/com/aventstack/extentreports/5.0.9/extentreports-5.0.9.jar!/com/aventstack/extentreports/templates/spark/partials/category.ftl"
2023-09-13 18:22:22 DEBUG cache:45 – Couldn't find template in cache for "spark/partials/device.ftl"("en_IN", UTF-8, parsed); will try to load it.
2023-09-13 18:22:22 DEBUG cache:45 – TemplateLoader.findTemplateSource("spark/partials/device_en_IN.ftl"): Not found
2023-09-13 18:22:22 DEBUG cache:45 – TemplateLoader.findTemplateSource("spark/partials/device_en.ftl"): Not found
2023-09-13 18:22:22 DEBUG cache:45 – TemplateLoader.findTemplateSource("spark/partials/device.ftl"): Found
2023-09-13 18:22:22 DEBUG cache:45 – Loading template for "spark/partials/device.ftl"("en_IN", UTF-8, parsed) from "jar:file:/C:/Users/asingh73/.m2/repository/com/aventstack/extentreports/5.0.9/extentreports-5.0.9.jar!/com/aventstack/extentreports/templates/spark/partials/device.ftl"
2023-09-13 18:22:22 DEBUG cache:45 – Couldn't find template in cache for "spark/partials/author.ftl"("en_IN", UTF-8, parsed); will try to load it.
2023-09-13 18:22:22 DEBUG cache:45 – TemplateLoader.findTemplateSource("spark/partials/author_en_IN.ftl"): Not found
2023-09-13 18:22:22 DEBUG cache:45 – TemplateLoader.findTemplateSource("spark/partials/author_en.ftl"): Not found
2023-09-13 18:22:22 DEBUG cache:45 – TemplateLoader.findTemplateSource("spark/partials/author.ftl"): Found
2023-09-13 18:22:22 DEBUG cache:45 – Loading template for "spark/partials/author.ftl"("en_IN", UTF-8, parsed) from "jar:file:/C:/Users/asingh73/.m2/repository/com/aventstack/extentreports/5.0.9/extentreports-5.0.9.jar!/com/aventstack/extentreports/templates/spark/partials/author.ftl"
2023-09-13 18:22:22 DEBUG cache:45 – Couldn't find template in cache for "spark/partials/log.ftl"("en_IN", UTF-8, parsed); will try to load it.
2023-09-13 18:22:22 DEBUG cache:45 – TemplateLoader.findTemplateSource("spark/partials/log_en_IN.ftl"): Not found
2023-09-13 18:22:22 DEBUG cache:45 – TemplateLoader.findTemplateSource("spark/partials/log_en.ftl"): Not found
2023-09-13 18:22:22 DEBUG cache:45 – TemplateLoader.findTemplateSource("spark/partials/log.ftl"): Found
2023-09-13 18:22:22 DEBUG cache:45 – Loading template for "spark/partials/log.ftl"("en_IN", UTF-8, parsed) from "jar:file:/C:/Users/asingh73/.m2/repository/com/aventstack/extentreports/5.0.9/extentreports-5.0.9.jar!/com/aventstack/extentreports/templates/spark/partials/log.ftl"
2023-09-13 18:22:22 DEBUG cache:45 – Couldn't find template in cache for "spark/partials/dashboard.ftl"("en_IN", UTF-8, parsed); will try to load it.
2023-09-13 18:22:22 DEBUG cache:45 – TemplateLoader.findTemplateSource("spark/partials/dashboard_en_IN.ftl"): Not found
2023-09-13 18:22:22 DEBUG cache:45 – TemplateLoader.findTemplateSource("spark/partials/dashboard_en.ftl"): Not found
2023-09-13 18:22:22 DEBUG cache:45 – TemplateLoader.findTemplateSource("spark/partials/dashboard.ftl"): Found
2023-09-13 18:22:22 DEBUG cache:45 – Loading template for "spark/partials/dashboard.ftl"("en_IN", UTF-8, parsed) from "jar:file:/C:/Users/asingh73/.m2/repository/com/aventstack/extentreports/5.0.9/extentreports-5.0.9.jar!/com/aventstack/extentreports/templates/spark/partials/dashboard.ftl"
2023-09-13 18:22:22 DEBUG cache:45 – Couldn't find template in cache for "spark/partials/scripts.ftl"("en_IN", UTF-8, parsed); will try to load it.
2023-09-13 18:22:22 DEBUG cache:45 – TemplateLoader.findTemplateSource("spark/partials/scripts_en_IN.ftl"): Not found
2023-09-13 18:22:22 DEBUG cache:45 – TemplateLoader.findTemplateSource("spark/partials/scripts_en.ftl"): Not found
2023-09-13 18:22:22 DEBUG cache:45 – TemplateLoader.findTemplateSource("spark/partials/scripts.ftl"): Found
2023-09-13 18:22:22 DEBUG cache:45 – Loading template for "spark/partials/scripts.ftl"("en_IN", UTF-8, parsed) from "jar:file:/C:/Users/asingh73/.m2/repository/com/aventstack/extentreports/5.0.9/extentreports-5.0.9.jar!/com/aventstack/extentreports/templates/spark/partials/scripts.ftl"
2023-09-13 18:22:22 DEBUG cache:45 – Couldn't find template in cache for "commons/commons-inject-js.ftl"("en_IN", UTF-8, parsed); will try to load it.
2023-09-13 18:22:22 DEBUG cache:45 – TemplateLoader.findTemplateSource("commons/commons-inject-js_en_IN.ftl"): Not found
2023-09-13 18:22:22 DEBUG cache:45 – TemplateLoader.findTemplateSource("commons/commons-inject-js_en.ftl"): Not found
2023-09-13 18:22:22 DEBUG cache:45 – TemplateLoader.findTemplateSource("commons/commons-inject-js.ftl"): Found
2023-09-13 18:22:22 DEBUG cache:45 – Loading template for "commons/commons-inject-js.ftl"("en_IN", UTF-8, parsed) from "jar:file:/C:/Users/asingh73/.m2/repository/com/aventstack/extentreports/5.0.9/extentreports-5.0.9.jar!/com/aventstack/extentreports/templates/commons/commons-inject-js.ftl"
2023-10-16 17:38:00 DEBUG cache:45 – Couldn't find template in cache for "spark/spark.spa.ftl"("en_IN", UTF-8, parsed); will try to load it.
2023-10-16 17:38:00 DEBUG cache:45 – TemplateLoader.findTemplateSource("spark/spark.spa_en_IN.ftl"): Not found
2023-10-16 17:38:00 DEBUG cache:45 – TemplateLoader.findTemplateSource("spark/spark.spa_en.ftl"): Not found
2023-10-16 17:38:00 DEBUG cache:45 – TemplateLoader.findTemplateSource("spark/spark.spa.ftl"): Found
2023-10-16 17:38:00 DEBUG cache:45 – Loading template for "spark/spark.spa.ftl"("en_IN", UTF-8, parsed) from "jar:file:/Users/deveshkumarsingh/.m2/repository/com/aventstack/extentreports/5.0.9/extentreports-5.0.9.jar!/com/aventstack/extentreports/templates/spark/spark.spa.ftl"
2023-10-16 17:38:00 DEBUG cache:45 – Couldn't find template in cache for "commons/commons-variables.ftl"("en_IN", UTF-8, parsed); will try to load it.
2023-10-16 17:38:00 DEBUG cache:45 – TemplateLoader.findTemplateSource("commons/commons-variables_en_IN.ftl"): Not found
2023-10-16 17:38:00 DEBUG cache:45 – TemplateLoader.findTemplateSource("commons/commons-variables_en.ftl"): Not found
2023-10-16 17:38:00 DEBUG cache:45 – TemplateLoader.findTemplateSource("commons/commons-variables.ftl"): Found
2023-10-16 17:38:00 DEBUG cache:45 – Loading template for "commons/commons-variables.ftl"("en_IN", UTF-8, parsed) from "jar:file:/Users/deveshkumarsingh/.m2/repository/com/aventstack/extentreports/5.0.9/extentreports-5.0.9.jar!/com/aventstack/extentreports/templates/commons/commons-variables.ftl"
2023-10-16 17:38:00 DEBUG cache:45 – Couldn't find template in cache for "commons/commons-macros.ftl"("en_IN", UTF-8, parsed); will try to load it.
2023-10-16 17:38:00 DEBUG cache:45 – TemplateLoader.findTemplateSource("commons/commons-macros_en_IN.ftl"): Not found
2023-10-16 17:38:00 DEBUG cache:45 – TemplateLoader.findTemplateSource("commons/commons-macros_en.ftl"): Not found
2023-10-16 17:38:00 DEBUG cache:45 – TemplateLoader.findTemplateSource("commons/commons-macros.ftl"): Found
2023-10-16 17:38:00 DEBUG cache:45 – Loading template for "commons/commons-macros.ftl"("en_IN", UTF-8, parsed) from "jar:file:/Users/deveshkumarsingh/.m2/repository/com/aventstack/extentreports/5.0.9/extentreports-5.0.9.jar!/com/aventstack/extentreports/templates/commons/commons-macros.ftl"
2023-10-16 17:38:00 DEBUG cache:45 – Couldn't find template in cache for "spark/macros/attributes.ftl"("en_IN", UTF-8, parsed); will try to load it.
2023-10-16 17:38:00 DEBUG cache:45 – TemplateLoader.findTemplateSource("spark/macros/attributes_en_IN.ftl"): Not found
2023-10-16 17:38:00 DEBUG cache:45 – TemplateLoader.findTemplateSource("spark/macros/attributes_en.ftl"): Not found
2023-10-16 17:38:00 DEBUG cache:45 – TemplateLoader.findTemplateSource("spark/macros/attributes.ftl"): Found
2023-10-16 17:38:00 DEBUG cache:45 – Loading template for "spark/macros/attributes.ftl"("en_IN", UTF-8, parsed) from "jar:file:/Users/deveshkumarsingh/.m2/repository/com/aventstack/extentreports/5.0.9/extentreports-5.0.9.jar!/com/aventstack/extentreports/templates/spark/macros/attributes.ftl"
2023-10-16 17:38:00 DEBUG cache:45 – Couldn't find template in cache for "spark/macros/log.ftl"("en_IN", UTF-8, parsed); will try to load it.
2023-10-16 17:38:00 DEBUG cache:45 – TemplateLoader.findTemplateSource("spark/macros/log_en_IN.ftl"): Not found
2023-10-16 17:38:00 DEBUG cache:45 – TemplateLoader.findTemplateSource("spark/macros/log_en.ftl"): Not found
2023-10-16 17:38:00 DEBUG cache:45 – TemplateLoader.findTemplateSource("spark/macros/log.ftl"): Found
2023-10-16 17:38:00 DEBUG cache:45 – Loading template for "spark/macros/log.ftl"("en_IN", UTF-8, parsed) from "jar:file:/Users/deveshkumarsingh/.m2/repository/com/aventstack/extentreports/5.0.9/extentreports-5.0.9.jar!/com/aventstack/extentreports/templates/spark/macros/log.ftl"
2023-10-16 17:38:00 DEBUG cache:45 – Couldn't find template in cache for "spark/macros/recurse_nodes.ftl"("en_IN", UTF-8, parsed); will try to load it.
2023-10-16 17:38:00 DEBUG cache:45 – TemplateLoader.findTemplateSource("spark/macros/recurse_nodes_en_IN.ftl"): Not found
2023-10-16 17:38:00 DEBUG cache:45 – TemplateLoader.findTemplateSource("spark/macros/recurse_nodes_en.ftl"): Not found
2023-10-16 17:38:00 DEBUG cache:45 – TemplateLoader.findTemplateSource("spark/macros/recurse_nodes.ftl"): Found
2023-10-16 17:38:00 DEBUG cache:45 – Loading template for "spark/macros/recurse_nodes.ftl"("en_IN", UTF-8, parsed) from "jar:file:/Users/deveshkumarsingh/.m2/repository/com/aventstack/extentreports/5.0.9/extentreports-5.0.9.jar!/com/aventstack/extentreports/templates/spark/macros/recurse_nodes.ftl"
2023-10-16 17:38:00 DEBUG cache:45 – "spark/macros/log.ftl"("en_IN", UTF-8, parsed) cached copy not yet stale; using cached.
2023-10-16 17:38:00 DEBUG cache:45 – Couldn't find template in cache for "spark/macros/attr-common.ftl"("en_IN", UTF-8, parsed); will try to load it.
2023-10-16 17:38:00 DEBUG cache:45 – TemplateLoader.findTemplateSource("spark/macros/attr-common_en_IN.ftl"): Not found
2023-10-16 17:38:00 DEBUG cache:45 – TemplateLoader.findTemplateSource("spark/macros/attr-common_en.ftl"): Not found
2023-10-16 17:38:00 DEBUG cache:45 – TemplateLoader.findTemplateSource("spark/macros/attr-common.ftl"): Found
2023-10-16 17:38:00 DEBUG cache:45 – Loading template for "spark/macros/attr-common.ftl"("en_IN", UTF-8, parsed) from "jar:file:/Users/deveshkumarsingh/.m2/repository/com/aventstack/extentreports/5.0.9/extentreports-5.0.9.jar!/com/aventstack/extentreports/templates/spark/macros/attr-common.ftl"
2023-10-16 17:38:00 DEBUG cache:45 – Couldn't find template in cache for "spark/partials/head.ftl"("en_IN", UTF-8, parsed); will try to load it.
2023-10-16 17:38:00 DEBUG cache:45 – TemplateLoader.findTemplateSource("spark/partials/head_en_IN.ftl"): Not found
2023-10-16 17:38:00 DEBUG cache:45 – TemplateLoader.findTemplateSource("spark/partials/head_en.ftl"): Not found
2023-10-16 17:38:00 DEBUG cache:45 – TemplateLoader.findTemplateSource("spark/partials/head.ftl"): Found
2023-10-16 17:38:00 DEBUG cache:45 – Loading template for "spark/partials/head.ftl"("en_IN", UTF-8, parsed) from "jar:file:/Users/deveshkumarsingh/.m2/repository/com/aventstack/extentreports/5.0.9/extentreports-5.0.9.jar!/com/aventstack/extentreports/templates/spark/partials/head.ftl"
2023-10-16 17:38:00 DEBUG cache:45 – Couldn't find template in cache for "commons/commons-inject-css.ftl"("en_IN", UTF-8, parsed); will try to load it.
2023-10-16 17:38:00 DEBUG cache:45 – TemplateLoader.findTemplateSource("commons/commons-inject-css_en_IN.ftl"): Not found
2023-10-16 17:38:00 DEBUG cache:45 – TemplateLoader.findTemplateSource("commons/commons-inject-css_en.ftl"): Not found
2023-10-16 17:38:00 DEBUG cache:45 – TemplateLoader.findTemplateSource("commons/commons-inject-css.ftl"): Found
2023-10-16 17:38:00 DEBUG cache:45 – Loading template for "commons/commons-inject-css.ftl"("en_IN", UTF-8, parsed) from "jar:file:/Users/deveshkumarsingh/.m2/repository/com/aventstack/extentreports/5.0.9/extentreports-5.0.9.jar!/com/aventstack/extentreports/templates/commons/commons-inject-css.ftl"
2023-10-16 17:38:00 DEBUG cache:45 – Couldn't find template in cache for "spark/partials/navbar.ftl"("en_IN", UTF-8, parsed); will try to load it.
2023-10-16 17:38:00 DEBUG cache:45 – TemplateLoader.findTemplateSource("spark/partials/navbar_en_IN.ftl"): Not found
2023-10-16 17:38:00 DEBUG cache:45 – TemplateLoader.findTemplateSource("spark/partials/navbar_en.ftl"): Not found
2023-10-16 17:38:00 DEBUG cache:45 – TemplateLoader.findTemplateSource("spark/partials/navbar.ftl"): Found
2023-10-16 17:38:00 DEBUG cache:45 – Loading template for "spark/partials/navbar.ftl"("en_IN", UTF-8, parsed) from "jar:file:/Users/deveshkumarsingh/.m2/repository/com/aventstack/extentreports/5.0.9/extentreports-5.0.9.jar!/com/aventstack/extentreports/templates/spark/partials/navbar.ftl"
2023-10-16 17:38:00 DEBUG cache:45 – Couldn't find template in cache for "spark/partials/sidenav.ftl"("en_IN", UTF-8, parsed); will try to load it.
2023-10-16 17:38:00 DEBUG cache:45 – TemplateLoader.findTemplateSource("spark/partials/sidenav_en_IN.ftl"): Not found
2023-10-16 17:38:00 DEBUG cache:45 – TemplateLoader.findTemplateSource("spark/partials/sidenav_en.ftl"): Not found
2023-10-16 17:38:00 DEBUG cache:45 – TemplateLoader.findTemplateSource("spark/partials/sidenav.ftl"): Found
2023-10-16 17:38:00 DEBUG cache:45 – Loading template for "spark/partials/sidenav.ftl"("en_IN", UTF-8, parsed) from "jar:file:/Users/deveshkumarsingh/.m2/repository/com/aventstack/extentreports/5.0.9/extentreports-5.0.9.jar!/com/aventstack/extentreports/templates/spark/partials/sidenav.ftl"
2023-10-16 17:38:00 DEBUG cache:45 – Couldn't find template in cache for "spark/partials/test.ftl"("en_IN", UTF-8, parsed); will try to load it.
2023-10-16 17:38:00 DEBUG cache:45 – TemplateLoader.findTemplateSource("spark/partials/test_en_IN.ftl"): Not found
2023-10-16 17:38:00 DEBUG cache:45 – TemplateLoader.findTemplateSource("spark/partials/test_en.ftl"): Not found
2023-10-16 17:38:00 DEBUG cache:45 – TemplateLoader.findTemplateSource("spark/partials/test.ftl"): Found
2023-10-16 17:38:00 DEBUG cache:45 – Loading template for "spark/partials/test.ftl"("en_IN", UTF-8, parsed) from "jar:file:/Users/deveshkumarsingh/.m2/repository/com/aventstack/extentreports/5.0.9/extentreports-5.0.9.jar!/com/aventstack/extentreports/templates/spark/partials/test.ftl"
2023-10-16 17:38:00 DEBUG cache:45 – Couldn't find template in cache for "spark/partials/standard-content.ftl"("en_IN", UTF-8, parsed); will try to load it.
2023-10-16 17:38:00 DEBUG cache:45 – TemplateLoader.findTemplateSource("spark/partials/standard-content_en_IN.ftl"): Not found
2023-10-16 17:38:00 DEBUG cache:45 – TemplateLoader.findTemplateSource("spark/partials/standard-content_en.ftl"): Not found
2023-10-16 17:38:00 DEBUG cache:45 – TemplateLoader.findTemplateSource("spark/partials/standard-content.ftl"): Found
2023-10-16 17:38:00 DEBUG cache:45 – Loading template for "spark/partials/standard-content.ftl"("en_IN", UTF-8, parsed) from "jar:file:/Users/deveshkumarsingh/.m2/repository/com/aventstack/extentreports/5.0.9/extentreports-5.0.9.jar!/com/aventstack/extentreports/templates/spark/partials/standard-content.ftl"
2023-10-16 17:38:00 DEBUG cache:45 – "spark/partials/standard-content.ftl"("en_IN", UTF-8, parsed) cached copy not yet stale; using cached.
2023-10-16 17:38:00 DEBUG cache:45 – "spark/partials/standard-content.ftl"("en_IN", UTF-8, parsed) cached copy not yet stale; using cached.
2023-10-16 17:38:00 DEBUG cache:45 – Couldn't find template in cache for "spark/partials/exception.ftl"("en_IN", UTF-8, parsed); will try to load it.
2023-10-16 17:38:00 DEBUG cache:45 – TemplateLoader.findTemplateSource("spark/partials/exception_en_IN.ftl"): Not found
2023-10-16 17:38:00 DEBUG cache:45 – TemplateLoader.findTemplateSource("spark/partials/exception_en.ftl"): Not found
2023-10-16 17:38:00 DEBUG cache:45 – TemplateLoader.findTemplateSource("spark/partials/exception.ftl"): Found
2023-10-16 17:38:00 DEBUG cache:45 – Loading template for "spark/partials/exception.ftl"("en_IN", UTF-8, parsed) from "jar:file:/Users/deveshkumarsingh/.m2/repository/com/aventstack/extentreports/5.0.9/extentreports-5.0.9.jar!/com/aventstack/extentreports/templates/spark/partials/exception.ftl"
2023-10-16 17:38:00 DEBUG cache:45 – Couldn't find template in cache for "spark/partials/category.ftl"("en_IN", UTF-8, parsed); will try to load it.
2023-10-16 17:38:00 DEBUG cache:45 – TemplateLoader.findTemplateSource("spark/partials/category_en_IN.ftl"): Not found
2023-10-16 17:38:00 DEBUG cache:45 – TemplateLoader.findTemplateSource("spark/partials/category_en.ftl"): Not found
2023-10-16 17:38:00 DEBUG cache:45 – TemplateLoader.findTemplateSource("spark/partials/category.ftl"): Found
2023-10-16 17:38:00 DEBUG cache:45 – Loading template for "spark/partials/category.ftl"("en_IN", UTF-8, parsed) from "jar:file:/Users/deveshkumarsingh/.m2/repository/com/aventstack/extentreports/5.0.9/extentreports-5.0.9.jar!/com/aventstack/extentreports/templates/spark/partials/category.ftl"
2023-10-16 17:38:00 DEBUG cache:45 – Couldn't find template in cache for "spark/partials/device.ftl"("en_IN", UTF-8, parsed); will try to load it.
2023-10-16 17:38:00 DEBUG cache:45 – TemplateLoader.findTemplateSource("spark/partials/device_en_IN.ftl"): Not found
2023-10-16 17:38:00 DEBUG cache:45 – TemplateLoader.findTemplateSource("spark/partials/device_en.ftl"): Not found
2023-10-16 17:38:00 DEBUG cache:45 – TemplateLoader.findTemplateSource("spark/partials/device.ftl"): Found
2023-10-16 17:38:00 DEBUG cache:45 – Loading template for "spark/partials/device.ftl"("en_IN", UTF-8, parsed) from "jar:file:/Users/deveshkumarsingh/.m2/repository/com/aventstack/extentreports/5.0.9/extentreports-5.0.9.jar!/com/aventstack/extentreports/templates/spark/partials/device.ftl"
2023-10-16 17:38:00 DEBUG cache:45 – Couldn't find template in cache for "spark/partials/author.ftl"("en_IN", UTF-8, parsed); will try to load it.
2023-10-16 17:38:00 DEBUG cache:45 – TemplateLoader.findTemplateSource("spark/partials/author_en_IN.ftl"): Not found
2023-10-16 17:38:00 DEBUG cache:45 – TemplateLoader.findTemplateSource("spark/partials/author_en.ftl"): Not found
2023-10-16 17:38:00 DEBUG cache:45 – TemplateLoader.findTemplateSource("spark/partials/author.ftl"): Found
2023-10-16 17:38:00 DEBUG cache:45 – Loading template for "spark/partials/author.ftl"("en_IN", UTF-8, parsed) from "jar:file:/Users/deveshkumarsingh/.m2/repository/com/aventstack/extentreports/5.0.9/extentreports-5.0.9.jar!/com/aventstack/extentreports/templates/spark/partials/author.ftl"
2023-10-16 17:38:00 DEBUG cache:45 – Couldn't find template in cache for "spark/partials/log.ftl"("en_IN", UTF-8, parsed); will try to load it.
2023-10-16 17:38:00 DEBUG cache:45 – TemplateLoader.findTemplateSource("spark/partials/log_en_IN.ftl"): Not found
2023-10-16 17:38:00 DEBUG cache:45 – TemplateLoader.findTemplateSource("spark/partials/log_en.ftl"): Not found
2023-10-16 17:38:00 DEBUG cache:45 – TemplateLoader.findTemplateSource("spark/partials/log.ftl"): Found
2023-10-16 17:38:00 DEBUG cache:45 – Loading template for "spark/partials/log.ftl"("en_IN", UTF-8, parsed) from "jar:file:/Users/deveshkumarsingh/.m2/repository/com/aventstack/extentreports/5.0.9/extentreports-5.0.9.jar!/com/aventstack/extentreports/templates/spark/partials/log.ftl"
2023-10-16 17:38:00 DEBUG cache:45 – Couldn't find template in cache for "spark/partials/dashboard.ftl"("en_IN", UTF-8, parsed); will try to load it.
2023-10-16 17:38:00 DEBUG cache:45 – TemplateLoader.findTemplateSource("spark/partials/dashboard_en_IN.ftl"): Not found
2023-10-16 17:38:00 DEBUG cache:45 – TemplateLoader.findTemplateSource("spark/partials/dashboard_en.ftl"): Not found
2023-10-16 17:38:00 DEBUG cache:45 – TemplateLoader.findTemplateSource("spark/partials/dashboard.ftl"): Found
2023-10-16 17:38:00 DEBUG cache:45 – Loading template for "spark/partials/dashboard.ftl"("en_IN", UTF-8, parsed) from "jar:file:/Users/deveshkumarsingh/.m2/repository/com/aventstack/extentreports/5.0.9/extentreports-5.0.9.jar!/com/aventstack/extentreports/templates/spark/partials/dashboard.ftl"
2023-10-16 17:38:00 DEBUG cache:45 – Couldn't find template in cache for "spark/partials/scripts.ftl"("en_IN", UTF-8, parsed); will try to load it.
2023-10-16 17:38:00 DEBUG cache:45 – TemplateLoader.findTemplateSource("spark/partials/scripts_en_IN.ftl"): Not found
2023-10-16 17:38:00 DEBUG cache:45 – TemplateLoader.findTemplateSource("spark/partials/scripts_en.ftl"): Not found
2023-10-16 17:38:00 DEBUG cache:45 – TemplateLoader.findTemplateSource("spark/partials/scripts.ftl"): Found
2023-10-16 17:38:00 DEBUG cache:45 – Loading template for "spark/partials/scripts.ftl"("en_IN", UTF-8, parsed) from "jar:file:/Users/deveshkumarsingh/.m2/repository/com/aventstack/extentreports/5.0.9/extentreports-5.0.9.jar!/com/aventstack/extentreports/templates/spark/partials/scripts.ftl"
2023-10-16 17:38:00 DEBUG cache:45 – Couldn't find template in cache for "commons/commons-inject-js.ftl"("en_IN", UTF-8, parsed); will try to load it.
2023-10-16 17:38:00 DEBUG cache:45 – TemplateLoader.findTemplateSource("commons/commons-inject-js_en_IN.ftl"): Not found
2023-10-16 17:38:00 DEBUG cache:45 – TemplateLoader.findTemplateSource("commons/commons-inject-js_en.ftl"): Not found
2023-10-16 17:38:00 DEBUG cache:45 – TemplateLoader.findTemplateSource("commons/commons-inject-js.ftl"): Found
2023-10-16 17:38:00 DEBUG cache:45 – Loading template for "commons/commons-inject-js.ftl"("en_IN", UTF-8, parsed) from "jar:file:/Users/deveshkumarsingh/.m2/repository/com/aventstack/extentreports/5.0.9/extentreports-5.0.9.jar!/com/aventstack/extentreports/templates/commons/commons-inject-js.ftl"
2023-10-16 17:44:33 DEBUG cache:45 – Couldn't find template in cache for "spark/spark.spa.ftl"("en_IN", UTF-8, parsed); will try to load it.
2023-10-16 17:44:33 DEBUG cache:45 – TemplateLoader.findTemplateSource("spark/spark.spa_en_IN.ftl"): Not found
2023-10-16 17:44:33 DEBUG cache:45 – TemplateLoader.findTemplateSource("spark/spark.spa_en.ftl"): Not found
2023-10-16 17:44:33 DEBUG cache:45 – TemplateLoader.findTemplateSource("spark/spark.spa.ftl"): Found
2023-10-16 17:44:33 DEBUG cache:45 – Loading template for "spark/spark.spa.ftl"("en_IN", UTF-8, parsed) from "jar:file:/Users/deveshkumarsingh/.m2/repository/com/aventstack/extentreports/5.0.9/extentreports-5.0.9.jar!/com/aventstack/extentreports/templates/spark/spark.spa.ftl"
2023-10-16 17:44:33 DEBUG cache:45 – Couldn't find template in cache for "commons/commons-variables.ftl"("en_IN", UTF-8, parsed); will try to load it.
2023-10-16 17:44:33 DEBUG cache:45 – TemplateLoader.findTemplateSource("commons/commons-variables_en_IN.ftl"): Not found
2023-10-16 17:44:33 DEBUG cache:45 – TemplateLoader.findTemplateSource("commons/commons-variables_en.ftl"): Not found
2023-10-16 17:44:33 DEBUG cache:45 – TemplateLoader.findTemplateSource("commons/commons-variables.ftl"): Found
2023-10-16 17:44:33 DEBUG cache:45 – Loading template for "commons/commons-variables.ftl"("en_IN", UTF-8, parsed) from "jar:file:/Users/deveshkumarsingh/.m2/repository/com/aventstack/extentreports/5.0.9/extentreports-5.0.9.jar!/com/aventstack/extentreports/templates/commons/commons-variables.ftl"
2023-10-16 17:44:33 DEBUG cache:45 – Couldn't find template in cache for "commons/commons-macros.ftl"("en_IN", UTF-8, parsed); will try to load it.
2023-10-16 17:44:33 DEBUG cache:45 – TemplateLoader.findTemplateSource("commons/commons-macros_en_IN.ftl"): Not found
2023-10-16 17:44:33 DEBUG cache:45 – TemplateLoader.findTemplateSource("commons/commons-macros_en.ftl"): Not found
2023-10-16 17:44:33 DEBUG cache:45 – TemplateLoader.findTemplateSource("commons/commons-macros.ftl"): Found
2023-10-16 17:44:33 DEBUG cache:45 – Loading template for "commons/commons-macros.ftl"("en_IN", UTF-8, parsed) from "jar:file:/Users/deveshkumarsingh/.m2/repository/com/aventstack/extentreports/5.0.9/extentreports-5.0.9.jar!/com/aventstack/extentreports/templates/commons/commons-macros.ftl"
2023-10-16 17:44:33 DEBUG cache:45 – Couldn't find template in cache for "spark/macros/attributes.ftl"("en_IN", UTF-8, parsed); will try to load it.
2023-10-16 17:44:33 DEBUG cache:45 – TemplateLoader.findTemplateSource("spark/macros/attributes_en_IN.ftl"): Not found
2023-10-16 17:44:33 DEBUG cache:45 – TemplateLoader.findTemplateSource("spark/macros/attributes_en.ftl"): Not found
2023-10-16 17:44:33 DEBUG cache:45 – TemplateLoader.findTemplateSource("spark/macros/attributes.ftl"): Found
2023-10-16 17:44:33 DEBUG cache:45 – Loading template for "spark/macros/attributes.ftl"("en_IN", UTF-8, parsed) from "jar:file:/Users/deveshkumarsingh/.m2/repository/com/aventstack/extentreports/5.0.9/extentreports-5.0.9.jar!/com/aventstack/extentreports/templates/spark/macros/attributes.ftl"
2023-10-16 17:44:33 DEBUG cache:45 – Couldn't find template in cache for "spark/macros/log.ftl"("en_IN", UTF-8, parsed); will try to load it.
2023-10-16 17:44:33 DEBUG cache:45 – TemplateLoader.findTemplateSource("spark/macros/log_en_IN.ftl"): Not found
2023-10-16 17:44:33 DEBUG cache:45 – TemplateLoader.findTemplateSource("spark/macros/log_en.ftl"): Not found
2023-10-16 17:44:33 DEBUG cache:45 – TemplateLoader.findTemplateSource("spark/macros/log.ftl"): Found
2023-10-16 17:44:33 DEBUG cache:45 – Loading template for "spark/macros/log.ftl"("en_IN", UTF-8, parsed) from "jar:file:/Users/deveshkumarsingh/.m2/repository/com/aventstack/extentreports/5.0.9/extentreports-5.0.9.jar!/com/aventstack/extentreports/templates/spark/macros/log.ftl"
2023-10-16 17:44:33 DEBUG cache:45 – Couldn't find template in cache for "spark/macros/recurse_nodes.ftl"("en_IN", UTF-8, parsed); will try to load it.
2023-10-16 17:44:33 DEBUG cache:45 – TemplateLoader.findTemplateSource("spark/macros/recurse_nodes_en_IN.ftl"): Not found
2023-10-16 17:44:33 DEBUG cache:45 – TemplateLoader.findTemplateSource("spark/macros/recurse_nodes_en.ftl"): Not found
2023-10-16 17:44:33 DEBUG cache:45 – TemplateLoader.findTemplateSource("spark/macros/recurse_nodes.ftl"): Found
2023-10-16 17:44:33 DEBUG cache:45 – Loading template for "spark/macros/recurse_nodes.ftl"("en_IN", UTF-8, parsed) from "jar:file:/Users/deveshkumarsingh/.m2/repository/com/aventstack/extentreports/5.0.9/extentreports-5.0.9.jar!/com/aventstack/extentreports/templates/spark/macros/recurse_nodes.ftl"
2023-10-16 17:44:33 DEBUG cache:45 – "spark/macros/log.ftl"("en_IN", UTF-8, parsed) cached copy not yet stale; using cached.
2023-10-16 17:44:33 DEBUG cache:45 – Couldn't find template in cache for "spark/macros/attr-common.ftl"("en_IN", UTF-8, parsed); will try to load it.
2023-10-16 17:44:33 DEBUG cache:45 – TemplateLoader.findTemplateSource("spark/macros/attr-common_en_IN.ftl"): Not found
2023-10-16 17:44:33 DEBUG cache:45 – TemplateLoader.findTemplateSource("spark/macros/attr-common_en.ftl"): Not found
2023-10-16 17:44:33 DEBUG cache:45 – TemplateLoader.findTemplateSource("spark/macros/attr-common.ftl"): Found
2023-10-16 17:44:33 DEBUG cache:45 – Loading template for "spark/macros/attr-common.ftl"("en_IN", UTF-8, parsed) from "jar:file:/Users/deveshkumarsingh/.m2/repository/com/aventstack/extentreports/5.0.9/extentreports-5.0.9.jar!/com/aventstack/extentreports/templates/spark/macros/attr-common.ftl"
2023-10-16 17:44:33 DEBUG cache:45 – Couldn't find template in cache for "spark/partials/head.ftl"("en_IN", UTF-8, parsed); will try to load it.
2023-10-16 17:44:33 DEBUG cache:45 – TemplateLoader.findTemplateSource("spark/partials/head_en_IN.ftl"): Not found
2023-10-16 17:44:33 DEBUG cache:45 – TemplateLoader.findTemplateSource("spark/partials/head_en.ftl"): Not found
2023-10-16 17:44:33 DEBUG cache:45 – TemplateLoader.findTemplateSource("spark/partials/head.ftl"): Found
2023-10-16 17:44:33 DEBUG cache:45 – Loading template for "spark/partials/head.ftl"("en_IN", UTF-8, parsed) from "jar:file:/Users/deveshkumarsingh/.m2/repository/com/aventstack/extentreports/5.0.9/extentreports-5.0.9.jar!/com/aventstack/extentreports/templates/spark/partials/head.ftl"
2023-10-16 17:44:33 DEBUG cache:45 – Couldn't find template in cache for "commons/commons-inject-css.ftl"("en_IN", UTF-8, parsed); will try to load it.
2023-10-16 17:44:33 DEBUG cache:45 – TemplateLoader.findTemplateSource("commons/commons-inject-css_en_IN.ftl"): Not found
2023-10-16 17:44:33 DEBUG cache:45 – TemplateLoader.findTemplateSource("commons/commons-inject-css_en.ftl"): Not found
2023-10-16 17:44:33 DEBUG cache:45 – TemplateLoader.findTemplateSource("commons/commons-inject-css.ftl"): Found
2023-10-16 17:44:33 DEBUG cache:45 – Loading template for "commons/commons-inject-css.ftl"("en_IN", UTF-8, parsed) from "jar:file:/Users/deveshkumarsingh/.m2/repository/com/aventstack/extentreports/5.0.9/extentreports-5.0.9.jar!/com/aventstack/extentreports/templates/commons/commons-inject-css.ftl"
2023-10-16 17:44:33 DEBUG cache:45 – Couldn't find template in cache for "spark/partials/navbar.ftl"("en_IN", UTF-8, parsed); will try to load it.
2023-10-16 17:44:33 DEBUG cache:45 – TemplateLoader.findTemplateSource("spark/partials/navbar_en_IN.ftl"): Not found
2023-10-16 17:44:33 DEBUG cache:45 – TemplateLoader.findTemplateSource("spark/partials/navbar_en.ftl"): Not found
2023-10-16 17:44:33 DEBUG cache:45 – TemplateLoader.findTemplateSource("spark/partials/navbar.ftl"): Found
2023-10-16 17:44:33 DEBUG cache:45 – Loading template for "spark/partials/navbar.ftl"("en_IN", UTF-8, parsed) from "jar:file:/Users/deveshkumarsingh/.m2/repository/com/aventstack/extentreports/5.0.9/extentreports-5.0.9.jar!/com/aventstack/extentreports/templates/spark/partials/navbar.ftl"
2023-10-16 17:44:33 DEBUG cache:45 – Couldn't find template in cache for "spark/partials/sidenav.ftl"("en_IN", UTF-8, parsed); will try to load it.
2023-10-16 17:44:33 DEBUG cache:45 – TemplateLoader.findTemplateSource("spark/partials/sidenav_en_IN.ftl"): Not found
2023-10-16 17:44:33 DEBUG cache:45 – TemplateLoader.findTemplateSource("spark/partials/sidenav_en.ftl"): Not found
2023-10-16 17:44:33 DEBUG cache:45 – TemplateLoader.findTemplateSource("spark/partials/sidenav.ftl"): Found
2023-10-16 17:44:33 DEBUG cache:45 – Loading template for "spark/partials/sidenav.ftl"("en_IN", UTF-8, parsed) from "jar:file:/Users/deveshkumarsingh/.m2/repository/com/aventstack/extentreports/5.0.9/extentreports-5.0.9.jar!/com/aventstack/extentreports/templates/spark/partials/sidenav.ftl"
2023-10-16 17:44:33 DEBUG cache:45 – Couldn't find template in cache for "spark/partials/test.ftl"("en_IN", UTF-8, parsed); will try to load it.
2023-10-16 17:44:33 DEBUG cache:45 – TemplateLoader.findTemplateSource("spark/partials/test_en_IN.ftl"): Not found
2023-10-16 17:44:33 DEBUG cache:45 – TemplateLoader.findTemplateSource("spark/partials/test_en.ftl"): Not found
2023-10-16 17:44:33 DEBUG cache:45 – TemplateLoader.findTemplateSource("spark/partials/test.ftl"): Found
2023-10-16 17:44:33 DEBUG cache:45 – Loading template for "spark/partials/test.ftl"("en_IN", UTF-8, parsed) from "jar:file:/Users/deveshkumarsingh/.m2/repository/com/aventstack/extentreports/5.0.9/extentreports-5.0.9.jar!/com/aventstack/extentreports/templates/spark/partials/test.ftl"
2023-10-16 17:44:33 DEBUG cache:45 – Couldn't find template in cache for "spark/partials/standard-content.ftl"("en_IN", UTF-8, parsed); will try to load it.
2023-10-16 17:44:33 DEBUG cache:45 – TemplateLoader.findTemplateSource("spark/partials/standard-content_en_IN.ftl"): Not found
2023-10-16 17:44:33 DEBUG cache:45 – TemplateLoader.findTemplateSource("spark/partials/standard-content_en.ftl"): Not found
2023-10-16 17:44:33 DEBUG cache:45 – TemplateLoader.findTemplateSource("spark/partials/standard-content.ftl"): Found
2023-10-16 17:44:33 DEBUG cache:45 – Loading template for "spark/partials/standard-content.ftl"("en_IN", UTF-8, parsed) from "jar:file:/Users/deveshkumarsingh/.m2/repository/com/aventstack/extentreports/5.0.9/extentreports-5.0.9.jar!/com/aventstack/extentreports/templates/spark/partials/standard-content.ftl"
2023-10-16 17:44:33 DEBUG cache:45 – Couldn't find template in cache for "spark/partials/exception.ftl"("en_IN", UTF-8, parsed); will try to load it.
2023-10-16 17:44:33 DEBUG cache:45 – TemplateLoader.findTemplateSource("spark/partials/exception_en_IN.ftl"): Not found
2023-10-16 17:44:33 DEBUG cache:45 – TemplateLoader.findTemplateSource("spark/partials/exception_en.ftl"): Not found
2023-10-16 17:44:33 DEBUG cache:45 – TemplateLoader.findTemplateSource("spark/partials/exception.ftl"): Found
2023-10-16 17:44:33 DEBUG cache:45 – Loading template for "spark/partials/exception.ftl"("en_IN", UTF-8, parsed) from "jar:file:/Users/deveshkumarsingh/.m2/repository/com/aventstack/extentreports/5.0.9/extentreports-5.0.9.jar!/com/aventstack/extentreports/templates/spark/partials/exception.ftl"
2023-10-16 17:44:33 DEBUG cache:45 – Couldn't find template in cache for "spark/partials/category.ftl"("en_IN", UTF-8, parsed); will try to load it.
2023-10-16 17:44:33 DEBUG cache:45 – TemplateLoader.findTemplateSource("spark/partials/category_en_IN.ftl"): Not found
2023-10-16 17:44:33 DEBUG cache:45 – TemplateLoader.findTemplateSource("spark/partials/category_en.ftl"): Not found
2023-10-16 17:44:33 DEBUG cache:45 – TemplateLoader.findTemplateSource("spark/partials/category.ftl"): Found
2023-10-16 17:44:33 DEBUG cache:45 – Loading template for "spark/partials/category.ftl"("en_IN", UTF-8, parsed) from "jar:file:/Users/deveshkumarsingh/.m2/repository/com/aventstack/extentreports/5.0.9/extentreports-5.0.9.jar!/com/aventstack/extentreports/templates/spark/partials/category.ftl"
2023-10-16 17:44:33 DEBUG cache:45 – Couldn't find template in cache for "spark/partials/device.ftl"("en_IN", UTF-8, parsed); will try to load it.
2023-10-16 17:44:33 DEBUG cache:45 – TemplateLoader.findTemplateSource("spark/partials/device_en_IN.ftl"): Not found
2023-10-16 17:44:33 DEBUG cache:45 – TemplateLoader.findTemplateSource("spark/partials/device_en.ftl"): Not found
2023-10-16 17:44:33 DEBUG cache:45 – TemplateLoader.findTemplateSource("spark/partials/device.ftl"): Found
2023-10-16 17:44:33 DEBUG cache:45 – Loading template for "spark/partials/device.ftl"("en_IN", UTF-8, parsed) from "jar:file:/Users/deveshkumarsingh/.m2/repository/com/aventstack/extentreports/5.0.9/extentreports-5.0.9.jar!/com/aventstack/extentreports/templates/spark/partials/device.ftl"
2023-10-16 17:44:33 DEBUG cache:45 – Couldn't find template in cache for "spark/partials/author.ftl"("en_IN", UTF-8, parsed); will try to load it.
2023-10-16 17:44:33 DEBUG cache:45 – TemplateLoader.findTemplateSource("spark/partials/author_en_IN.ftl"): Not found
2023-10-16 17:44:33 DEBUG cache:45 – TemplateLoader.findTemplateSource("spark/partials/author_en.ftl"): Not found
2023-10-16 17:44:33 DEBUG cache:45 – TemplateLoader.findTemplateSource("spark/partials/author.ftl"): Found
2023-10-16 17:44:33 DEBUG cache:45 – Loading template for "spark/partials/author.ftl"("en_IN", UTF-8, parsed) from "jar:file:/Users/deveshkumarsingh/.m2/repository/com/aventstack/extentreports/5.0.9/extentreports-5.0.9.jar!/com/aventstack/extentreports/templates/spark/partials/author.ftl"
2023-10-16 17:44:33 DEBUG cache:45 – Couldn't find template in cache for "spark/partials/log.ftl"("en_IN", UTF-8, parsed); will try to load it.
2023-10-16 17:44:33 DEBUG cache:45 – TemplateLoader.findTemplateSource("spark/partials/log_en_IN.ftl"): Not found
2023-10-16 17:44:33 DEBUG cache:45 – TemplateLoader.findTemplateSource("spark/partials/log_en.ftl"): Not found
2023-10-16 17:44:33 DEBUG cache:45 – TemplateLoader.findTemplateSource("spark/partials/log.ftl"): Found
2023-10-16 17:44:33 DEBUG cache:45 – Loading template for "spark/partials/log.ftl"("en_IN", UTF-8, parsed) from "jar:file:/Users/deveshkumarsingh/.m2/repository/com/aventstack/extentreports/5.0.9/extentreports-5.0.9.jar!/com/aventstack/extentreports/templates/spark/partials/log.ftl"
2023-10-16 17:44:33 DEBUG cache:45 – Couldn't find template in cache for "spark/partials/dashboard.ftl"("en_IN", UTF-8, parsed); will try to load it.
2023-10-16 17:44:33 DEBUG cache:45 – TemplateLoader.findTemplateSource("spark/partials/dashboard_en_IN.ftl"): Not found
2023-10-16 17:44:33 DEBUG cache:45 – TemplateLoader.findTemplateSource("spark/partials/dashboard_en.ftl"): Not found
2023-10-16 17:44:33 DEBUG cache:45 – TemplateLoader.findTemplateSource("spark/partials/dashboard.ftl"): Found
2023-10-16 17:44:33 DEBUG cache:45 – Loading template for "spark/partials/dashboard.ftl"("en_IN", UTF-8, parsed) from "jar:file:/Users/deveshkumarsingh/.m2/repository/com/aventstack/extentreports/5.0.9/extentreports-5.0.9.jar!/com/aventstack/extentreports/templates/spark/partials/dashboard.ftl"
2023-10-16 17:44:33 DEBUG cache:45 – Couldn't find template in cache for "spark/partials/scripts.ftl"("en_IN", UTF-8, parsed); will try to load it.
2023-10-16 17:44:33 DEBUG cache:45 – TemplateLoader.findTemplateSource("spark/partials/scripts_en_IN.ftl"): Not found
2023-10-16 17:44:33 DEBUG cache:45 – TemplateLoader.findTemplateSource("spark/partials/scripts_en.ftl"): Not found
2023-10-16 17:44:33 DEBUG cache:45 – TemplateLoader.findTemplateSource("spark/partials/scripts.ftl"): Found
2023-10-16 17:44:33 DEBUG cache:45 – Loading template for "spark/partials/scripts.ftl"("en_IN", UTF-8, parsed) from "jar:file:/Users/deveshkumarsingh/.m2/repository/com/aventstack/extentreports/5.0.9/extentreports-5.0.9.jar!/com/aventstack/extentreports/templates/spark/partials/scripts.ftl"
2023-10-16 17:44:33 DEBUG cache:45 – Couldn't find template in cache for "commons/commons-inject-js.ftl"("en_IN", UTF-8, parsed); will try to load it.
2023-10-16 17:44:33 DEBUG cache:45 – TemplateLoader.findTemplateSource("commons/commons-inject-js_en_IN.ftl"): Not found
2023-10-16 17:44:33 DEBUG cache:45 – TemplateLoader.findTemplateSource("commons/commons-inject-js_en.ftl"): Not found
2023-10-16 17:44:33 DEBUG cache:45 – TemplateLoader.findTemplateSource("commons/commons-inject-js.ftl"): Found
2023-10-16 17:44:33 DEBUG cache:45 – Loading template for "commons/commons-inject-js.ftl"("en_IN", UTF-8, parsed) from "jar:file:/Users/deveshkumarsingh/.m2/repository/com/aventstack/extentreports/5.0.9/extentreports-5.0.9.jar!/com/aventstack/extentreports/templates/commons/commons-inject-js.ftl"
2023-10-16 17:50:46 INFO  Demo:16 – Url is Openened
2023-10-16 17:50:47 INFO  Demo:23 – UserName Passed
2023-10-16 17:50:47 INFO  Demo:27 – Password Passed
2024-01-27 16:20:48 INFO  Demo:16 – Url is Openened
2024-01-27 16:20:48 INFO  Demo:23 – UserName Passed
2024-01-27 16:20:48 INFO  Demo:27 – Password Passed
2024-06-26 22:48:55 INFO  Demo:16 – Url is Openened
2024-06-26 22:48:55 INFO  Demo:23 – UserName Passed
2024-06-26 22:48:55 INFO  Demo:27 – Password Passed
2024-06-26 22:48:56 DEBUG cache:45 – Couldn't find template in cache for "spark/spark.spa.ftl"("en_US", UTF-8, parsed); will try to load it.
2024-06-26 22:48:56 DEBUG cache:45 – TemplateLoader.findTemplateSource("spark/spark.spa_en_US.ftl"): Not found
2024-06-26 22:48:56 DEBUG cache:45 – TemplateLoader.findTemplateSource("spark/spark.spa_en.ftl"): Not found
2024-06-26 22:48:56 DEBUG cache:45 – TemplateLoader.findTemplateSource("spark/spark.spa.ftl"): Found
2024-06-26 22:48:56 DEBUG cache:45 – Loading template for "spark/spark.spa.ftl"("en_US", UTF-8, parsed) from "jar:file:/C:/Users/SnowTest/.m2/repository/com/aventstack/extentreports/5.0.9/extentreports-5.0.9.jar!/com/aventstack/extentreports/templates/spark/spark.spa.ftl"
2024-06-26 22:48:57 DEBUG cache:45 – Couldn't find template in cache for "commons/commons-variables.ftl"("en_US", UTF-8, parsed); will try to load it.
2024-06-26 22:48:57 DEBUG cache:45 – TemplateLoader.findTemplateSource("commons/commons-variables_en_US.ftl"): Not found
2024-06-26 22:48:57 DEBUG cache:45 – TemplateLoader.findTemplateSource("commons/commons-variables_en.ftl"): Not found
2024-06-26 22:48:57 DEBUG cache:45 – TemplateLoader.findTemplateSource("commons/commons-variables.ftl"): Found
2024-06-26 22:48:57 DEBUG cache:45 – Loading template for "commons/commons-variables.ftl"("en_US", UTF-8, parsed) from "jar:file:/C:/Users/SnowTest/.m2/repository/com/aventstack/extentreports/5.0.9/extentreports-5.0.9.jar!/com/aventstack/extentreports/templates/commons/commons-variables.ftl"
2024-06-26 22:48:57 DEBUG cache:45 – Couldn't find template in cache for "commons/commons-macros.ftl"("en_US", UTF-8, parsed); will try to load it.
2024-06-26 22:48:57 DEBUG cache:45 – TemplateLoader.findTemplateSource("commons/commons-macros_en_US.ftl"): Not found
2024-06-26 22:48:57 DEBUG cache:45 – TemplateLoader.findTemplateSource("commons/commons-macros_en.ftl"): Not found
2024-06-26 22:48:57 DEBUG cache:45 – TemplateLoader.findTemplateSource("commons/commons-macros.ftl"): Found
2024-06-26 22:48:57 DEBUG cache:45 – Loading template for "commons/commons-macros.ftl"("en_US", UTF-8, parsed) from "jar:file:/C:/Users/SnowTest/.m2/repository/com/aventstack/extentreports/5.0.9/extentreports-5.0.9.jar!/com/aventstack/extentreports/templates/commons/commons-macros.ftl"
2024-06-26 22:48:57 DEBUG cache:45 – Couldn't find template in cache for "spark/macros/attributes.ftl"("en_US", UTF-8, parsed); will try to load it.
2024-06-26 22:48:57 DEBUG cache:45 – TemplateLoader.findTemplateSource("spark/macros/attributes_en_US.ftl"): Not found
2024-06-26 22:48:57 DEBUG cache:45 – TemplateLoader.findTemplateSource("spark/macros/attributes_en.ftl"): Not found
2024-06-26 22:48:57 DEBUG cache:45 – TemplateLoader.findTemplateSource("spark/macros/attributes.ftl"): Found
2024-06-26 22:48:57 DEBUG cache:45 – Loading template for "spark/macros/attributes.ftl"("en_US", UTF-8, parsed) from "jar:file:/C:/Users/SnowTest/.m2/repository/com/aventstack/extentreports/5.0.9/extentreports-5.0.9.jar!/com/aventstack/extentreports/templates/spark/macros/attributes.ftl"
2024-06-26 22:48:57 DEBUG cache:45 – Couldn't find template in cache for "spark/macros/log.ftl"("en_US", UTF-8, parsed); will try to load it.
2024-06-26 22:48:57 DEBUG cache:45 – TemplateLoader.findTemplateSource("spark/macros/log_en_US.ftl"): Not found
2024-06-26 22:48:57 DEBUG cache:45 – TemplateLoader.findTemplateSource("spark/macros/log_en.ftl"): Not found
2024-06-26 22:48:57 DEBUG cache:45 – TemplateLoader.findTemplateSource("spark/macros/log.ftl"): Found
2024-06-26 22:48:57 DEBUG cache:45 – Loading template for "spark/macros/log.ftl"("en_US", UTF-8, parsed) from "jar:file:/C:/Users/SnowTest/.m2/repository/com/aventstack/extentreports/5.0.9/extentreports-5.0.9.jar!/com/aventstack/extentreports/templates/spark/macros/log.ftl"
2024-06-26 22:48:57 DEBUG cache:45 – Couldn't find template in cache for "spark/macros/recurse_nodes.ftl"("en_US", UTF-8, parsed); will try to load it.
2024-06-26 22:48:57 DEBUG cache:45 – TemplateLoader.findTemplateSource("spark/macros/recurse_nodes_en_US.ftl"): Not found
2024-06-26 22:48:57 DEBUG cache:45 – TemplateLoader.findTemplateSource("spark/macros/recurse_nodes_en.ftl"): Not found
2024-06-26 22:48:57 DEBUG cache:45 – TemplateLoader.findTemplateSource("spark/macros/recurse_nodes.ftl"): Found
2024-06-26 22:48:57 DEBUG cache:45 – Loading template for "spark/macros/recurse_nodes.ftl"("en_US", UTF-8, parsed) from "jar:file:/C:/Users/SnowTest/.m2/repository/com/aventstack/extentreports/5.0.9/extentreports-5.0.9.jar!/com/aventstack/extentreports/templates/spark/macros/recurse_nodes.ftl"
2024-06-26 22:48:57 DEBUG cache:45 – "spark/macros/log.ftl"("en_US", UTF-8, parsed) cached copy not yet stale; using cached.
2024-06-26 22:48:57 DEBUG cache:45 – Couldn't find template in cache for "spark/macros/attr-common.ftl"("en_US", UTF-8, parsed); will try to load it.
2024-06-26 22:48:57 DEBUG cache:45 – TemplateLoader.findTemplateSource("spark/macros/attr-common_en_US.ftl"): Not found
2024-06-26 22:48:57 DEBUG cache:45 – TemplateLoader.findTemplateSource("spark/macros/attr-common_en.ftl"): Not found
2024-06-26 22:48:57 DEBUG cache:45 – TemplateLoader.findTemplateSource("spark/macros/attr-common.ftl"): Found
2024-06-26 22:48:57 DEBUG cache:45 – Loading template for "spark/macros/attr-common.ftl"("en_US", UTF-8, parsed) from "jar:file:/C:/Users/SnowTest/.m2/repository/com/aventstack/extentreports/5.0.9/extentreports-5.0.9.jar!/com/aventstack/extentreports/templates/spark/macros/attr-common.ftl"
2024-06-26 22:48:57 DEBUG cache:45 – Couldn't find template in cache for "spark/partials/head.ftl"("en_US", UTF-8, parsed); will try to load it.
2024-06-26 22:48:57 DEBUG cache:45 – TemplateLoader.findTemplateSource("spark/partials/head_en_US.ftl"): Not found
2024-06-26 22:48:57 DEBUG cache:45 – TemplateLoader.findTemplateSource("spark/partials/head_en.ftl"): Not found
2024-06-26 22:48:57 DEBUG cache:45 – TemplateLoader.findTemplateSource("spark/partials/head.ftl"): Found
2024-06-26 22:48:57 DEBUG cache:45 – Loading template for "spark/partials/head.ftl"("en_US", UTF-8, parsed) from "jar:file:/C:/Users/SnowTest/.m2/repository/com/aventstack/extentreports/5.0.9/extentreports-5.0.9.jar!/com/aventstack/extentreports/templates/spark/partials/head.ftl"
2024-06-26 22:48:57 DEBUG cache:45 – Couldn't find template in cache for "commons/commons-inject-css.ftl"("en_US", UTF-8, parsed); will try to load it.
2024-06-26 22:48:57 DEBUG cache:45 – TemplateLoader.findTemplateSource("commons/commons-inject-css_en_US.ftl"): Not found
2024-06-26 22:48:57 DEBUG cache:45 – TemplateLoader.findTemplateSource("commons/commons-inject-css_en.ftl"): Not found
2024-06-26 22:48:57 DEBUG cache:45 – TemplateLoader.findTemplateSource("commons/commons-inject-css.ftl"): Found
2024-06-26 22:48:57 DEBUG cache:45 – Loading template for "commons/commons-inject-css.ftl"("en_US", UTF-8, parsed) from "jar:file:/C:/Users/SnowTest/.m2/repository/com/aventstack/extentreports/5.0.9/extentreports-5.0.9.jar!/com/aventstack/extentreports/templates/commons/commons-inject-css.ftl"
2024-06-26 22:48:57 DEBUG cache:45 – Couldn't find template in cache for "spark/partials/navbar.ftl"("en_US", UTF-8, parsed); will try to load it.
2024-06-26 22:48:57 DEBUG cache:45 – TemplateLoader.findTemplateSource("spark/partials/navbar_en_US.ftl"): Not found
2024-06-26 22:48:57 DEBUG cache:45 – TemplateLoader.findTemplateSource("spark/partials/navbar_en.ftl"): Not found
2024-06-26 22:48:57 DEBUG cache:45 – TemplateLoader.findTemplateSource("spark/partials/navbar.ftl"): Found
2024-06-26 22:48:57 DEBUG cache:45 – Loading template for "spark/partials/navbar.ftl"("en_US", UTF-8, parsed) from "jar:file:/C:/Users/SnowTest/.m2/repository/com/aventstack/extentreports/5.0.9/extentreports-5.0.9.jar!/com/aventstack/extentreports/templates/spark/partials/navbar.ftl"
2024-06-26 22:48:57 DEBUG cache:45 – Couldn't find template in cache for "spark/partials/sidenav.ftl"("en_US", UTF-8, parsed); will try to load it.
2024-06-26 22:48:57 DEBUG cache:45 – TemplateLoader.findTemplateSource("spark/partials/sidenav_en_US.ftl"): Not found
2024-06-26 22:48:57 DEBUG cache:45 – TemplateLoader.findTemplateSource("spark/partials/sidenav_en.ftl"): Not found
2024-06-26 22:48:57 DEBUG cache:45 – TemplateLoader.findTemplateSource("spark/partials/sidenav.ftl"): Found
2024-06-26 22:48:57 DEBUG cache:45 – Loading template for "spark/partials/sidenav.ftl"("en_US", UTF-8, parsed) from "jar:file:/C:/Users/SnowTest/.m2/repository/com/aventstack/extentreports/5.0.9/extentreports-5.0.9.jar!/com/aventstack/extentreports/templates/spark/partials/sidenav.ftl"
2024-06-26 22:48:57 DEBUG cache:45 – Couldn't find template in cache for "spark/partials/test.ftl"("en_US", UTF-8, parsed); will try to load it.
2024-06-26 22:48:57 DEBUG cache:45 – TemplateLoader.findTemplateSource("spark/partials/test_en_US.ftl"): Not found
2024-06-26 22:48:57 DEBUG cache:45 – TemplateLoader.findTemplateSource("spark/partials/test_en.ftl"): Not found
2024-06-26 22:48:57 DEBUG cache:45 – TemplateLoader.findTemplateSource("spark/partials/test.ftl"): Found
2024-06-26 22:48:57 DEBUG cache:45 – Loading template for "spark/partials/test.ftl"("en_US", UTF-8, parsed) from "jar:file:/C:/Users/SnowTest/.m2/repository/com/aventstack/extentreports/5.0.9/extentreports-5.0.9.jar!/com/aventstack/extentreports/templates/spark/partials/test.ftl"
2024-06-26 22:48:57 DEBUG cache:45 – Couldn't find template in cache for "spark/partials/standard-content.ftl"("en_US", UTF-8, parsed); will try to load it.
2024-06-26 22:48:57 DEBUG cache:45 – TemplateLoader.findTemplateSource("spark/partials/standard-content_en_US.ftl"): Not found
2024-06-26 22:48:57 DEBUG cache:45 – TemplateLoader.findTemplateSource("spark/partials/standard-content_en.ftl"): Not found
2024-06-26 22:48:57 DEBUG cache:45 – TemplateLoader.findTemplateSource("spark/partials/standard-content.ftl"): Found
2024-06-26 22:48:57 DEBUG cache:45 – Loading template for "spark/partials/standard-content.ftl"("en_US", UTF-8, parsed) from "jar:file:/C:/Users/SnowTest/.m2/repository/com/aventstack/extentreports/5.0.9/extentreports-5.0.9.jar!/com/aventstack/extentreports/templates/spark/partials/standard-content.ftl"
2024-06-26 22:48:57 DEBUG cache:45 – Couldn't find template in cache for "spark/partials/exception.ftl"("en_US", UTF-8, parsed); will try to load it.
2024-06-26 22:48:57 DEBUG cache:45 – TemplateLoader.findTemplateSource("spark/partials/exception_en_US.ftl"): Not found
2024-06-26 22:48:57 DEBUG cache:45 – TemplateLoader.findTemplateSource("spark/partials/exception_en.ftl"): Not found
2024-06-26 22:48:57 DEBUG cache:45 – TemplateLoader.findTemplateSource("spark/partials/exception.ftl"): Found
2024-06-26 22:48:57 DEBUG cache:45 – Loading template for "spark/partials/exception.ftl"("en_US", UTF-8, parsed) from "jar:file:/C:/Users/SnowTest/.m2/repository/com/aventstack/extentreports/5.0.9/extentreports-5.0.9.jar!/com/aventstack/extentreports/templates/spark/partials/exception.ftl"
2024-06-26 22:48:57 DEBUG cache:45 – Couldn't find template in cache for "spark/partials/category.ftl"("en_US", UTF-8, parsed); will try to load it.
2024-06-26 22:48:57 DEBUG cache:45 – TemplateLoader.findTemplateSource("spark/partials/category_en_US.ftl"): Not found
2024-06-26 22:48:57 DEBUG cache:45 – TemplateLoader.findTemplateSource("spark/partials/category_en.ftl"): Not found
2024-06-26 22:48:57 DEBUG cache:45 – TemplateLoader.findTemplateSource("spark/partials/category.ftl"): Found
2024-06-26 22:48:57 DEBUG cache:45 – Loading template for "spark/partials/category.ftl"("en_US", UTF-8, parsed) from "jar:file:/C:/Users/SnowTest/.m2/repository/com/aventstack/extentreports/5.0.9/extentreports-5.0.9.jar!/com/aventstack/extentreports/templates/spark/partials/category.ftl"
2024-06-26 22:48:57 DEBUG cache:45 – Couldn't find template in cache for "spark/partials/device.ftl"("en_US", UTF-8, parsed); will try to load it.
2024-06-26 22:48:57 DEBUG cache:45 – TemplateLoader.findTemplateSource("spark/partials/device_en_US.ftl"): Not found
2024-06-26 22:48:57 DEBUG cache:45 – TemplateLoader.findTemplateSource("spark/partials/device_en.ftl"): Not found
2024-06-26 22:48:57 DEBUG cache:45 – TemplateLoader.findTemplateSource("spark/partials/device.ftl"): Found
2024-06-26 22:48:57 DEBUG cache:45 – Loading template for "spark/partials/device.ftl"("en_US", UTF-8, parsed) from "jar:file:/C:/Users/SnowTest/.m2/repository/com/aventstack/extentreports/5.0.9/extentreports-5.0.9.jar!/com/aventstack/extentreports/templates/spark/partials/device.ftl"
2024-06-26 22:48:57 DEBUG cache:45 – Couldn't find template in cache for "spark/partials/author.ftl"("en_US", UTF-8, parsed); will try to load it.
2024-06-26 22:48:57 DEBUG cache:45 – TemplateLoader.findTemplateSource("spark/partials/author_en_US.ftl"): Not found
2024-06-26 22:48:57 DEBUG cache:45 – TemplateLoader.findTemplateSource("spark/partials/author_en.ftl"): Not found
2024-06-26 22:48:57 DEBUG cache:45 – TemplateLoader.findTemplateSource("spark/partials/author.ftl"): Found
2024-06-26 22:48:57 DEBUG cache:45 – Loading template for "spark/partials/author.ftl"("en_US", UTF-8, parsed) from "jar:file:/C:/Users/SnowTest/.m2/repository/com/aventstack/extentreports/5.0.9/extentreports-5.0.9.jar!/com/aventstack/extentreports/templates/spark/partials/author.ftl"
2024-06-26 22:48:57 DEBUG cache:45 – Couldn't find template in cache for "spark/partials/log.ftl"("en_US", UTF-8, parsed); will try to load it.
2024-06-26 22:48:57 DEBUG cache:45 – TemplateLoader.findTemplateSource("spark/partials/log_en_US.ftl"): Not found
2024-06-26 22:48:57 DEBUG cache:45 – TemplateLoader.findTemplateSource("spark/partials/log_en.ftl"): Not found
2024-06-26 22:48:57 DEBUG cache:45 – TemplateLoader.findTemplateSource("spark/partials/log.ftl"): Found
2024-06-26 22:48:57 DEBUG cache:45 – Loading template for "spark/partials/log.ftl"("en_US", UTF-8, parsed) from "jar:file:/C:/Users/SnowTest/.m2/repository/com/aventstack/extentreports/5.0.9/extentreports-5.0.9.jar!/com/aventstack/extentreports/templates/spark/partials/log.ftl"
2024-06-26 22:48:57 DEBUG cache:45 – Couldn't find template in cache for "spark/partials/dashboard.ftl"("en_US", UTF-8, parsed); will try to load it.
2024-06-26 22:48:57 DEBUG cache:45 – TemplateLoader.findTemplateSource("spark/partials/dashboard_en_US.ftl"): Not found
2024-06-26 22:48:57 DEBUG cache:45 – TemplateLoader.findTemplateSource("spark/partials/dashboard_en.ftl"): Not found
2024-06-26 22:48:57 DEBUG cache:45 – TemplateLoader.findTemplateSource("spark/partials/dashboard.ftl"): Found
2024-06-26 22:48:57 DEBUG cache:45 – Loading template for "spark/partials/dashboard.ftl"("en_US", UTF-8, parsed) from "jar:file:/C:/Users/SnowTest/.m2/repository/com/aventstack/extentreports/5.0.9/extentreports-5.0.9.jar!/com/aventstack/extentreports/templates/spark/partials/dashboard.ftl"
2024-06-26 22:48:57 DEBUG cache:45 – Couldn't find template in cache for "spark/partials/scripts.ftl"("en_US", UTF-8, parsed); will try to load it.
2024-06-26 22:48:57 DEBUG cache:45 – TemplateLoader.findTemplateSource("spark/partials/scripts_en_US.ftl"): Not found
2024-06-26 22:48:57 DEBUG cache:45 – TemplateLoader.findTemplateSource("spark/partials/scripts_en.ftl"): Not found
2024-06-26 22:48:57 DEBUG cache:45 – TemplateLoader.findTemplateSource("spark/partials/scripts.ftl"): Found
2024-06-26 22:48:57 DEBUG cache:45 – Loading template for "spark/partials/scripts.ftl"("en_US", UTF-8, parsed) from "jar:file:/C:/Users/SnowTest/.m2/repository/com/aventstack/extentreports/5.0.9/extentreports-5.0.9.jar!/com/aventstack/extentreports/templates/spark/partials/scripts.ftl"
2024-06-26 22:48:57 DEBUG cache:45 – Couldn't find template in cache for "commons/commons-inject-js.ftl"("en_US", UTF-8, parsed); will try to load it.
2024-06-26 22:48:57 DEBUG cache:45 – TemplateLoader.findTemplateSource("commons/commons-inject-js_en_US.ftl"): Not found
2024-06-26 22:48:57 DEBUG cache:45 – TemplateLoader.findTemplateSource("commons/commons-inject-js_en.ftl"): Not found
2024-06-26 22:48:57 DEBUG cache:45 – TemplateLoader.findTemplateSource("commons/commons-inject-js.ftl"): Found
2024-06-26 22:48:57 DEBUG cache:45 – Loading template for "commons/commons-inject-js.ftl"("en_US", UTF-8, parsed) from "jar:file:/C:/Users/SnowTest/.m2/repository/com/aventstack/extentreports/5.0.9/extentreports-5.0.9.jar!/com/aventstack/extentreports/templates/commons/commons-inject-js.ftl"
